Component: ARM Compiler 5.06 update 5 (build 528) Tool: armlink [4d35e2]

==============================================================================

Section Cross References

    startup_stm32f407xx.o(STACK) refers (Special) to heapauxi.o(.text) for __use_two_region_memory
    startup_stm32f407xx.o(HEAP) refers (Special) to heapauxi.o(.text) for __use_two_region_memory
    startup_stm32f407xx.o(RESET) refers (Special) to heapauxi.o(.text) for __use_two_region_memory
    startup_stm32f407xx.o(RESET) refers to startup_stm32f407xx.o(STACK) for __initial_sp
    startup_stm32f407xx.o(RESET) refers to startup_stm32f407xx.o(.text) for Reset_Handler
    startup_stm32f407xx.o(RESET) refers to stm32f4xx_it.o(i.NMI_Handler) for NMI_Handler
    startup_stm32f407xx.o(RESET) refers to stm32f4xx_it.o(i.HardFault_Handler) for HardFault_Handler
    startup_stm32f407xx.o(RESET) refers to stm32f4xx_it.o(i.MemManage_Handler) for MemManage_Handler
    startup_stm32f407xx.o(RESET) refers to stm32f4xx_it.o(i.BusFault_Handler) for BusFault_Handler
    startup_stm32f407xx.o(RESET) refers to stm32f4xx_it.o(i.UsageFault_Handler) for UsageFault_Handler
    startup_stm32f407xx.o(RESET) refers to stm32f4xx_it.o(i.SVC_Handler) for SVC_Handler
    startup_stm32f407xx.o(RESET) refers to stm32f4xx_it.o(i.DebugMon_Handler) for DebugMon_Handler
    startup_stm32f407xx.o(RESET) refers to stm32f4xx_it.o(i.PendSV_Handler) for PendSV_Handler
    startup_stm32f407xx.o(RESET) refers to stm32f4xx_it.o(i.SysTick_Handler) for SysTick_Handler
    startup_stm32f407xx.o(RESET) refers to stm32f4xx_it.o(i.DMA1_Stream1_IRQHandler) for DMA1_Stream1_IRQHandler
    startup_stm32f407xx.o(RESET) refers to stm32f4xx_it.o(i.DMA1_Stream3_IRQHandler) for DMA1_Stream3_IRQHandler
    startup_stm32f407xx.o(RESET) refers to stm32f4xx_it.o(i.CAN1_TX_IRQHandler) for CAN1_TX_IRQHandler
    startup_stm32f407xx.o(RESET) refers to stm32f4xx_it.o(i.CAN1_RX0_IRQHandler) for CAN1_RX0_IRQHandler
    startup_stm32f407xx.o(RESET) refers to stm32f4xx_it.o(i.TIM1_UP_TIM10_IRQHandler) for TIM1_UP_TIM10_IRQHandler
    startup_stm32f407xx.o(RESET) refers to stm32f4xx_it.o(i.USART3_IRQHandler) for USART3_IRQHandler
    startup_stm32f407xx.o(RESET) refers to stm32f4xx_it.o(i.CAN2_TX_IRQHandler) for CAN2_TX_IRQHandler
    startup_stm32f407xx.o(RESET) refers to stm32f4xx_it.o(i.CAN2_RX0_IRQHandler) for CAN2_RX0_IRQHandler
    startup_stm32f407xx.o(.text) refers (Special) to heapauxi.o(.text) for __use_two_region_memory
    startup_stm32f407xx.o(.text) refers to system_stm32f4xx.o(i.SystemInit) for SystemInit
    startup_stm32f407xx.o(.text) refers to __main.o(!!!main) for __main
    startup_stm32f407xx.o(.text) refers to startup_stm32f407xx.o(HEAP) for Heap_Mem
    startup_stm32f407xx.o(.text) refers to startup_stm32f407xx.o(STACK) for Stack_Mem
    main.o(i.HAL_TIM_PeriodElapsedCallback) refers to logic.o(i.target_monitor) for target_monitor
    main.o(i.HAL_TIM_PeriodElapsedCallback) refers to dmul.o(x$fpl$dmul) for __aeabi_dmul
    main.o(i.HAL_TIM_PeriodElapsedCallback) refers to ddiv.o(x$fpl$ddiv) for __aeabi_ddiv
    main.o(i.HAL_TIM_PeriodElapsedCallback) refers to dflt_clz.o(x$fpl$dflt) for __aeabi_i2d
    main.o(i.HAL_TIM_PeriodElapsedCallback) refers to dfix.o(x$fpl$dfix) for __aeabi_d2iz
    main.o(i.HAL_TIM_PeriodElapsedCallback) refers to dflt_clz.o(x$fpl$dfltu) for __aeabi_ui2d
    main.o(i.HAL_TIM_PeriodElapsedCallback) refers to pid_model.o(i.PID_MODEL_step) for PID_MODEL_step
    main.o(i.HAL_TIM_PeriodElapsedCallback) refers to bsp_can.o(i.CAN2_cmd_chassis) for CAN2_cmd_chassis
    main.o(i.HAL_TIM_PeriodElapsedCallback) refers to bsp_can.o(i.motor_state_update_can2) for motor_state_update_can2
    main.o(i.HAL_TIM_PeriodElapsedCallback) refers to tim.o(.bss) for htim10
    main.o(i.HAL_TIM_PeriodElapsedCallback) refers to main.o(.bss) for .bss
    main.o(i.HAL_TIM_PeriodElapsedCallback) refers to pid_model.o(.bss) for rtU
    main.o(i.HAL_TIM_PeriodElapsedCallback) refers to bsp_can.o(.bss) for motor_data_can2
    main.o(i.HAL_UART_ErrorCallback) refers to stm32f4xx_hal_uart.o(i.HAL_UART_Receive_DMA) for HAL_UART_Receive_DMA
    main.o(i.HAL_UART_ErrorCallback) refers to main.o(.bss) for .bss
    main.o(i.HAL_UART_ErrorCallback) refers to usart.o(.bss) for huart3
    main.o(i.HAL_UART_ErrorCallback) refers to main.o(.data) for .data
    main.o(i.HAL_UART_RxCpltCallback) refers to calculate.o(i.CAL_MESSAGE) for CAL_MESSAGE
    main.o(i.HAL_UART_RxCpltCallback) refers to stm32f4xx_hal_uart.o(i.HAL_UART_Receive_DMA) for HAL_UART_Receive_DMA
    main.o(i.HAL_UART_RxCpltCallback) refers to main.o(.bss) for .bss
    main.o(i.HAL_UART_RxCpltCallback) refers to main.o(.data) for .data
    main.o(i.HAL_UART_RxCpltCallback) refers to usart.o(.bss) for huart3
    main.o(i.SystemClock_Config) refers to rt_memclr_w.o(.text) for __aeabi_memclr4
    main.o(i.SystemClock_Config) refers to stm32f4xx_hal_rcc.o(i.HAL_RCC_OscConfig) for HAL_RCC_OscConfig
[...]
    i.HAL_CAN_Init                           0x08000ca2   Section        0  stm32f4xx_hal_can.o(i.HAL_CAN_Init)
    i.HAL_CAN_MspInit                        0x08000dbc   Section        0  can.o(i.HAL_CAN_MspInit)
    i.HAL_CAN_RxFifo0FullCallback            0x08000ed8   Section        0  stm32f4xx_hal_can.o(i.HAL_CAN_RxFifo0FullCallback)
    i.HAL_CAN_RxFifo0MsgPendingCallback      0x08000edc   Section        0  bsp_can.o(i.HAL_CAN_RxFifo0MsgPendingCallback)
    i.HAL_CAN_RxFifo1FullCallback            0x08000fa4   Section        0  stm32f4xx_hal_can.o(i.HAL_CAN_RxFifo1FullCallback)
    i.HAL_CAN_RxFifo1MsgPendingCallback      0x08000fa6   Section        0  stm32f4xx_hal_can.o(i.HAL_CAN_RxFifo1MsgPendingCallback)
    i.HAL_CAN_SleepCallback                  0x08000fa8   Section        0  stm32f4xx_hal_can.o(i.HAL_CAN_SleepCallback)
    i.HAL_CAN_Start                          0x08000fac   Section        0  stm32f4xx_hal_can.o(i.HAL_CAN_Start)
    i.HAL_CAN_TxMailbox0AbortCallback        0x08001004   Section        0  stm32f4xx_hal_can.o(i.HAL_CAN_TxMailbox0AbortCallback)
    i.HAL_CAN_TxMailbox0CompleteCallback     0x08001006   Section        0  stm32f4xx_hal_can.o(i.HAL_CAN_TxMailbox0CompleteCallback)
    i.HAL_CAN_TxMailbox1AbortCallback        0x08001008   Section        0  stm32f4xx_hal_can.o(i.HAL_CAN_TxMailbox1AbortCallback)
    i.HAL_CAN_TxMailbox1CompleteCallback     0x0800100a   Section        0  stm32f4xx_hal_can.o(i.HAL_CAN_TxMailbox1CompleteCallback)
    i.HAL_CAN_TxMailbox2AbortCallback        0x0800100c   Section        0  stm32f4xx_hal_can.o(i.HAL_CAN_TxMailbox2AbortCallback)
    i.HAL_CAN_TxMailbox2CompleteCallback     0x0800100e   Section        0  stm32f4xx_hal_can.o(i.HAL_CAN_TxMailbox2CompleteCallback)
    i.HAL_CAN_WakeUpFromRxMsgCallback        0x08001010   Section        0  stm32f4xx_hal_can.o(i.HAL_CAN_WakeUpFromRxMsgCallback)
    i.HAL_DMA_Abort                          0x08001012   Section        0  stm32f4xx_hal_dma.o(i.HAL_DMA_Abort)
    i.HAL_DMA_Abort_IT                       0x080010a4   Section        0  stm32f4xx_hal_dma.o(i.HAL_DMA_Abort_IT)
    i.HAL_DMA_IRQHandler                     0x080010c8   Section        0  stm32f4xx_hal_dma.o(i.HAL_DMA_IRQHandler)
    i.HAL_DMA_Init                           0x08001268   Section        0  stm32f4xx_hal_dma.o(i.HAL_DMA_Init)
    i.HAL_DMA_Start_IT                       0x0800133c   Section        0  stm32f4xx_hal_dma.o(i.HAL_DMA_Start_IT)
    i.HAL_Delay                              0x080013ac   Section        0  stm32f4xx_hal.o(i.HAL_Delay)
    i.HAL_GPIO_Init                          0x080013d0   Section        0  stm32f4xx_hal_gpio.o(i.HAL_GPIO_Init)
    i.HAL_GetTick                            0x080015c0   Section        0  stm32f4xx_hal.o(i.HAL_GetTick)
    i.HAL_IncTick                            0x080015cc   Section        0  stm32f4xx_hal.o(i.HAL_IncTick)
    i.HAL_Init                               0x080015dc   Section        0  stm32f4xx_hal.o(i.HAL_Init)
    i.HAL_InitTick                           0x08001610   Section        0  stm32f4xx_hal.o(i.HAL_InitTick)
    i.HAL_MspInit                            0x08001650   Section        0  stm32f4xx_hal_msp.o(i.HAL_MspInit)
    i.HAL_NVIC_EnableIRQ                     0x08001680   Section        0  stm32f4xx_hal_cortex.o(i.HAL_NVIC_EnableIRQ)
    i.HAL_NVIC_SetPriority                   0x0800169c   Section        0  stm32f4xx_hal_cortex.o(i.HAL_NVIC_SetPriority)
    i.HAL_NVIC_SetPriorityGrouping           0x080016dc   Section        0  stm32f4xx_hal_cortex.o(i.HAL_NVIC_SetPriorityGrouping)
    i.HAL_RCC_ClockConfig                    0x08001700   Section        0  stm32f4xx_hal_rcc.o(i.HAL_RCC_ClockConfig)
    i.HAL_RCC_GetPCLK1Freq                   0x08001834   Section        0  stm32f4xx_hal_rcc.o(i.HAL_RCC_GetPCLK1Freq)
    i.HAL_RCC_GetPCLK2Freq                   0x08001854   Section        0  stm32f4xx_hal_rcc.o(i.HAL_RCC_GetPCLK2Freq)
    i.HAL_RCC_GetSysClockFreq                0x08001874   Section        0  stm32f4xx_hal_rcc.o(i.HAL_RCC_GetSysClockFreq)
    i.HAL_RCC_OscConfig                      0x080018d8   Section        0  stm32f4xx_hal_rcc.o(i.HAL_RCC_OscConfig)
    i.HAL_SYSTICK_Config                     0x08001c44   Section        0  stm32f4xx_hal_cortex.o(i.HAL_SYSTICK_Config)
    i.HAL_TIMEx_BreakCallback                0x08001c6c   Section        0  stm32f4xx_hal_tim_ex.o(i.HAL_TIMEx_BreakCallback)
    i.HAL_TIMEx_CommutCallback               0x08001c6e   Section        0  stm32f4xx_hal_tim_ex.o(i.HAL_TIMEx_CommutCallback)
    i.HAL_TIMEx_MasterConfigSynchronization  0x08001c70   Section        0  stm32f4xx_hal_tim_ex.o(i.HAL_TIMEx_MasterConfigSynchronization)
    i.HAL_TIM_Base_Init                      0x08001d00   Section        0  stm32f4xx_hal_tim.o(i.HAL_TIM_Base_Init)
    i.HAL_TIM_Base_MspInit                   0x08001d5c   Section        0  tim.o(i.HAL_TIM_Base_MspInit)
    i.HAL_TIM_Base_Start_IT                  0x08001d98   Section        0  stm32f4xx_hal_tim.o(i.HAL_TIM_Base_Start_IT)
    i.HAL_TIM_IC_CaptureCallback             0x08001e18   Section        0  stm32f4xx_hal_tim.o(i.HAL_TIM_IC_CaptureCallback)
    i.HAL_TIM_IRQHandler                     0x08001e1a   Section        0  stm32f4xx_hal_tim.o(i.HAL_TIM_IRQHandler)
    i.HAL_TIM_MspPostInit                    0x08001f80   Section        0  tim.o(i.HAL_TIM_MspPostInit)
    i.HAL_TIM_OC_DelayElapsedCallback        0x08001fd0   Section        0  stm32f4xx_hal_tim.o(i.HAL_TIM_OC_DelayElapsedCallback)
    i.HAL_TIM_PWM_ConfigChannel              0x08001fd2   Section        0  stm32f4xx_hal_tim.o(i.HAL_TIM_PWM_ConfigChannel)
    i.HAL_TIM_PWM_Init                       0x0800209e   Section        0  stm32f4xx_hal_tim.o(i.HAL_TIM_PWM_Init)
    i.HAL_TIM_PWM_MspInit                    0x080020f8   Section        0  tim.o(i.HAL_TIM_PWM_MspInit)
    i.HAL_TIM_PWM_PulseFinishedCallback      0x08002120   Section        0  stm32f4xx_hal_tim.o(i.HAL_TIM_PWM_PulseFinishedCallback)
    i.HAL_TIM_PWM_Start                      0x08002124   Section        0  stm32f4xx_hal_tim.o(i.HAL_TIM_PWM_Start)
    i.HAL_TIM_PeriodElapsedCallback          0x080021ec   Section        0  main.o(i.HAL_TIM_PeriodElapsedCallback)
    i.HAL_TIM_TriggerCallback                0x080023b0   Section        0  stm32f4xx_hal_tim.o(i.HAL_TIM_TriggerCallback)
    i.HAL_UARTEx_RxEventCallback             0x080023b2   Section        0  stm32f4xx_hal_uart.o(i.HAL_UARTEx_RxEventCallback)
    i.HAL_UART_ErrorCallback                 0x080023b4   Section        0  main.o(i.HAL_UART_ErrorCallback)
    i.HAL_UART_IRQHandler                    0x080023e0   Section        0  stm32f4xx_hal_uart.o(i.HAL_UART_IRQHandler)
    i.HAL_UART_Init                          0x08002648   Section        0  stm32f4xx_hal_uart.o(i.HAL_UART_Init)
    i.HAL_UART_MspInit                       0x080026ac   Section        0  usart.o(i.HAL_UART_MspInit)
    i.HAL_UART_Receive_DMA                   0x08002794   Section        0  stm32f4xx_hal_uart.o(i.HAL_UART_Receive_DMA)
    i.HAL_UART_RxCpltCallback                0x080027c0   Section        0  main.o(i.HAL_UART_RxCpltCallback)
    i.HAL_UART_RxHalfCpltCallback            0x08002828   Section        0  stm32f4xx_hal_uart.o(i.HAL_UART_RxHalfCpltCallback)
    i.HAL_UART_TxCpltCallback                0x0800282a   Section        0  stm32f4xx_hal_uart.o(i.HAL_UART_TxCpltCallback)
    i.HardFault_Handler                      0x0800282c   Section        0  stm32f4xx_it.o(i.HardFault_Handler)
    i.LOGIC                                  0x08002830   Section        0  logic.o(i.LOGIC)
    i.MX_CAN1_Init                           0x08002bbc   Section        0  can.o(i.MX_CAN1_Init)
    i.MX_CAN2_Init                           0x08002c00   Section        0  can.o(i.MX_CAN2_Init)
    i.MX_DMA_Init                            0x08002c44   Section        0  dma.o(i.MX_DMA_Init)
    i.MX_GPIO_Init                           0x08002c80   Section        0  gpio.o(i.MX_GPIO_Init)
    i.MX_TIM10_Init                          0x08002ccc   Section        0  tim.o(i.MX_TIM10_Init)
    i.MX_TIM3_Init                           0x08002d00   Section        0  tim.o(i.MX_TIM3_Init)
    i.MX_USART3_UART_Init                    0x08002d74   Section        0  usart.o(i.MX_USART3_UART_Init)
    i.MemManage_Handler                      0x08002dac   Section        0  stm32f4xx_it.o(i.MemManage_Handler)
    i.NMI_Handler                            0x08002dae   Section        0  stm32f4xx_it.o(i.NMI_Handler)
    i.PID_MODEL_initialize                   0x08002db0   Section        0  pid_model.o(i.PID_MODEL_initialize)
    i.PID_MODEL_step                         0x08002dcc   Section        0  pid_model.o(i.PID_MODEL_step)
    i.PendSV_Handler                         0x080034dc   Section        0  stm32f4xx_it.o(i.PendSV_Handler)
    i.SVC_Handler                            0x080034de   Section        0  stm32f4xx_it.o(i.SVC_Handler)
    i.SysTick_Handler                        0x080034e0   Section        0  stm32f4xx_it.o(i.SysTick_Handler)
    i.SystemClock_Config                     0x080034e4   Section        0  main.o(i.SystemClock_Config)
    i.SystemInit                             0x08003578   Section        0  system_stm32f4xx.o(i.SystemInit)
    i.TIM1_UP_TIM10_IRQHandler               0x08003588   Section        0  stm32f4xx_it.o(i.TIM1_UP_TIM10_IRQHandler)
    i.TIM_Base_SetConfig                     0x08003594   Section        0  stm32f4xx_hal_tim.o(i.TIM_Base_SetConfig)
    i.TIM_CCxChannelCmd                      0x0800365c   Section        0  stm32f4xx_hal_tim.o(i.TIM_CCxChannelCmd)
    i.TIM_OC1_SetConfig                      0x08003678   Section        0  stm32f4xx_hal_tim.o(i.TIM_OC1_SetConfig)
    TIM_OC1_SetConfig                        0x08003679   Thumb Code    88  stm32f4xx_hal_tim.o(i.TIM_OC1_SetConfig)
    i.TIM_OC2_SetConfig                      0x080036d8   Section        0  stm32f4xx_hal_tim.o(i.TIM_OC2_SetConfig)
    i.TIM_OC3_SetConfig                      0x08003744   Section        0  stm32f4xx_hal_tim.o(i.TIM_OC3_SetConfig)
    TIM_OC3_SetConfig                        0x08003745   Thumb Code    96  stm32f4xx_hal_tim.o(i.TIM_OC3_SetConfig)
    i.TIM_OC4_SetConfig                      0x080037ac   Section        0  stm32f4xx_hal_tim.o(i.TIM_OC4_SetConfig)
    TIM_OC4_SetConfig                        0x080037ad   Thumb Code    70  stm32f4xx_hal_tim.o(i.TIM_OC4_SetConfig)
    i.UART_DMAAbortOnError                   0x080037fc   Section        0  stm32f4xx_hal_uart.o(i.UART_DMAAbortOnError)
    UART_DMAAbortOnError                     0x080037fd   Thumb Code    16  stm32f4xx_hal_uart.o(i.UART_DMAAbortOnError)
    i.UART_DMAError                          0x0800380c   Section        0  stm32f4xx_hal_uart.o(i.UART_DMAError)
    UART_DMAError                            0x0800380d   Thumb Code    74  stm32f4xx_hal_uart.o(i.UART_DMAError)
    i.UART_DMAReceiveCplt                    0x08003856   Section        0  stm32f4xx_hal_uart.o(i.UART_DMAReceiveCplt)
    UART_DMAReceiveCplt                      0x08003857   Thumb Code   130  stm32f4xx_hal_uart.o(i.UART_DMAReceiveCplt)
    i.UART_DMARxHalfCplt                     0x080038d8   Section        0  stm32f4xx_hal_uart.o(i.UART_DMARxHalfCplt)
    UART_DMARxHalfCplt                       0x080038d9   Thumb Code    26  stm32f4xx_hal_uart.o(i.UART_DMARxHalfCplt)
    i.UART_EndRxTransfer                     0x080038f2   Section        0  stm32f4xx_hal_uart.o(i.UART_EndRxTransfer)
    UART_EndRxTransfer                       0x080038f3   Thumb Code    78  stm32f4xx_hal_uart.o(i.UART_EndRxTransfer)
    i.UART_EndTxTransfer                     0x08003940   Section        0  stm32f4xx_hal_uart.o(i.UART_EndTxTransfer)
    UART_EndTxTransfer                       0x08003941   Thumb Code    28  stm32f4xx_hal_uart.o(i.UART_EndTxTransfer)
    i.UART_Receive_IT                        0x0800395c   Section        0  stm32f4xx_hal_uart.o(i.UART_Receive_IT)
    UART_Receive_IT                          0x0800395d   Thumb Code   192  stm32f4xx_hal_uart.o(i.UART_Receive_IT)
    i.UART_SetConfig                         0x08003a1c   Section        0  stm32f4xx_hal_uart.o(i.UART_SetConfig)
    UART_SetConfig                           0x08003a1d   Thumb Code   258  stm32f4xx_hal_uart.o(i.UART_SetConfig)
    i.UART_Start_Receive_DMA                 0x08003b28   Section        0  stm32f4xx_hal_uart.o(i.UART_Start_Receive_DMA)
    i.USART3_IRQHandler                      0x08003bbc   Section        0  stm32f4xx_it.o(i.USART3_IRQHandler)
    i.UsageFault_Handler                     0x08003bc8   Section        0  stm32f4xx_it.o(i.UsageFault_Handler)
    i.__NVIC_SetPriority                     0x08003bca   Section        0  stm32f4xx_hal_cortex.o(i.__NVIC_SetPriority)
    __NVIC_SetPriority                       0x08003bcb   Thumb Code    32  stm32f4xx_hal_cortex.o(i.__NVIC_SetPriority)
    i.__hardfp_fabs                          0x08003bea   Section        0  fabs.o(i.__hardfp_fabs)
    i.can_filter_init                        0x08003c00   Section        0  bsp_can.o(i.can_filter_init)
    i.circle_cc                              0x08003c54   Section        0  bsp_can.o(i.circle_cc)
    i.main                                   0x08003c7c   Section        0  main.o(i.main)
    i.motor_state_update_can2                0x08003ddc   Section        0  bsp_can.o(i.motor_state_update_can2)
    i.target_monitor                         0x08003e08   Section        0  logic.o(i.target_monitor)
    x$fpl$dadd                               0x08003f68   Section      336  daddsub_clz.o(x$fpl$dadd)
    $v0                                      0x08003f68   Number         0  daddsub_clz.o(x$fpl$dadd)
    _dadd1                                   0x08003f79   Thumb Code     0  daddsub_clz.o(x$fpl$dadd)
    x$fpl$dcmpinf                            0x080040b8   Section       24  dcmpi.o(x$fpl$dcmpinf)
    $v0                                      0x080040b8   Number         0  dcmpi.o(x$fpl$dcmpinf)
    x$fpl$ddiv                               0x080040d0   Section      688  ddiv.o(x$fpl$ddiv)
    $v0                                      0x080040d0   Number         0  ddiv.o(x$fpl$ddiv)
    ddiv_entry                               0x080040d7   Thumb Code     0  ddiv.o(x$fpl$ddiv)
    x$fpl$dfix                               0x08004380   Section       94  dfix.o(x$fpl$dfix)
    $v0                                      0x08004380   Number         0  dfix.o(x$fpl$dfix)
    x$fpl$dflt                               0x080043de   Section       46  dflt_clz.o(x$fpl$dflt)
    $v0                                      0x080043de   Number         0  dflt_clz.o(x$fpl$dflt)
    x$fpl$dfltu                              0x0800440c   Section       38  dflt_clz.o(x$fpl$dfltu)
    $v0                                      0x0800440c   Number         0  dflt_clz.o(x$fpl$dfltu)
    x$fpl$dleqf                              0x08004434   Section      120  dleqf.o(x$fpl$dleqf)
    $v0                                      0x08004434   Number         0  dleqf.o(x$fpl$dleqf)
    x$fpl$dmul                               0x080044ac   Section      340  dmul.o(x$fpl$dmul)
    $v0                                      0x080044ac   Number         0  dmul.o(x$fpl$dmul)
    x$fpl$dnaninf                            0x08004600   Section      156  dnaninf.o(x$fpl$dnaninf)
    $v0                                      0x08004600   Number         0  dnaninf.o(x$fpl$dnaninf)
    x$fpl$dretinf                            0x0800469c   Section       12  dretinf.o(x$fpl$dretinf)
    $v0                                      0x0800469c   Number         0  dretinf.o(x$fpl$dretinf)
    x$fpl$drleqf                             0x080046a8   Section      108  drleqf.o(x$fpl$drleqf)
    $v0                                      0x080046a8   Number         0  drleqf.o(x$fpl$drleqf)
    x$fpl$drsb                               0x08004714   Section       22  daddsub_clz.o(x$fpl$drsb)
    $v0                                      0x08004714   Number         0  daddsub_clz.o(x$fpl$drsb)
    x$fpl$dsub                               0x0800472c   Section      468  daddsub_clz.o(x$fpl$dsub)
    $v0                                      0x0800472c   Number         0  daddsub_clz.o(x$fpl$dsub)
    _dsub1                                   0x0800473d   Thumb Code     0  daddsub_clz.o(x$fpl$dsub)
    x$fpl$fpinit                             0x08004900   Section       10  fpinit.o(x$fpl$fpinit)
    $v0                                      0x08004900   Number         0  fpinit.o(x$fpl$fpinit)
    .constdata                               0x0800490a   Section        8  stm32f4xx_hal_dma.o(.constdata)
    x$fpl$usenofp                            0x0800490a   Section        0  usenofp.o(x$fpl$usenofp)
    flagBitshiftOffset                       0x0800490a   Data           8  stm32f4xx_hal_dma.o(.constdata)
    .constdata                               0x08004912   Section       16  system_stm32f4xx.o(.constdata)
    .constdata                               0x08004922   Section        8  system_stm32f4xx.o(.constdata)
    .data                                    0x20000000   Section        1  main.o(.data)
    .data                                    0x20000001   Section        1  main.o(.data)
    .data                                    0x20000002   Section        8  main.o(.data)
    .data                                    0x2000000a   Section        1  main.o(.data)
    .data                                    0x2000000b   Section        1  main.o(.data)
    .data                                    0x20000010   Section        8  main.o(.data)
    .data                                    0x20000018   Section        1  main.o(.data)
    .data                                    0x20000020   Section        8  main.o(.data)
    .data                                    0x20000028   Section        1  main.o(.data)
    .data                                    0x2000002a   Section        2  main.o(.data)
    .data                                    0x2000002c   Section        2  main.o(.data)
    .data                                    0x2000002e   Section        2  main.o(.data)
    .data                                    0x20000030   Section        2  main.o(.data)
    .data                                    0x20000032   Section        2  main.o(.data)
    .data                                    0x20000034   Section        2  main.o(.data)
    .data                                    0x20000036   Section        1  main.o(.data)
    .data                                    0x20000037   Section        1  main.o(.data)
    .data                                    0x20000038   Section        1  main.o(.data)
    .data                                    0x2000003c   Section        4  can.o(.data)
    HAL_RCC_CAN1_CLK_ENABLED                 0x2000003c   Data           4  can.o(.data)
    .data                                    0x20000040   Section       12  stm32f4xx_hal.o(.data)
    .data                                    0x2000004c   Section        4  system_stm32f4xx.o(.data)
    .data                                    0x20000050   Section      112  pid_model_data.o(.data)
    .data                                    0x200000c0   Section       34  bsp_can.o(.data)
    i                                        0x200000c0   Data           1  bsp_can.o(.data)
    i                                        0x200000c1   Data           1  bsp_can.o(.data)
    chassis_can_send_data                    0x200000c2   Data           8  bsp_can.o(.data)
    chassis_can_send_data1                   0x200000ca   Data           8  bsp_can.o(.data)
    chassis_can_send_data2                   0x200000d2   Data           8  bsp_can.o(.data)
    chassis_can_send_data3                   0x200000da   Data           8  bsp_can.o(.data)
    .bss                                     0x200000e8   Section      177  main.o(.bss)
    .bss                                     0x200001a0   Section       64  main.o(.bss)
    .bss                                     0x200001e0   Section       64  main.o(.bss)
    .bss                                     0x20000220   Section       80  can.o(.bss)
    .bss                                     0x20000270   Section      144  tim.o(.bss)
    .bss                                     0x20000300   Section      260  usart.o(.bss)
    .bss                                     0x20000408   Section      264  pid_model.o(.bss)
    .bss                                     0x20000510   Section      416  bsp_can.o(.bss)
    motor_chassis_can1                       0x20000510   Data         128  bsp_can.o(.bss)
    motor_chassis_can2                       0x20000590   Data         128  bsp_can.o(.bss)
    chassis_tx_message                       0x20000650   Data          24  bsp_can.o(.bss)
    chassis_tx_message1                      0x20000668   Data          24  bsp_can.o(.bss)
    chassis_tx_message2                      0x20000680   Data          24  bsp_can.o(.bss)
    chassis_tx_message3                      0x20000698   Data          24  bsp_can.o(.bss)
    .bss                                     0x200006b0   Section       96  libspace.o(.bss)
    HEAP                                     0x20000710   Section      512  startup_stm32f407xx.o(HEAP)
    Heap_Mem                                 0x20000710   Data         512  startup_stm32f407xx.o(HEAP)
    STACK                                    0x20000910   Section     1024  startup_stm32f407xx.o(STACK)
    Stack_Mem                                0x20000910   Data        1024  startup_stm32f407xx.o(STACK)
    __initial_sp                             0x20000d10   Data           0  startup_stm32f407xx.o(STACK)

    Global Symbols

    Symbol Name                              Value     Ov Type        Size  Object(Section)

    BuildAttributes$$THM_ISAv4$E$P$D$K$B$S$7EM$VFPi3$EXTD16$VFPS$VFMA$PE$A:L22UL41UL21$X:L11$S22US41US21$IEEE1$IW$USESV6$~STKCKD$USESV7$~SHL$OTIME$ROPI$IEEEJ$EBA8$UX$STANDARDLIB$REQ8$PRES8$EABIv2 0x00000000   Number         0  anon$$obj.o ABSOLUTE
    __ARM_use_no_argv                        0x00000000   Number         0  main.o ABSOLUTE
    __ARM_exceptions_init                     - Undefined Weak Reference
    __alloca_initialize                       - Undefined Weak Reference
    __arm_preinit_                            - Undefined Weak Reference
    __cpp_initialize__aeabi_                  - Undefined Weak Reference
    __cxa_finalize                            - Undefined Weak Reference
    __rt_locale                               - Undefined Weak Reference
    __sigvec_lookup                           - Undefined Weak Reference
    _atexit_init                              - Undefined Weak Reference
    _call_atexit_fns                          - Undefined Weak Reference
    _clock_init                               - Undefined Weak Reference
    _fp_trap_init                             - Undefined Weak Reference
    _fp_trap_shutdown                         - Undefined Weak Reference
    _get_lc_collate                           - Undefined Weak Reference
    _get_lc_ctype                             - Undefined Weak Reference
    _get_lc_monetary                          - Undefined Weak Reference
    _get_lc_numeric                           - Undefined Weak Reference
    _get_lc_time                              - Undefined Weak Reference
    _getenv_init                              - Undefined Weak Reference
    _handle_redirection                       - Undefined Weak Reference
    _init_alloc                               - Undefined Weak Reference
    _init_user_alloc                          - Undefined Weak Reference
    _initio                                   - Undefined Weak Reference
    _rand_init                                - Undefined Weak Reference
    _signal_finish                            - Undefined Weak Reference
    _signal_init                              - Undefined Weak Reference
    _terminate_alloc                          - Undefined Weak Reference
    _terminate_user_alloc                     - Undefined Weak Reference
    _terminateio                              - Undefined Weak Reference
    __Vectors_Size                           0x00000188   Number         0  startup_stm32f407xx.o ABSOLUTE
    __Vectors                                0x08000000   Data           4  startup_stm32f407xx.o(RESET)
    __Vectors_End                            0x08000188   Data           0  startup_stm32f407xx.o(RESET)
    __main                                   0x08000189   Thumb Code     8  __main.o(!!!main)
    __scatterload                            0x08000191   Thumb Code     0  __scatter.o(!!!scatter)
    __scatterload_rt2                        0x08000191   Thumb Code    44  __scatter.o(!!!scatter)
    __scatterload_rt2_thumb_only             0x08000191   Thumb Code     0  __scatter.o(!!!scatter)
    __scatterload_null                       0x0800019f   Thumb Code     0  __scatter.o(!!!scatter)
    __scatterload_copy                       0x080001c5   Thumb Code    26  __scatter_copy.o(!!handler_copy)
    __scatterload_zeroinit                   0x080001e1   Thumb Code    28  __scatter_zi.o(!!handler_zi)
    __rt_lib_init                            0x080001fd   Thumb Code     0  libinit.o(.ARM.Collect$$libinit$$00000000)
    __rt_lib_init_fp_1                       0x080001ff   Thumb Code     0  libinit2.o(.ARM.Collect$$libinit$$00000001)
    __rt_lib_init_alloca_1                   0x08000203   Thumb Code     0  libinit2.o(.ARM.Collect$$libinit$$0000002E)
    __rt_lib_init_argv_1                     0x08000203   Thumb Code     0  libinit2.o(.ARM.Collect$$libinit$$0000002C)
    __rt_lib_init_atexit_1                   0x08000203   Thumb Code     0  libinit2.o(.ARM.Collect$$libinit$$0000001B)
    __rt_lib_init_clock_1                    0x08000203   Thumb Code     0  libinit2.o(.ARM.Collect$$libinit$$00000021)
    __rt_lib_init_cpp_1                      0x08000203   Thumb Code     0  libinit2.o(.ARM.Collect$$libinit$$00000032)
    __rt_lib_init_exceptions_1               0x08000203   Thumb Code     0  libinit2.o(.ARM.Collect$$libinit$$00000030)
    __rt_lib_init_fp_trap_1                  0x08000203   Thumb Code     0  libinit2.o(.ARM.Collect$$libinit$$0000001F)
    __rt_lib_init_getenv_1                   0x08000203   Thumb Code     0  libinit2.o(.ARM.Collect$$libinit$$00000023)
    __rt_lib_init_heap_1                     0x08000203   Thumb Code     0  libinit2.o(.ARM.Collect$$libinit$$0000000A)
    __rt_lib_init_lc_collate_1               0x08000203   Thumb Code     0  libinit2.o(.ARM.Collect$$libinit$$00000011)
    __rt_lib_init_lc_ctype_1                 0x08000203   Thumb Code     0  libinit2.o(.ARM.Collect$$libinit$$00000013)
    __rt_lib_init_lc_monetary_1              0x08000203   Thumb Code     0  libinit2.o(.ARM.Collect$$libinit$$00000015)
    __rt_lib_init_lc_numeric_1               0x08000203   Thumb Code     0  libinit2.o(.ARM.Collect$$libinit$$00000017)
    __rt_lib_init_lc_time_1                  0x08000203   Thumb Code     0  libinit2.o(.ARM.Collect$$libinit$$00000019)
    __rt_lib_init_preinit_1                  0x08000203   Thumb Code     0  libinit2.o(.ARM.Collect$$libinit$$00000004)
    __rt_lib_init_rand_1                     0x08000203   Thumb Code     0  libinit2.o(.ARM.Collect$$libinit$$0000000E)
    __rt_lib_init_return                     0x08000203   Thumb Code     0  libinit2.o(.ARM.Collect$$libinit$$00000033)
    __rt_lib_init_signal_1                   0x08000203   Thumb Code     0  libinit2.o(.ARM.Collect$$libinit$$0000001D)
    __rt_lib_init_stdio_1                    0x08000203   Thumb Code     0  libinit2.o(.ARM.Collect$$libinit$$00000025)
    __rt_lib_init_user_alloc_1               0x08000203   Thumb Code     0  libinit2.o(.ARM.Collect$$libinit$$0000000C)
    __rt_lib_shutdown                        0x08000205   Thumb Code     0  libshutdown.o(.ARM.Collect$$libshutdown$$00000000)
    __rt_lib_shutdown_cpp_1                  0x08000207   Thumb Code     0  libshutdown2.o(.ARM.Collect$$libshutdown$$00000002)
    __rt_lib_shutdown_fp_trap_1              0x08000207   Thumb Code     0  libshutdown2.o(.ARM.Collect$$libshutdown$$00000007)
    __rt_lib_shutdown_heap_1                 0x08000207   Thumb Code     0  libshutdown2.o(.ARM.Collect$$libshutdown$$0000000F)
    __rt_lib_shutdown_return                 0x08000207   Thumb Code     0  libshutdown2.o(.ARM.Collect$$libshutdown$$00000010)
    __rt_lib_shutdown_signal_1               0x08000207   Thumb Code     0  libshutdown2.o(.ARM.Collect$$libshutdown$$0000000A)
    __rt_lib_shutdown_stdio_1                0x08000207   Thumb Code     0  libshutdown2.o(.ARM.Collect$$libshutdown$$00000004)
    __rt_lib_shutdown_user_alloc_1           0x08000207   Thumb Code     0  libshutdown2.o(.ARM.Collect$$libshutdown$$0000000C)
    __rt_entry                               0x08000209   Thumb Code     0  __rtentry.o(.ARM.Collect$$rtentry$$00000000)
    __rt_entry_presh_1                       0x08000209   Thumb Code     0  __rtentry2.o(.ARM.Collect$$rtentry$$00000002)
    __rt_entry_sh                            0x08000209   Thumb Code     0  __rtentry4.o(.ARM.Collect$$rtentry$$00000004)
    __rt_entry_li                            0x0800020f   Thumb Code     0  __rtentry2.o(.ARM.Collect$$rtentry$$0000000A)
    __rt_entry_postsh_1                      0x0800020f   Thumb Code     0  __rtentry2.o(.ARM.Collect$$rtentry$$00000009)
    __rt_entry_main                          0x08000213   Thumb Code     0  __rtentry2.o(.ARM.Collect$$rtentry$$0000000D)
    __rt_entry_postli_1                      0x08000213   Thumb Code     0  __rtentry2.o(.ARM.Collect$$rtentry$$0000000C)
    __rt_exit                                0x0800021b   Thumb Code     0  rtexit.o(.ARM.Collect$$rtexit$$00000000)
    __rt_exit_ls                             0x0800021d   Thumb Code     0  rtexit2.o(.ARM.Collect$$rtexit$$00000003)
    __rt_exit_prels_1                        0x0800021d   Thumb Code     0  rtexit2.o(.ARM.Collect$$rtexit$$00000002)
    __rt_exit_exit                           0x08000221   Thumb Code     0  rtexit2.o(.ARM.Collect$$rtexit$$00000004)
    Reset_Handler                            0x08000229   Thumb Code     8  startup_stm32f407xx.o(.text)
    ADC_IRQHandler                           0x08000243   Thumb Code     0  startup_stm32f407xx.o(.text)
    CAN1_RX1_IRQHandler                      0x08000243   Thumb Code     0  startup_stm32f407xx.o(.text)
    CAN1_SCE_IRQHandler                      0x08000243   Thumb Code     0  startup_stm32f407xx.o(.text)
    CAN2_RX1_IRQHandler                      0x08000243   Thumb Code     0  startup_stm32f407xx.o(.text)
    CAN2_SCE_IRQHandler                      0x08000243   Thumb Code     0  startup_stm32f407xx.o(.text)
    DCMI_IRQHandler                          0x08000243   Thumb Code     0  startup_stm32f407xx.o(.text)
    DMA1_Stream0_IRQHandler                  0x08000243   Thumb Code     0  startup_stm32f407xx.o(.text)
    DMA1_Stream2_IRQHandler                  0x08000243   Thumb Code     0  startup_stm32f407xx.o(.text)
    DMA1_Stream4_IRQHandler                  0x08000243   Thumb Code     0  startup_stm32f407xx.o(.text)
    DMA1_Stream5_IRQHandler                  0x08000243   Thumb Code     0  startup_stm32f407xx.o(.text)
    DMA1_Stream6_IRQHandler                  0x08000243   Thumb Code     0  startup_stm32f407xx.o(.text)
    DMA1_Stream7_IRQHandler                  0x08000243   Thumb Code     0  startup_stm32f407xx.o(.text)
    DMA2_Stream0_IRQHandler                  0x08000243   Thumb Code     0  startup_stm32f407xx.o(.text)
    DMA2_Stream1_IRQHandler                  0x08000243   Thumb Code     0  startup_stm32f407xx.o(.text)
    DMA2_Stream2_IRQHandler                  0x08000243   Thumb Code     0  startup_stm32f407xx.o(.text)
    DMA2_Stream3_IRQHandler                  0x08000243   Thumb Code     0  startup_stm32f407xx.o(.text)
    DMA2_Stream4_IRQHandler                  0x08000243   Thumb Code     0  startup_stm32f407xx.o(.text)
    DMA2_Stream5_IRQHandler                  0x08000243   Thumb Code     0  startup_stm32f407xx.o(.text)
    DMA2_Stream6_IRQHandler                  0x08000243   Thumb Code     0  startup_stm32f407xx.o(.text)
    DMA2_Stream7_IRQHandler                  0x08000243   Thumb Code     0  startup_stm32f407xx.o(.text)
    ETH_IRQHandler                           0x08000243   Thumb Code     0  startup_stm32f407xx.o(.text)
    ETH_WKUP_IRQHandler                      0x08000243   Thumb Code     0  startup_stm32f407xx.o(.text)
    EXTI0_IRQHandler                         0x08000243   Thumb Code     0  startup_stm32f407xx.o(.text)
    EXTI15_10_IRQHandler                     0x08000243   Thumb Code     0  startup_stm32f407xx.o(.text)
    EXTI1_IRQHandler                         0x08000243   Thumb Code     0  startup_stm32f407xx.o(.text)
    EXTI2_IRQHandler                         0x08000243   Thumb Code     0  startup_stm32f407xx.o(.text)
    EXTI3_IRQHandler                         0x08000243   Thumb Code     0  startup_stm32f407xx.o(.text)
    EXTI4_IRQHandler                         0x08000243   Thumb Code     0  startup_stm32f407xx.o(.text)
    EXTI9_5_IRQHandler                       0x08000243   Thumb Code     0  startup_stm32f407xx.o(.text)
    FLASH_IRQHandler                         0x08000243   Thumb Code     0  startup_stm32f407xx.o(.text)
    FMC_IRQHandler                           0x08000243   Thumb Code     0  startup_stm32f407xx.o(.text)
    FPU_IRQHandler                           0x08000243   Thumb Code     0  startup_stm32f407xx.o(.text)
    HASH_RNG_IRQHandler                      0x08000243   Thumb Code     0  startup_stm32f407xx.o(.text)
    I2C1_ER_IRQHandler                       0x08000243   Thumb Code     0  startup_stm32f407xx.o(.text)
    I2C1_EV_IRQHandler                       0x08000243   Thumb Code     0  startup_stm32f407xx.o(.text)
    I2C2_ER_IRQHandler                       0x08000243   Thumb Code     0  startup_stm32f407xx.o(.text)
    I2C2_EV_IRQHandler                       0x08000243   Thumb Code     0  startup_stm32f407xx.o(.text)
    I2C3_ER_IRQHandler                       0x08000243   Thumb Code     0  startup_stm32f407xx.o(.text)
    I2C3_EV_IRQHandler                       0x08000243   Thumb Code     0  startup_stm32f407xx.o(.text)
    OTG_FS_IRQHandler                        0x08000243   Thumb Code     0  startup_stm32f407xx.o(.text)
    OTG_FS_WKUP_IRQHandler                   0x08000243   Thumb Code     0  startup_stm32f407xx.o(.text)
    OTG_HS_EP1_IN_IRQHandler                 0x08000243   Thumb Code     0  startup_stm32f407xx.o(.text)
    OTG_HS_EP1_OUT_IRQHandler                0x08000243   Thumb Code     0  startup_stm32f407xx.o(.text)
    OTG_HS_IRQHandler                        0x08000243   Thumb Code     0  startup_stm32f407xx.o(.text)
    OTG_HS_WKUP_IRQHandler                   0x08000243   Thumb Code     0  startup_stm32f407xx.o(.text)
    PVD_IRQHandler                           0x08000243   Thumb Code     0  startup_stm32f407xx.o(.text)
    RCC_IRQHandler                           0x08000243   Thumb Code     0  startup_stm32f407xx.o(.text)
    RTC_Alarm_IRQHandler                     0x08000243   Thumb Code     0  startup_stm32f407xx.o(.text)
    RTC_WKUP_IRQHandler                      0x08000243   Thumb Code     0  startup_stm32f407xx.o(.text)
    SDIO_IRQHandler                          0x08000243   Thumb Code     0  startup_stm32f407xx.o(.text)
    SPI1_IRQHandler                          0x08000243   Thumb Code     0  startup_stm32f407xx.o(.text)
    SPI2_IRQHandler                          0x08000243   Thumb Code     0  startup_stm32f407xx.o(.text)
    SPI3_IRQHandler                          0x08000243   Thumb Code     0  startup_stm32f407xx.o(.text)
    TAMP_STAMP_IRQHandler                    0x08000243   Thumb Code     0  startup_stm32f407xx.o(.text)
    TIM1_BRK_TIM9_IRQHandler                 0x08000243   Thumb Code     0  startup_stm32f407xx.o(.text)
    TIM1_CC_IRQHandler                       0x08000243   Thumb Code     0  startup_stm32f407xx.o(.text)
    TIM1_TRG_COM_TIM11_IRQHandler            0x08000243   Thumb Code     0  startup_stm32f407xx.o(.text)
    TIM2_IRQHandler                          0x08000243   Thumb Code     0  startup_stm32f407xx.o(.text)
    TIM3_IRQHandler                          0x08000243   Thumb Code     0  startup_stm32f407xx.o(.text)
    TIM4_IRQHandler                          0x08000243   Thumb Code     0  startup_stm32f407xx.o(.text)
    TIM5_IRQHandler                          0x08000243   Thumb Code     0  startup_stm32f407xx.o(.text)
    TIM6_DAC_IRQHandler                      0x08000243   Thumb Code     0  startup_stm32f407xx.o(.text)
    TIM7_IRQHandler                          0x08000243   Thumb Code     0  startup_stm32f407xx.o(.text)
    TIM8_BRK_TIM12_IRQHandler                0x08000243   Thumb Code     0  startup_stm32f407xx.o(.text)
    TIM8_CC_IRQHandler                       0x08000243   Thumb Code     0  startup_stm32f407xx.o(.text)
    TIM8_TRG_COM_TIM14_IRQHandler            0x08000243   Thumb Code     0  startup_stm32f407xx.o(.text)
    TIM8_UP_TIM13_IRQHandler                 0x08000243   Thumb Code     0  startup_stm32f407xx.o(.text)
    UART4_IRQHandler                         0x08000243   Thumb Code     0  startup_stm32f407xx.o(.text)
    UART5_IRQHandler                         0x08000243   Thumb Code     0  startup_stm32f407xx.o(.text)
    USART1_IRQHandler                        0x08000243   Thumb Code     0  startup_stm32f407xx.o(.text)
    USART2_IRQHandler                        0x08000243   Thumb Code     0  startup_stm32f407xx.o(.text)
    USART6_IRQHandler                        0x08000243   Thumb Code     0  startup_stm32f407xx.o(.text)
    WWDG_IRQHandler                          0x08000243   Thumb Code     0  startup_stm32f407xx.o(.text)
    __user_initial_stackheap                 0x08000245   Thumb Code     0  startup_stm32f407xx.o(.text)
    __aeabi_uldivmod                         0x08000269   Thumb Code     0  lludivv7m.o(.text)
    _ll_udiv                                 0x08000269   Thumb Code   238  lludivv7m.o(.text)
    __aeabi_memclr4                          0x08000357   Thumb Code     0  rt_memclr_w.o(.text)
    __aeabi_memclr8                          0x08000357   Thumb Code     0  rt_memclr_w.o(.text)
    __rt_memclr_w                            0x08000357   Thumb Code    78  rt_memclr_w.o(.text)
    _memset_w                                0x0800035b   Thumb Code     0  rt_memclr_w.o(.text)
    __use_two_region_memory                  0x080003a5   Thumb Code     2  heapauxi.o(.text)
    __rt_heap_escrow$2region                 0x080003a7   Thumb Code     2  heapauxi.o(.text)
    __rt_heap_expand$2region                 0x080003a9   Thumb Code     2  heapauxi.o(.text)
    __user_setup_stackheap                   0x080003ab   Thumb Code    74  sys_stackheap_outer.o(.text)
    exit                                     0x080003f5   Thumb Code    18  exit.o(.text)
    __user_libspace                          0x08000409   Thumb Code     8  libspace.o(.text)
    __user_perproc_libspace                  0x08000409   Thumb Code     0  libspace.o(.text)
    __user_perthread_libspace                0x08000409   Thumb Code     0  libspace.o(.text)
    _sys_exit                                0x08000411   Thumb Code     8  sys_exit.o(.text)
    __I$use$semihosting                      0x0800041d   Thumb Code     0  use_no_semi.o(.text)
    __use_no_semihosting_swi                 0x0800041d   Thumb Code     2  use_no_semi.o(.text)
    BusFault_Handler                         0x0800041f   Thumb Code     2  stm32f4xx_it.o(i.BusFault_Handler)
    __semihosting_library_function           0x0800041f   Thumb Code     0  indicate_semi.o(.text)
    CAL_MESSAGE                              0x08000421   Thumb Code   218  calculate.o(i.CAL_MESSAGE)
    CAN1_RX0_IRQHandler                      0x0800052d   Thumb Code     6  stm32f4xx_it.o(i.CAN1_RX0_IRQHandler)
    CAN1_TX_IRQHandler                       0x08000539   Thumb Code     6  stm32f4xx_it.o(i.CAN1_TX_IRQHandler)
    CAN2_RX0_IRQHandler                      0x08000545   Thumb Code     6  stm32f4xx_it.o(i.CAN2_RX0_IRQHandler)
    CAN2_TX_IRQHandler                       0x08000551   Thumb Code     6  stm32f4xx_it.o(i.CAN2_TX_IRQHandler)
    CAN2_cmd_chassis                         0x0800055d   Thumb Code   162  bsp_can.o(i.CAN2_cmd_chassis)
    CalculateParity                          0x0800060d   Thumb Code    22  calculate.o(i.CalculateParity)
    DMA1_Stream1_IRQHandler                  0x08000701   Thumb Code     6  stm32f4xx_it.o(i.DMA1_Stream1_IRQHandler)
    DMA1_Stream3_IRQHandler                  0x0800070d   Thumb Code     6  stm32f4xx_it.o(i.DMA1_Stream3_IRQHandler)
    DebugMon_Handler                         0x080007bd   Thumb Code     2  stm32f4xx_it.o(i.DebugMon_Handler)
    Error_Handler                            0x080007bf   Thumb Code     4  main.o(i.Error_Handler)
    HAL_CAN_ActivateNotification             0x080007c3   Thumb Code    36  stm32f4xx_hal_can.o(i.HAL_CAN_ActivateNotification)
    HAL_CAN_AddTxMessage                     0x080007e7   Thumb Code   200  stm32f4xx_hal_can.o(i.HAL_CAN_AddTxMessage)
    HAL_CAN_ConfigFilter                     0x080008b1   Thumb Code   262  stm32f4xx_hal_can.o(i.HAL_CAN_ConfigFilter)
    HAL_CAN_ErrorCallback                    0x080009bd   Thumb Code     2  stm32f4xx_hal_can.o(i.HAL_CAN_ErrorCallback)
    HAL_CAN_GetRxMessage                     0x080009bf   Thumb Code   232  stm32f4xx_hal_can.o(i.HAL_CAN_GetRxMessage)
    HAL_CAN_IRQHandler                       0x08000aa7   Thumb Code   508  stm32f4xx_hal_can.o(i.HAL_CAN_IRQHandler)
    HAL_CAN_Init                             0x08000ca3   Thumb Code   282  stm32f4xx_hal_can.o(i.HAL_CAN_Init)
    HAL_CAN_MspInit                          0x08000dbd   Thumb Code   258  can.o(i.HAL_CAN_MspInit)
    HAL_CAN_RxFifo0FullCallback              0x08000ed9   Thumb Code     2  stm32f4xx_hal_can.o(i.HAL_CAN_RxFifo0FullCallback)
    HAL_CAN_RxFifo0MsgPendingCallback        0x08000edd   Thumb Code   182  bsp_can.o(i.HAL_CAN_RxFifo0MsgPendingCallback)
    HAL_CAN_RxFifo1FullCallback              0x08000fa5   Thumb Code     2  stm32f4xx_hal_can.o(i.HAL_CAN_RxFifo1FullCallback)
    HAL_CAN_RxFifo1MsgPendingCallback        0x08000fa7   Thumb Code     2  stm32f4xx_hal_can.o(i.HAL_CAN_RxFifo1MsgPendingCallback)
    HAL_CAN_SleepCallback                    0x08000fa9   Thumb Code     2  stm32f4xx_hal_can.o(i.HAL_CAN_SleepCallback)
    HAL_CAN_Start                            0x08000fad   Thumb Code    88  stm32f4xx_hal_can.o(i.HAL_CAN_Start)
    HAL_CAN_TxMailbox0AbortCallback          0x08001005   Thumb Code     2  stm32f4xx_hal_can.o(i.HAL_CAN_TxMailbox0AbortCallback)
    HAL_CAN_TxMailbox0CompleteCallback       0x08001007   Thumb Code     2  stm32f4xx_hal_can.o(i.HAL_CAN_TxMailbox0CompleteCallback)
    HAL_CAN_TxMailbox1AbortCallback          0x08001009   Thumb Code     2  stm32f4xx_hal_can.o(i.HAL_CAN_TxMailbox1AbortCallback)
    HAL_CAN_TxMailbox1CompleteCallback       0x0800100b   Thumb Code     2  stm32f4xx_hal_can.o(i.HAL_CAN_TxMailbox1CompleteCallback)
    HAL_CAN_TxMailbox2AbortCallback          0x0800100d   Thumb Code     2  stm32f4xx_hal_can.o(i.HAL_CAN_TxMailbox2AbortCallback)
    HAL_CAN_TxMailbox2CompleteCallback       0x0800100f   Thumb Code     2  stm32f4xx_hal_can.o(i.HAL_CAN_TxMailbox2CompleteCallback)
    HAL_CAN_WakeUpFromRxMsgCallback          0x08001011   Thumb Code     2  stm32f4xx_hal_can.o(i.HAL_CAN_WakeUpFromRxMsgCallback)
    HAL_DMA_Abort                            0x08001013   Thumb Code   146  stm32f4xx_hal_dma.o(i.HAL_DMA_Abort)
    HAL_DMA_Abort_IT                         0x080010a5   Thumb Code    36  stm32f4xx_hal_dma.o(i.HAL_DMA_Abort_IT)
    HAL_DMA_IRQHandler                       0x080010c9   Thumb Code   412  stm32f4xx_hal_dma.o(i.HAL_DMA_IRQHandler)
    HAL_DMA_Init                             0x08001269   Thumb Code   206  stm32f4xx_hal_dma.o(i.HAL_DMA_Init)
    HAL_DMA_Start_IT                         0x0800133d   Thumb Code   110  stm32f4xx_hal_dma.o(i.HAL_DMA_Start_IT)
    HAL_Delay                                0x080013ad   Thumb Code    32  stm32f4xx_hal.o(i.HAL_Delay)
    HAL_GPIO_Init                            0x080013d1   Thumb Code   450  stm32f4xx_hal_gpio.o(i.HAL_GPIO_Init)
    HAL_GetTick                              0x080015c1   Thumb Code     6  stm32f4xx_hal.o(i.HAL_GetTick)
    HAL_IncTick                              0x080015cd   Thumb Code    12  stm32f4xx_hal.o(i.HAL_IncTick)
    HAL_Init                                 0x080015dd   Thumb Code    48  stm32f4xx_hal.o(i.HAL_Init)
    HAL_InitTick                             0x08001611   Thumb Code    54  stm32f4xx_hal.o(i.HAL_InitTick)
    HAL_MspInit                              0x08001651   Thumb Code    42  stm32f4xx_hal_msp.o(i.HAL_MspInit)
    HAL_NVIC_EnableIRQ                       0x08001681   Thumb Code    26  stm32f4xx_hal_cortex.o(i.HAL_NVIC_EnableIRQ)
    HAL_NVIC_SetPriority                     0x0800169d   Thumb Code    60  stm32f4xx_hal_cortex.o(i.HAL_NVIC_SetPriority)
    HAL_NVIC_SetPriorityGrouping             0x080016dd   Thumb Code    26  stm32f4xx_hal_cortex.o(i.HAL_NVIC_SetPriorityGrouping)
    HAL_RCC_ClockConfig                      0x08001701   Thumb Code   288  stm32f4xx_hal_rcc.o(i.HAL_RCC_ClockConfig)
    HAL_RCC_GetPCLK1Freq                     0x08001835   Thumb Code    20  stm32f4xx_hal_rcc.o(i.HAL_RCC_GetPCLK1Freq)
    HAL_RCC_GetPCLK2Freq                     0x08001855   Thumb Code    20  stm32f4xx_hal_rcc.o(i.HAL_RCC_GetPCLK2Freq)
    HAL_RCC_GetSysClockFreq                  0x08001875   Thumb Code    88  stm32f4xx_hal_rcc.o(i.HAL_RCC_GetSysClockFreq)
    HAL_RCC_OscConfig                        0x080018d9   Thumb Code   856  stm32f4xx_hal_rcc.o(i.HAL_RCC_OscConfig)
    HAL_SYSTICK_Config                       0x08001c45   Thumb Code    40  stm32f4xx_hal_cortex.o(i.HAL_SYSTICK_Config)
    HAL_TIMEx_BreakCallback                  0x08001c6d   Thumb Code     2  stm32f4xx_hal_tim_ex.o(i.HAL_TIMEx_BreakCallback)
    HAL_TIMEx_CommutCallback                 0x08001c6f   Thumb Code     2  stm32f4xx_hal_tim_ex.o(i.HAL_TIMEx_CommutCallback)
    HAL_TIMEx_MasterConfigSynchronization    0x08001c71   Thumb Code   116  stm32f4xx_hal_tim_ex.o(i.HAL_TIMEx_MasterConfigSynchronization)
    HAL_TIM_Base_Init                        0x08001d01   Thumb Code    90  stm32f4xx_hal_tim.o(i.HAL_TIM_Base_Init)
    HAL_TIM_Base_MspInit                     0x08001d5d   Thumb Code    50  tim.o(i.HAL_TIM_Base_MspInit)
    HAL_TIM_Base_Start_IT                    0x08001d99   Thumb Code   100  stm32f4xx_hal_tim.o(i.HAL_TIM_Base_Start_IT)
    HAL_TIM_IC_CaptureCallback               0x08001e19   Thumb Code     2  stm32f4xx_hal_tim.o(i.HAL_TIM_IC_CaptureCallback)
    HAL_TIM_IRQHandler                       0x08001e1b   Thumb Code   358  stm32f4xx_hal_tim.o(i.HAL_TIM_IRQHandler)
    HAL_TIM_MspPostInit                      0x08001f81   Thumb Code    68  tim.o(i.HAL_TIM_MspPostInit)
    HAL_TIM_OC_DelayElapsedCallback          0x08001fd1   Thumb Code     2  stm32f4xx_hal_tim.o(i.HAL_TIM_OC_DelayElapsedCallback)
    HAL_TIM_PWM_ConfigChannel                0x08001fd3   Thumb Code   204  stm32f4xx_hal_tim.o(i.HAL_TIM_PWM_ConfigChannel)
    HAL_TIM_PWM_Init                         0x0800209f   Thumb Code    90  stm32f4xx_hal_tim.o(i.HAL_TIM_PWM_Init)
    HAL_TIM_PWM_MspInit                      0x080020f9   Thumb Code    30  tim.o(i.HAL_TIM_PWM_MspInit)
    HAL_TIM_PWM_PulseFinishedCallback        0x08002121   Thumb Code     2  stm32f4xx_hal_tim.o(i.HAL_TIM_PWM_PulseFinishedCallback)
    HAL_TIM_PWM_Start                        0x08002125   Thumb Code   172  stm32f4xx_hal_tim.o(i.HAL_TIM_PWM_Start)
    HAL_TIM_PeriodElapsedCallback            0x080021ed   Thumb Code   374  main.o(i.HAL_TIM_PeriodElapsedCallback)
    HAL_TIM_TriggerCallback                  0x080023b1   Thumb Code     2  stm32f4xx_hal_tim.o(i.HAL_TIM_TriggerCallback)
    HAL_UARTEx_RxEventCallback               0x080023b3   Thumb Code     2  stm32f4xx_hal_uart.o(i.HAL_UARTEx_RxEventCallback)
    HAL_UART_ErrorCallback                   0x080023b5   Thumb Code    28  main.o(i.HAL_UART_ErrorCallback)
    HAL_UART_IRQHandler                      0x080023e1   Thumb Code   610  stm32f4xx_hal_uart.o(i.HAL_UART_IRQHandler)
    HAL_UART_Init                            0x08002649   Thumb Code    98  stm32f4xx_hal_uart.o(i.HAL_UART_Init)
    HAL_UART_MspInit                         0x080026ad   Thumb Code   210  usart.o(i.HAL_UART_MspInit)
    HAL_UART_Receive_DMA                     0x08002795   Thumb Code    42  stm32f4xx_hal_uart.o(i.HAL_UART_Receive_DMA)
    HAL_UART_RxCpltCallback                  0x080027c1   Thumb Code    88  main.o(i.HAL_UART_RxCpltCallback)
    HAL_UART_RxHalfCpltCallback              0x08002829   Thumb Code     2  stm32f4xx_hal_uart.o(i.HAL_UART_RxHalfCpltCallback)
    HAL_UART_TxCpltCallback                  0x0800282b   Thumb Code     2  stm32f4xx_hal_uart.o(i.HAL_UART_TxCpltCallback)
    HardFault_Handler                        0x0800282d   Thumb Code     2  stm32f4xx_it.o(i.HardFault_Handler)
    LOGIC                                    0x08002831   Thumb Code   792  logic.o(i.LOGIC)
    MX_CAN1_Init                             0x08002bbd   Thumb Code    60  can.o(i.MX_CAN1_Init)
    MX_CAN2_Init                             0x08002c01   Thumb Code    60  can.o(i.MX_CAN2_Init)
    MX_DMA_Init                              0x08002c45   Thumb Code    56  dma.o(i.MX_DMA_Init)
    MX_GPIO_Init                             0x08002c81   Thumb Code    70  gpio.o(i.MX_GPIO_Init)
    MX_TIM10_Init                            0x08002ccd   Thumb Code    44  tim.o(i.MX_TIM10_Init)
    MX_TIM3_Init                             0x08002d01   Thumb Code   108  tim.o(i.MX_TIM3_Init)
    MX_USART3_UART_Init                      0x08002d75   Thumb Code    48  usart.o(i.MX_USART3_UART_Init)
    MemManage_Handler                        0x08002dad   Thumb Code     2  stm32f4xx_it.o(i.MemManage_Handler)
    NMI_Handler                              0x08002daf   Thumb Code     2  stm32f4xx_it.o(i.NMI_Handler)
    PID_MODEL_initialize                     0x08002db1   Thumb Code    16  pid_model.o(i.PID_MODEL_initialize)
    PID_MODEL_step                           0x08002dcd   Thumb Code  1804  pid_model.o(i.PID_MODEL_step)
    PendSV_Handler                           0x080034dd   Thumb Code     2  stm32f4xx_it.o(i.PendSV_Handler)
    SVC_Handler                              0x080034df   Thumb Code     2  stm32f4xx_it.o(i.SVC_Handler)
    SysTick_Handler                          0x080034e1   Thumb Code     4  stm32f4xx_it.o(i.SysTick_Handler)
    SystemClock_Config                       0x080034e5   Thumb Code   140  main.o(i.SystemClock_Config)
    SystemInit                               0x08003579   Thumb Code    12  system_stm32f4xx.o(i.SystemInit)
    TIM1_UP_TIM10_IRQHandler                 0x08003589   Thumb Code     6  stm32f4xx_it.o(i.TIM1_UP_TIM10_IRQHandler)
    TIM_Base_SetConfig                       0x08003595   Thumb Code   156  stm32f4xx_hal_tim.o(i.TIM_Base_SetConfig)
    TIM_CCxChannelCmd                        0x0800365d   Thumb Code    26  stm32f4xx_hal_tim.o(i.TIM_CCxChannelCmd)
    TIM_OC2_SetConfig                        0x080036d9   Thumb Code    98  stm32f4xx_hal_tim.o(i.TIM_OC2_SetConfig)
    UART_Start_Receive_DMA                   0x08003b29   Thumb Code   134  stm32f4xx_hal_uart.o(i.UART_Start_Receive_DMA)
    USART3_IRQHandler                        0x08003bbd   Thumb Code     6  stm32f4xx_it.o(i.USART3_IRQHandler)
    UsageFault_Handler                       0x08003bc9   Thumb Code     2  stm32f4xx_it.o(i.UsageFault_Handler)
    __hardfp_fabs                            0x08003beb   Thumb Code    20  fabs.o(i.__hardfp_fabs)
    can_filter_init                          0x08003c01   Thumb Code    74  bsp_can.o(i.can_filter_init)
    circle_cc                                0x08003c55   Thumb Code    38  bsp_can.o(i.circle_cc)
    main                                     0x08003c7d   Thumb Code   216  main.o(i.main)
    motor_state_update_can2                  0x08003ddd   Thumb Code    38  bsp_can.o(i.motor_state_update_can2)
    target_monitor                           0x08003e09   Thumb Code   288  logic.o(i.target_monitor)
    __aeabi_dadd                             0x08003f69   Thumb Code     0  daddsub_clz.o(x$fpl$dadd)
    _dadd                                    0x08003f69   Thumb Code   332  daddsub_clz.o(x$fpl$dadd)
    __fpl_dcmp_Inf                           0x080040b9   Thumb Code    24  dcmpi.o(x$fpl$dcmpinf)
    __aeabi_ddiv                             0x080040d1   Thumb Code     0  ddiv.o(x$fpl$ddiv)
    _ddiv                                    0x080040d1   Thumb Code   552  ddiv.o(x$fpl$ddiv)
    __aeabi_d2iz                             0x08004381   Thumb Code     0  dfix.o(x$fpl$dfix)
    _dfix                                    0x08004381   Thumb Code    94  dfix.o(x$fpl$dfix)
    __aeabi_i2d                              0x080043df   Thumb Code     0  dflt_clz.o(x$fpl$dflt)
    _dflt                                    0x080043df   Thumb Code    46  dflt_clz.o(x$fpl$dflt)
    __aeabi_ui2d                             0x0800440d   Thumb Code     0  dflt_clz.o(x$fpl$dfltu)
    _dfltu                                   0x0800440d   Thumb Code    38  dflt_clz.o(x$fpl$dfltu)
    __aeabi_cdcmple                          0x08004435   Thumb Code     0  dleqf.o(x$fpl$dleqf)
    _dcmple                                  0x08004435   Thumb Code   120  dleqf.o(x$fpl$dleqf)
    __fpl_dcmple_InfNaN                      0x08004497   Thumb Code     0  dleqf.o(x$fpl$dleqf)
    __aeabi_dmul                             0x080044ad   Thumb Code     0  dmul.o(x$fpl$dmul)
    _dmul                                    0x080044ad   Thumb Code   332  dmul.o(x$fpl$dmul)
    __fpl_dnaninf                            0x08004601   Thumb Code   156  dnaninf.o(x$fpl$dnaninf)
    __fpl_dretinf                            0x0800469d   Thumb Code    12  dretinf.o(x$fpl$dretinf)
    __aeabi_cdrcmple                         0x080046a9   Thumb Code     0  drleqf.o(x$fpl$drleqf)
    _drcmple                                 0x080046a9   Thumb Code   108  drleqf.o(x$fpl$drleqf)
    __aeabi_drsub                            0x08004715   Thumb Code     0  daddsub_clz.o(x$fpl$drsb)
    _drsb                                    0x08004715   Thumb Code    22  daddsub_clz.o(x$fpl$drsb)
    __aeabi_dsub                             0x0800472d   Thumb Code     0  daddsub_clz.o(x$fpl$dsub)
    _dsub                                    0x0800472d   Thumb Code   464  daddsub_clz.o(x$fpl$dsub)
    _fp_init                                 0x08004901   Thumb Code    10  fpinit.o(x$fpl$fpinit)
    __fplib_config_fpu_vfp                   0x08004909   Thumb Code     0  fpinit.o(x$fpl$fpinit)
    __fplib_config_pureend_doubles           0x08004909   Thumb Code     0  fpinit.o(x$fpl$fpinit)
    __I$use$fp                               0x0800490a   Number         0  usenofp.o(x$fpl$usenofp)
    AHBPrescTable                            0x08004912   Data          16  system_stm32f4xx.o(.constdata)
    APBPrescTable                            0x08004922   Data           8  system_stm32f4xx.o(.constdata)
    Region$$Table$$Base                      0x0800492c   Number         0  anon$$obj.o(Region$$Table)
    Region$$Table$$Limit                     0x0800494c   Number         0  anon$$obj.o(Region$$Table)
    current_state                            0x20000000   Data           1  main.o(.data)
    Logic_FLAG                               0x20000001   Data           1  main.o(.data)
    move_FLAG                                0x20000002   Data           8  main.o(.data)
    servo_FLAG                               0x2000000a   Data           1  main.o(.data)
    num_state                                0x2000000b   Data           1  main.o(.data)
    TEMP_YAW_TGT_2006                        0x20000010   Data           8  main.o(.data)
    logic_change                             0x20000018   Data           1  main.o(.data)
    current_ang                              0x20000020   Data           8  main.o(.data)
    USART_FLAG                               0x20000028   Data           1  main.o(.data)
    lx                                       0x2000002a   Data           2  main.o(.data)
    ly                                       0x2000002c   Data           2  main.o(.data)
    rx                                       0x2000002e   Data           2  main.o(.data)
    ry                                       0x20000030   Data           2  main.o(.data)
    lp                                       0x20000032   Data           2  main.o(.data)
    rp                                       0x20000034   Data           2  main.o(.data)
    B1                                       0x20000036   Data           1  main.o(.data)
    B2                                       0x20000037   Data           1  main.o(.data)
    Cal_Parity                               0x20000038   Data           1  main.o(.data)
    uwTickFreq                               0x20000040   Data           1  stm32f4xx_hal.o(.data)
    uwTickPrio                               0x20000044   Data           4  stm32f4xx_hal.o(.data)
    uwTick                                   0x20000048   Data           4  stm32f4xx_hal.o(.data)
    SystemCoreClock                          0x2000004c   Data           4  system_stm32f4xx.o(.data)
    rtP                                      0x20000050   Data         112  pid_model_data.o(.data)
    YAW_TGT                                  0x200000e8   Data          64  main.o(.bss)
    ANG_TGT                                  0x20000128   Data          64  main.o(.bss)
    can_output                               0x20000168   Data          32  main.o(.bss)
    DataRe                                   0x20000188   Data          17  main.o(.bss)
    current_target                           0x200001a0   Data          64  main.o(.bss)
    target_error                             0x200001e0   Data          64  main.o(.bss)
    hcan1                                    0x20000220   Data          40  can.o(.bss)
    hcan2                                    0x20000248   Data          40  can.o(.bss)
    htim3                                    0x20000270   Data          72  tim.o(.bss)
    htim10                                   0x200002b8   Data          72  tim.o(.bss)
    huart3                                   0x20000300   Data          68  usart.o(.bss)
    hdma_usart3_rx                           0x20000344   Data          96  usart.o(.bss)
    hdma_usart3_tx                           0x200003a4   Data          96  usart.o(.bss)
    rtDW                                     0x20000408   Data         120  pid_model.o(.bss)
    rtU                                      0x20000480   Data          96  pid_model.o(.bss)
    rtY                                      0x200004e0   Data          48  pid_model.o(.bss)
    motor_data_can1                          0x20000610   Data          32  bsp_can.o(.bss)
    motor_data_can2                          0x20000630   Data          32  bsp_can.o(.bss)
    __libspace_start                         0x200006b0   Data          96  libspace.o(.bss)
    __temporary_stack_top$libspace           0x20000710   Data           0  libspace.o(.bss)



==============================================================================

Memory Map of the image

  Image Entry point : 0x08000189

  Load Region LR_IROM1 (Base: 0x08000000, Size: 0x00004a30, Max: 0x00100000, ABSOLUTE)

    Execution Region ER_IROM1 (Exec base: 0x08000000, Load base: 0x08000000, Size: 0x0000494c, Max: 0x00100000, ABSOLUTE)

    Exec Addr    Load Addr    Size         Type   Attr      Idx    E Section Name        Object

    0x08000000   0x08000000   0x00000188   Data   RO            3    RESET               startup_stm32f407xx.o
    0x08000188   0x08000188   0x00000008   Code   RO         3527  * !!!main             c_w.l(__main.o)
    0x08000190   0x08000190   0x00000034   Code   RO         3733    !!!scatter          c_w.l(__scatter.o)
    0x080001c4   0x080001c4   0x0000001a   Code   RO         3735    !!handler_copy      c_w.l(__scatter_copy.o)
    0x080001de   0x080001de   0x00000002   PAD
    0x080001e0   0x080001e0   0x0000001c   Code   RO         3737    !!handler_zi        c_w.l(__scatter_zi.o)
    0x080001fc   0x080001fc   0x00000002   Code   RO         3603    .ARM.Collect$$libinit$$00000000  c_w.l(libinit.o)
    0x080001fe   0x080001fe   0x00000004   Code   RO         3615    .ARM.Collect$$libinit$$00000001  c_w.l(libinit2.o)
    0x08000202   0x08000202   0x00000000   Code   RO         3618    .ARM.Collect$$libinit$$00000004  c_w.l(libinit2.o)
    0x08000202   0x08000202   0x00000000   Code   RO         3621    .ARM.Collect$$libinit$$0000000A  c_w.l(libinit2.o)
    0x08000202   0x08000202   0x00000000   Code   RO         3623    .ARM.Collect$$libinit$$0000000C  c_w.l(libinit2.o)
    0x08000202   0x08000202   0x00000000   Code   RO         3625    .ARM.Collect$$libinit$$0000000E  c_w.l(libinit2.o)
    0x08000202   0x08000202   0x00000000   Code   RO         3628    .ARM.Collect$$libinit$$00000011  c_w.l(libinit2.o)
    0x08000202   0x08000202   0x00000000   Code   RO         3630    .ARM.Collect$$libinit$$00000013  c_w.l(libinit2.o)
    0x08000202   0x08000202   0x00000000   Code   RO         3632    .ARM.Collect$$libinit$$00000015  c_w.l(libinit2.o)
    0x08000202   0x08000202   0x00000000   Code   RO         3634    .ARM.Collect$$libinit$$00000017  c_w.l(libinit2.o)
    0x08000202   0x08000202   0x00000000   Code   RO         3636    .ARM.Collect$$libinit$$00000019  c_w.l(libinit2.o)
    0x08000202   0x08000202   0x00000000   Code   RO         3638    .ARM.Collect$$libinit$$0000001B  c_w.l(libinit2.o)
    0x08000202   0x08000202   0x00000000   Code   RO         3640    .ARM.Collect$$libinit$$0000001D  c_w.l(libinit2.o)
    0x08000202   0x08000202   0x00000000   Code   RO         3642    .ARM.Collect$$libinit$$0000001F  c_w.l(libinit2.o)
    0x08000202   0x08000202   0x00000000   Code   RO         3644    .ARM.Collect$$libinit$$00000021  c_w.l(libinit2.o)
    0x08000202   0x08000202   0x00000000   Code   RO         3646    .ARM.Collect$$libinit$$00000023  c_w.l(libinit2.o)
    0x08000202   0x08000202   0x00000000   Code   RO         3648    .ARM.Collect$$libinit$$00000025  c_w.l(libinit2.o)
    0x08000202   0x08000202   0x00000000   Code   RO         3652    .ARM.Collect$$libinit$$0000002C  c_w.l(libinit2.o)
    0x08000202   0x08000202   0x00000000   Code   RO         3654    .ARM.Collect$$libinit$$0000002E  c_w.l(libinit2.o)
    0x08000202   0x08000202   0x00000000   Code   RO         3656    .ARM.Collect$$libinit$$00000030  c_w.l(libinit2.o)
    0x08000202   0x08000202   0x00000000   Code   RO         3658    .ARM.Collect$$libinit$$00000032  c_w.l(libinit2.o)
    0x08000202   0x08000202   0x00000002   Code   RO         3659    .ARM.Collect$$libinit$$00000033  c_w.l(libinit2.o)
    0x08000204   0x08000204   0x00000002   Code   RO         3690    .ARM.Collect$$libshutdown$$00000000  c_w.l(libshutdown.o)
    0x08000206   0x08000206   0x00000000   Code   RO         3716    .ARM.Collect$$libshutdown$$00000002  c_w.l(libshutdown2.o)
    0x08000206   0x08000206   0x00000000   Code   RO         3718    .ARM.Collect$$libshutdown$$00000004  c_w.l(libshutdown2.o)
    0x08000206   0x08000206   0x00000000   Code   RO         3721    .ARM.Collect$$libshutdown$$00000007  c_w.l(libshutdown2.o)
    0x08000206   0x08000206   0x00000000   Code   RO         3724    .ARM.Collect$$libshutdown$$0000000A  c_w.l(libshutdown2.o)
    0x08000206   0x08000206   0x00000000   Code   RO         3726    .ARM.Collect$$libshutdown$$0000000C  c_w.l(libshutdown2.o)
    0x08000206   0x08000206   0x00000000   Code   RO         3729    .ARM.Collect$$libshutdown$$0000000F  c_w.l(libshutdown2.o)
    0x08000206   0x08000206   0x00000002   Code   RO         3730    .ARM.Collect$$libshutdown$$00000010  c_w.l(libshutdown2.o)
    0x08000208   0x08000208   0x00000000   Code   RO         3561    .ARM.Collect$$rtentry$$00000000  c_w.l(__rtentry.o)
    0x08000208   0x08000208   0x00000000   Code   RO         3574    .ARM.Collect$$rtentry$$00000002  c_w.l(__rtentry2.o)
    0x08000208   0x08000208   0x00000006   Code   RO         3586    .ARM.Collect$$rtentry$$00000004  c_w.l(__rtentry4.o)
    0x0800020e   0x0800020e   0x00000000   Code   RO         3576    .ARM.Collect$$rtentry$$00000009  c_w.l(__rtentry2.o)
    0x0800020e   0x0800020e   0x00000004   Code   RO         3577    .ARM.Collect$$rtentry$$0000000A  c_w.l(__rtentry2.o)
    0x08000212   0x08000212   0x00000000   Code   RO         3579    .ARM.Collect$$rtentry$$0000000C  c_w.l(__rtentry2.o)
    0x08000212   0x08000212   0x00000008   Code   RO         3580    .ARM.Collect$$rtentry$$0000000D  c_w.l(__rtentry2.o)
    0x0800021a   0x0800021a   0x00000002   Code   RO         3607    .ARM.Collect$$rtexit$$00000000  c_w.l(rtexit.o)
    0x0800021c   0x0800021c   0x00000000   Code   RO         3663    .ARM.Collect$$rtexit$$00000002  c_w.l(rtexit2.o)
    0x0800021c   0x0800021c   0x00000004   Code   RO         3664    .ARM.Collect$$rtexit$$00000003  c_w.l(rtexit2.o)
    0x08000220   0x08000220   0x00000006   Code   RO         3665    .ARM.Collect$$rtexit$$00000004  c_w.l(rtexit2.o)
    0x08000226   0x08000226   0x00000002   PAD
    0x08000228   0x08000228   0x00000040   Code   RO            4    .text               startup_stm32f407xx.o
    0x08000268   0x08000268   0x000000ee   Code   RO         3521    .text               c_w.l(lludivv7m.o)
    0x08000356   0x08000356   0x0000004e   Code   RO         3523    .text               c_w.l(rt_memclr_w.o)
    0x080003a4   0x080003a4   0x00000006   Code   RO         3525    .text               c_w.l(heapauxi.o)
    0x080003aa   0x080003aa   0x0000004a   Code   RO         3590    .text               c_w.l(sys_stackheap_outer.o)
    0x080003f4   0x080003f4   0x00000012   Code   RO         3592    .text               c_w.l(exit.o)
    0x08000406   0x08000406   0x00000002   PAD
    0x08000408   0x08000408   0x00000008   Code   RO         3604    .text               c_w.l(libspace.o)
    0x08000410   0x08000410   0x0000000c   Code   RO         3660    .text               c_w.l(sys_exit.o)
    0x0800041c   0x0800041c   0x00000002   Code   RO         3679    .text               c_w.l(use_no_semi.o)
    0x0800041e   0x0800041e   0x00000000   Code   RO         3681    .text               c_w.l(indicate_semi.o)
    0x0800041e   0x0800041e   0x00000002   Code   RO          443    i.BusFault_Handler  stm32f4xx_it.o
    0x08000420   0x08000420   0x0000010c   Code   RO         3373    i.CAL_MESSAGE       calculate.o
    0x0800052c   0x0800052c   0x0000000c   Code   RO          444    i.CAN1_RX0_IRQHandler  stm32f4xx_it.o
    0x08000538   0x08000538   0x0000000c   Code   RO          445    i.CAN1_TX_IRQHandler  stm32f4xx_it.o
    0x08000544   0x08000544   0x0000000c   Code   RO          446    i.CAN2_RX0_IRQHandler  stm32f4xx_it.o
    0x08000550   0x08000550   0x0000000c   Code   RO          447    i.CAN2_TX_IRQHandler  stm32f4xx_it.o
    0x0800055c   0x0800055c   0x000000b0   Code   RO         3412    i.CAN2_cmd_chassis  bsp_can.o
    0x0800060c   0x0800060c   0x00000016   Code   RO         3374    i.CalculateParity   calculate.o
    0x08000622   0x08000622   0x00000002   PAD
    0x08000624   0x08000624   0x000000dc   Code   RO         3322    i.Chart1            pid_model.o
    0x08000700   0x08000700   0x0000000c   Code   RO          448    i.DMA1_Stream1_IRQHandler  stm32f4xx_it.o
    0x0800070c   0x0800070c   0x0000000c   Code   RO          449    i.DMA1_Stream3_IRQHandler  stm32f4xx_it.o
    0x08000718   0x08000718   0x00000028   Code   RO         1284    i.DMA_CalcBaseAndBitshift  stm32f4xx_hal_dma.o
    0x08000740   0x08000740   0x00000054   Code   RO         1285    i.DMA_CheckFifoParam  stm32f4xx_hal_dma.o
    0x08000794   0x08000794   0x00000028   Code   RO         1286    i.DMA_SetConfig     stm32f4xx_hal_dma.o
    0x080007bc   0x080007bc   0x00000002   Code   RO          450    i.DebugMon_Handler  stm32f4xx_it.o
    0x080007be   0x080007be   0x00000004   Code   RO           13    i.Error_Handler     main.o
    0x080007c2   0x080007c2   0x00000024   Code   RO          592    i.HAL_CAN_ActivateNotification  stm32f4xx_hal_can.o
    0x080007e6   0x080007e6   0x000000c8   Code   RO          593    i.HAL_CAN_AddTxMessage  stm32f4xx_hal_can.o
    0x080008ae   0x080008ae   0x00000002   PAD
    0x080008b0   0x080008b0   0x0000010c   Code   RO          594    i.HAL_CAN_ConfigFilter  stm32f4xx_hal_can.o
    0x080009bc   0x080009bc   0x00000002   Code   RO          597    i.HAL_CAN_ErrorCallback  stm32f4xx_hal_can.o
    0x080009be   0x080009be   0x000000e8   Code   RO          600    i.HAL_CAN_GetRxMessage  stm32f4xx_hal_can.o
    0x08000aa6   0x08000aa6   0x000001fc   Code   RO          604    i.HAL_CAN_IRQHandler  stm32f4xx_hal_can.o
    0x08000ca2   0x08000ca2   0x0000011a   Code   RO          605    i.HAL_CAN_Init      stm32f4xx_hal_can.o
    0x08000dbc   0x08000dbc   0x0000011c   Code   RO          263    i.HAL_CAN_MspInit   can.o
    0x08000ed8   0x08000ed8   0x00000002   Code   RO          612    i.HAL_CAN_RxFifo0FullCallback  stm32f4xx_hal_can.o
    0x08000eda   0x08000eda   0x00000002   PAD
    0x08000edc   0x08000edc   0x000000c8   Code   RO         3413    i.HAL_CAN_RxFifo0MsgPendingCallback  bsp_can.o
    0x08000fa4   0x08000fa4   0x00000002   Code   RO          614    i.HAL_CAN_RxFifo1FullCallback  stm32f4xx_hal_can.o
    0x08000fa6   0x08000fa6   0x00000002   Code   RO          615    i.HAL_CAN_RxFifo1MsgPendingCallback  stm32f4xx_hal_can.o
    0x08000fa8   0x08000fa8   0x00000002   Code   RO          616    i.HAL_CAN_SleepCallback  stm32f4xx_hal_can.o
    0x08000faa   0x08000faa   0x00000002   PAD
    0x08000fac   0x08000fac   0x00000058   Code   RO          617    i.HAL_CAN_Start     stm32f4xx_hal_can.o
    0x08001004   0x08001004   0x00000002   Code   RO          619    i.HAL_CAN_TxMailbox0AbortCallback  stm32f4xx_hal_can.o
    0x08001006   0x08001006   0x00000002   Code   RO          620    i.HAL_CAN_TxMailbox0CompleteCallback  stm32f4xx_hal_can.o
    0x08001008   0x08001008   0x00000002   Code   RO          621    i.HAL_CAN_TxMailbox1AbortCallback  stm32f4xx_hal_can.o
    0x0800100a   0x0800100a   0x00000002   Code   RO          622    i.HAL_CAN_TxMailbox1CompleteCallback  stm32f4xx_hal_can.o
    0x0800100c   0x0800100c   0x00000002   Code   RO          623    i.HAL_CAN_TxMailbox2AbortCallback  stm32f4xx_hal_can.o
    0x0800100e   0x0800100e   0x00000002   Code   RO          624    i.HAL_CAN_TxMailbox2CompleteCallback  stm32f4xx_hal_can.o
    0x08001010   0x08001010   0x00000002   Code   RO          626    i.HAL_CAN_WakeUpFromRxMsgCallback  stm32f4xx_hal_can.o
    0x08001012   0x08001012   0x00000092   Code   RO         1287    i.HAL_DMA_Abort     stm32f4xx_hal_dma.o
    0x080010a4   0x080010a4   0x00000024   Code   RO         1288    i.HAL_DMA_Abort_IT  stm32f4xx_hal_dma.o
    0x080010c8   0x080010c8   0x000001a0   Code   RO         1292    i.HAL_DMA_IRQHandler  stm32f4xx_hal_dma.o
    0x08001268   0x08001268   0x000000d4   Code   RO         1293    i.HAL_DMA_Init      stm32f4xx_hal_dma.o
    0x0800133c   0x0800133c   0x0000006e   Code   RO         1297    i.HAL_DMA_Start_IT  stm32f4xx_hal_dma.o
    0x080013aa   0x080013aa   0x00000002   PAD
    0x080013ac   0x080013ac   0x00000024   Code   RO         1706    i.HAL_Delay         stm32f4xx_hal.o
    0x080013d0   0x080013d0   0x000001f0   Code   RO         1180    i.HAL_GPIO_Init     stm32f4xx_hal_gpio.o
    0x080015c0   0x080015c0   0x0000000c   Code   RO         1712    i.HAL_GetTick       stm32f4xx_hal.o
    0x080015cc   0x080015cc   0x00000010   Code   RO         1718    i.HAL_IncTick       stm32f4xx_hal.o
    0x080015dc   0x080015dc   0x00000034   Code   RO         1719    i.HAL_Init          stm32f4xx_hal.o
    0x08001610   0x08001610   0x00000040   Code   RO         1720    i.HAL_InitTick      stm32f4xx_hal.o
    0x08001650   0x08001650   0x00000030   Code   RO          567    i.HAL_MspInit       stm32f4xx_hal_msp.o
    0x08001680   0x08001680   0x0000001a   Code   RO         1569    i.HAL_NVIC_EnableIRQ  stm32f4xx_hal_cortex.o
    0x0800169a   0x0800169a   0x00000002   PAD
    0x0800169c   0x0800169c   0x00000040   Code   RO         1575    i.HAL_NVIC_SetPriority  stm32f4xx_hal_cortex.o
    0x080016dc   0x080016dc   0x00000024   Code   RO         1576    i.HAL_NVIC_SetPriorityGrouping  stm32f4xx_hal_cortex.o
    0x08001700   0x08001700   0x00000134   Code   RO          826    i.HAL_RCC_ClockConfig  stm32f4xx_hal_rcc.o
    0x08001834   0x08001834   0x00000020   Code   RO          833    i.HAL_RCC_GetPCLK1Freq  stm32f4xx_hal_rcc.o
    0x08001854   0x08001854   0x00000020   Code   RO          834    i.HAL_RCC_GetPCLK2Freq  stm32f4xx_hal_rcc.o
    0x08001874   0x08001874   0x00000064   Code   RO          835    i.HAL_RCC_GetSysClockFreq  stm32f4xx_hal_rcc.o
    0x080018d8   0x080018d8   0x0000036c   Code   RO          838    i.HAL_RCC_OscConfig  stm32f4xx_hal_rcc.o
    0x08001c44   0x08001c44   0x00000028   Code   RO         1580    i.HAL_SYSTICK_Config  stm32f4xx_hal_cortex.o
    0x08001c6c   0x08001c6c   0x00000002   Code   RO         2663    i.HAL_TIMEx_BreakCallback  stm32f4xx_hal_tim_ex.o
    0x08001c6e   0x08001c6e   0x00000002   Code   RO         2664    i.HAL_TIMEx_CommutCallback  stm32f4xx_hal_tim_ex.o
    0x08001c70   0x08001c70   0x00000090   Code   RO         2682    i.HAL_TIMEx_MasterConfigSynchronization  stm32f4xx_hal_tim_ex.o
    0x08001d00   0x08001d00   0x0000005a   Code   RO         1959    i.HAL_TIM_Base_Init  stm32f4xx_hal_tim.o
    0x08001d5a   0x08001d5a   0x00000002   PAD
    0x08001d5c   0x08001d5c   0x0000003c   Code   RO          336    i.HAL_TIM_Base_MspInit  tim.o
    0x08001d98   0x08001d98   0x00000080   Code   RO         1964    i.HAL_TIM_Base_Start_IT  stm32f4xx_hal_tim.o
    0x08001e18   0x08001e18   0x00000002   Code   RO         1993    i.HAL_TIM_IC_CaptureCallback  stm32f4xx_hal_tim.o
    0x08001e1a   0x08001e1a   0x00000166   Code   RO         2007    i.HAL_TIM_IRQHandler  stm32f4xx_hal_tim.o
    0x08001f80   0x08001f80   0x00000050   Code   RO          337    i.HAL_TIM_MspPostInit  tim.o
    0x08001fd0   0x08001fd0   0x00000002   Code   RO         2010    i.HAL_TIM_OC_DelayElapsedCallback  stm32f4xx_hal_tim.o
    0x08001fd2   0x08001fd2   0x000000cc   Code   RO         2031    i.HAL_TIM_PWM_ConfigChannel  stm32f4xx_hal_tim.o
    0x0800209e   0x0800209e   0x0000005a   Code   RO         2034    i.HAL_TIM_PWM_Init  stm32f4xx_hal_tim.o
    0x080020f8   0x080020f8   0x00000028   Code   RO          339    i.HAL_TIM_PWM_MspInit  tim.o
    0x08002120   0x08002120   0x00000002   Code   RO         2037    i.HAL_TIM_PWM_PulseFinishedCallback  stm32f4xx_hal_tim.o
    0x08002122   0x08002122   0x00000002   PAD
    0x08002124   0x08002124   0x000000c8   Code   RO         2039    i.HAL_TIM_PWM_Start  stm32f4xx_hal_tim.o
    0x080021ec   0x080021ec   0x000001c4   Code   RO           14    i.HAL_TIM_PeriodElapsedCallback  main.o
    0x080023b0   0x080023b0   0x00000002   Code   RO         2050    i.HAL_TIM_TriggerCallback  stm32f4xx_hal_tim.o
    0x080023b2   0x080023b2   0x00000002   Code   RO         2941    i.HAL_UARTEx_RxEventCallback  stm32f4xx_hal_uart.o
    0x080023b4   0x080023b4   0x0000002c   Code   RO           15    i.HAL_UART_ErrorCallback  main.o
    0x080023e0   0x080023e0   0x00000268   Code   RO         2958    i.HAL_UART_IRQHandler  stm32f4xx_hal_uart.o
    0x08002648   0x08002648   0x00000062   Code   RO         2959    i.HAL_UART_Init     stm32f4xx_hal_uart.o
    0x080026aa   0x080026aa   0x00000002   PAD
    0x080026ac   0x080026ac   0x000000e8   Code   RO          402    i.HAL_UART_MspInit  usart.o
    0x08002794   0x08002794   0x0000002a   Code   RO         2963    i.HAL_UART_Receive_DMA  stm32f4xx_hal_uart.o
    0x080027be   0x080027be   0x00000002   PAD
    0x080027c0   0x080027c0   0x00000068   Code   RO           16    i.HAL_UART_RxCpltCallback  main.o
    0x08002828   0x08002828   0x00000002   Code   RO         2966    i.HAL_UART_RxHalfCpltCallback  stm32f4xx_hal_uart.o
    0x0800282a   0x0800282a   0x00000002   Code   RO         2970    i.HAL_UART_TxCpltCallback  stm32f4xx_hal_uart.o
    0x0800282c   0x0800282c   0x00000002   Code   RO          451    i.HardFault_Handler  stm32f4xx_it.o
    0x0800282e   0x0800282e   0x00000002   PAD
    0x08002830   0x08002830   0x0000038c   Code   RO         3488    i.LOGIC             logic.o
    0x08002bbc   0x08002bbc   0x00000044   Code   RO          264    i.MX_CAN1_Init      can.o
    0x08002c00   0x08002c00   0x00000044   Code   RO          265    i.MX_CAN2_Init      can.o
    0x08002c44   0x08002c44   0x0000003c   Code   RO          311    i.MX_DMA_Init       dma.o
    0x08002c80   0x08002c80   0x0000004c   Code   RO          238    i.MX_GPIO_Init      gpio.o
    0x08002ccc   0x08002ccc   0x00000034   Code   RO          340    i.MX_TIM10_Init     tim.o
    0x08002d00   0x08002d00   0x00000074   Code   RO          341    i.MX_TIM3_Init      tim.o
    0x08002d74   0x08002d74   0x00000038   Code   RO          403    i.MX_USART3_UART_Init  usart.o
    0x08002dac   0x08002dac   0x00000002   Code   RO          452    i.MemManage_Handler  stm32f4xx_it.o
    0x08002dae   0x08002dae   0x00000002   Code   RO          453    i.NMI_Handler       stm32f4xx_it.o
    0x08002db0   0x08002db0   0x0000001c   Code   RO         3323    i.PID_MODEL_initialize  pid_model.o
    0x08002dcc   0x08002dcc   0x00000710   Code   RO         3324    i.PID_MODEL_step    pid_model.o
    0x080034dc   0x080034dc   0x00000002   Code   RO          454    i.PendSV_Handler    stm32f4xx_it.o
    0x080034de   0x080034de   0x00000002   Code   RO          455    i.SVC_Handler       stm32f4xx_it.o
    0x080034e0   0x080034e0   0x00000004   Code   RO          456    i.SysTick_Handler   stm32f4xx_it.o
    0x080034e4   0x080034e4   0x00000094   Code   RO           17    i.SystemClock_Config  main.o
    0x08003578   0x08003578   0x00000010   Code   RO         3288    i.SystemInit        system_stm32f4xx.o
    0x08003588   0x08003588   0x0000000c   Code   RO          457    i.TIM1_UP_TIM10_IRQHandler  stm32f4xx_it.o
    0x08003594   0x08003594   0x000000c8   Code   RO         2052    i.TIM_Base_SetConfig  stm32f4xx_hal_tim.o
    0x0800365c   0x0800365c   0x0000001a   Code   RO         2053    i.TIM_CCxChannelCmd  stm32f4xx_hal_tim.o
    0x08003676   0x08003676   0x00000002   PAD
    0x08003678   0x08003678   0x00000060   Code   RO         2065    i.TIM_OC1_SetConfig  stm32f4xx_hal_tim.o
    0x080036d8   0x080036d8   0x0000006c   Code   RO         2066    i.TIM_OC2_SetConfig  stm32f4xx_hal_tim.o
    0x08003744   0x08003744   0x00000068   Code   RO         2067    i.TIM_OC3_SetConfig  stm32f4xx_hal_tim.o
    0x080037ac   0x080037ac   0x00000050   Code   RO         2068    i.TIM_OC4_SetConfig  stm32f4xx_hal_tim.o
    0x080037fc   0x080037fc   0x00000010   Code   RO         2972    i.UART_DMAAbortOnError  stm32f4xx_hal_uart.o
    0x0800380c   0x0800380c   0x0000004a   Code   RO         2973    i.UART_DMAError     stm32f4xx_hal_uart.o
    0x08003856   0x08003856   0x00000082   Code   RO         2974    i.UART_DMAReceiveCplt  stm32f4xx_hal_uart.o
    0x080038d8   0x080038d8   0x0000001a   Code   RO         2976    i.UART_DMARxHalfCplt  stm32f4xx_hal_uart.o
    0x080038f2   0x080038f2   0x0000004e   Code   RO         2982    i.UART_EndRxTransfer  stm32f4xx_hal_uart.o
    0x08003940   0x08003940   0x0000001c   Code   RO         2983    i.UART_EndTxTransfer  stm32f4xx_hal_uart.o
    0x0800395c   0x0800395c   0x000000c0   Code   RO         2984    i.UART_Receive_IT   stm32f4xx_hal_uart.o
    0x08003a1c   0x08003a1c   0x0000010c   Code   RO         2985    i.UART_SetConfig    stm32f4xx_hal_uart.o
    0x08003b28   0x08003b28   0x00000094   Code   RO         2986    i.UART_Start_Receive_DMA  stm32f4xx_hal_uart.o
    0x08003bbc   0x08003bbc   0x0000000c   Code   RO          458    i.USART3_IRQHandler  stm32f4xx_it.o
    0x08003bc8   0x08003bc8   0x00000002   Code   RO          459    i.UsageFault_Handler  stm32f4xx_it.o
    0x08003bca   0x08003bca   0x00000020   Code   RO         1582    i.__NVIC_SetPriority  stm32f4xx_hal_cortex.o
    0x08003bea   0x08003bea   0x00000014   Code   RO         3555    i.__hardfp_fabs     m_wm.l(fabs.o)
    0x08003bfe   0x08003bfe   0x00000002   PAD
    0x08003c00   0x08003c00   0x00000054   Code   RO         3414    i.can_filter_init   bsp_can.o
    0x08003c54   0x08003c54   0x00000026   Code   RO         3415    i.circle_cc         bsp_can.o
    0x08003c7a   0x08003c7a   0x00000002   PAD
    0x08003c7c   0x08003c7c   0x00000160   Code   RO           18    i.main              main.o
    0x08003ddc   0x08003ddc   0x0000002c   Code   RO         3419    i.motor_state_update_can2  bsp_can.o
    0x08003e08   0x08003e08   0x00000160   Code   RO         3489    i.target_monitor    logic.o
    0x08003f68   0x08003f68   0x00000150   Code   RO         3529    x$fpl$dadd          fz_wm.l(daddsub_clz.o)
    0x080040b8   0x080040b8   0x00000018   Code   RO         3566    x$fpl$dcmpinf       fz_wm.l(dcmpi.o)
    0x080040d0   0x080040d0   0x000002b0   Code   RO         3536    x$fpl$ddiv          fz_wm.l(ddiv.o)
    0x08004380   0x08004380   0x0000005e   Code   RO         3539    x$fpl$dfix          fz_wm.l(dfix.o)
    0x080043de   0x080043de   0x0000002e   Code   RO         3544    x$fpl$dflt          fz_wm.l(dflt_clz.o)
    0x0800440c   0x0800440c   0x00000026   Code   RO         3543    x$fpl$dfltu         fz_wm.l(dflt_clz.o)
    0x08004432   0x08004432   0x00000002   PAD
    0x08004434   0x08004434   0x00000078   Code   RO         3549    x$fpl$dleqf         fz_wm.l(dleqf.o)
    0x080044ac   0x080044ac   0x00000154   Code   RO         3551    x$fpl$dmul          fz_wm.l(dmul.o)
    0x08004600   0x08004600   0x0000009c   Code   RO         3568    x$fpl$dnaninf       fz_wm.l(dnaninf.o)
    0x0800469c   0x0800469c   0x0000000c   Code   RO         3570    x$fpl$dretinf       fz_wm.l(dretinf.o)
    0x080046a8   0x080046a8   0x0000006c   Code   RO         3553    x$fpl$drleqf        fz_wm.l(drleqf.o)
    0x08004714   0x08004714   0x00000016   Code   RO         3530    x$fpl$drsb          fz_wm.l(daddsub_clz.o)
    0x0800472a   0x0800472a   0x00000002   PAD
    0x0800472c   0x0800472c   0x000001d4   Code   RO         3531    x$fpl$dsub          fz_wm.l(daddsub_clz.o)
    0x08004900   0x08004900   0x0000000a   Code   RO         3675    x$fpl$fpinit        fz_wm.l(fpinit.o)
    0x0800490a   0x0800490a   0x00000000   Code   RO         3572    x$fpl$usenofp       fz_wm.l(usenofp.o)
    0x0800490a   0x0800490a   0x00000008   Data   RO         1299    .constdata          stm32f4xx_hal_dma.o
    0x08004912   0x08004912   0x00000010   Data   RO         3289    .constdata          system_stm32f4xx.o
    0x08004922   0x08004922   0x00000008   Data   RO         3290    .constdata          system_stm32f4xx.o
    0x0800492a   0x0800492a   0x00000002   PAD
    0x0800492c   0x0800492c   0x00000020   Data   RO         3731    Region$$Table       anon$$obj.o


    Execution Region RW_IRAM1 (Exec base: 0x20000000, Load base: 0x0800494c, Size: 0x00000d10, Max: 0x0001c000, ABSOLUTE)

    Exec Addr    Load Addr    Size         Type   Attr      Idx    E Section Name        Object

    0x20000000   0x0800494c   0x00000001   Data   RW           22    .data               main.o
    0x20000001   0x0800494d   0x00000001   Data   RW           23    .data               main.o
    0x20000002   0x0800494e   0x00000008   Data   RW           24    .data               main.o
    0x2000000a   0x08004956   0x00000001   Data   RW           25    .data               main.o
    0x2000000b   0x08004957   0x00000001   Data   RW           26    .data               main.o
    0x2000000c   0x08004958   0x00000004   PAD
    0x20000010   0x0800495c   0x00000008   Data   RW           27    .data               main.o
    0x20000018   0x08004964   0x00000001   Data   RW           28    .data               main.o
    0x20000019   0x08004965   0x00000007   PAD
    0x20000020   0x0800496c   0x00000008   Data   RW           29    .data               main.o
    0x20000028   0x08004974   0x00000001   Data   RW           31    .data               main.o
    0x20000029   0x08004975   0x00000001   PAD
    0x2000002a   0x08004976   0x00000002   Data   RW           33    .data               main.o
    0x2000002c   0x08004978   0x00000002   Data   RW           34    .data               main.o
    0x2000002e   0x0800497a   0x00000002   Data   RW           35    .data               main.o
    0x20000030   0x0800497c   0x00000002   Data   RW           36    .data               main.o
    0x20000032   0x0800497e   0x00000002   Data   RW           37    .data               main.o
    0x20000034   0x08004980   0x00000002   Data   RW           38    .data               main.o
    0x20000036   0x08004982   0x00000001   Data   RW           39    .data               main.o
    0x20000037   0x08004983   0x00000001   Data   RW           40    .data               main.o
    0x20000038   0x08004984   0x00000001   Data   RW           41    .data               main.o
    0x20000039   0x08004985   0x00000003   PAD
    0x2000003c   0x08004988   0x00000004   Data   RW          267    .data               can.o
    0x20000040   0x0800498c   0x0000000c   Data   RW         1726    .data               stm32f4xx_hal.o
    0x2000004c   0x08004998   0x00000004   Data   RW         3291    .data               system_stm32f4xx.o
    0x20000050   0x0800499c   0x00000070   Data   RW         3357    .data               pid_model_data.o
    0x200000c0   0x08004a0c   0x00000022   Data   RW         3421    .data               bsp_can.o
    0x200000e2   0x08004a2e   0x00000006   PAD
    0x200000e8        -       0x000000b1   Zero   RW           19    .bss                main.o
    0x20000199   0x08004a2e   0x00000007   PAD
    0x200001a0        -       0x00000040   Zero   RW           20    .bss                main.o
    0x200001e0        -       0x00000040   Zero   RW           21    .bss                main.o
    0x20000220        -       0x00000050   Zero   RW          266    .bss                can.o
    0x20000270        -       0x00000090   Zero   RW          342    .bss                tim.o
    0x20000300        -       0x00000104   Zero   RW          404    .bss                usart.o
    0x20000404   0x08004a2e   0x00000004   PAD
    0x20000408        -       0x00000108   Zero   RW         3325    .bss                pid_model.o
    0x20000510        -       0x000001a0   Zero   RW         3420    .bss                bsp_can.o
    0x200006b0        -       0x00000060   Zero   RW         3605    .bss                c_w.l(libspace.o)
    0x20000710        -       0x00000200   Zero   RW            2    HEAP                startup_stm32f407xx.o
    0x20000910        -       0x00000400   Zero   RW            1    STACK               startup_stm32f407xx.o


    Execution Region RW_IRAM2 (Exec base: 0x2001c000, Load base: 0x08004a30, Size: 0x00000000, Max: 0x00004000, ABSOLUTE)

    **** No section assigned to this execution region ****


==============================================================================

Image component sizes


      Code (inc. data)   RO Data    RW Data    ZI Data      Debug   Object Name

       542         48          0         34        416       6163   bsp_can.o
       290         50          0          0          0       1916   calculate.o
       420         42          0          4         80       2670   can.o
        60          4          0          0          0        850   dma.o
        76          6          0          0          0        939   gpio.o
      1260        192          0          0          0       2153   logic.o
      1104        254          0         45        305     709008   main.o
      2056        112          0          0        264       6677   pid_model.o
         0          0          0        112          0       2013   pid_model_data.o
        64         26        392          0       1536        876   startup_stm32f407xx.o
       180         28          0         12          0       9677   stm32f4xx_hal.o
      1638          6          0          0          0      14943   stm32f4xx_hal_can.o
       198         14          0          0          0      34151   stm32f4xx_hal_cortex.o
      1084         16          8          0          0       7654   stm32f4xx_hal_dma.o
       496         46          0          0          0       1604   stm32f4xx_hal_gpio.o
        48          6          0          0          0        922   stm32f4xx_hal_msp.o
      1348         76          0          0          0       5444   stm32f4xx_hal_rcc.o
      1692        136          0          0          0      13592   stm32f4xx_hal_tim.o
       148         28          0          0          0       2593   stm32f4xx_hal_tim_ex.o
      1722         30          0          0          0      12507   stm32f4xx_hal_uart.o
       116         48          0          0          0       8543   stm32f4xx_it.o
        16          4         24          4          0       1231   system_stm32f4xx.o
       348         48          0          0        144       3697   tim.o
       288         30          0          0        260       2040   usart.o

    ----------------------------------------------------------------------
     15220       1250        458        228       3020     851863   Object Totals
         0          0         32          0          0          0   (incl. Generated)
        26          0          2         17         15          0   (incl. Padding)

    ----------------------------------------------------------------------

      Code (inc. data)   RO Data    RW Data    ZI Data      Debug   Library Member Name

         8          0          0          0          0         68   __main.o
         0          0          0          0          0          0   __rtentry.o
        12          0          0          0          0          0   __rtentry2.o
         6          0          0          0          0          0   __rtentry4.o
        52          8          0          0          0          0   __scatter.o
        26          0          0          0          0          0   __scatter_copy.o
        28          0          0          0          0          0   __scatter_zi.o
        18          0          0          0          0         80   exit.o
         6          0          0          0          0        152   heapauxi.o
         0          0          0          0          0          0   indicate_semi.o
         2          0          0          0          0          0   libinit.o
         6          0          0          0          0          0   libinit2.o
         2          0          0          0          0          0   libshutdown.o
         2          0          0          0          0          0   libshutdown2.o
         8          4          0          0         96         68   libspace.o
       238          0          0          0          0        100   lludivv7m.o
        78          0          0          0          0         80   rt_memclr_w.o
         2          0          0          0          0          0   rtexit.o
        10          0          0          0          0          0   rtexit2.o
        12          4          0          0          0         68   sys_exit.o
        74          0          0          0          0         80   sys_stackheap_outer.o
         2          0          0          0          0         68   use_no_semi.o
       826         16          0          0          0        492   daddsub_clz.o
        24          0          0          0          0        116   dcmpi.o
       688        140          0          0          0        256   ddiv.o
        94          4          0          0          0        140   dfix.o
        84          0          0          0          0        232   dflt_clz.o
       120          4          0          0          0        140   dleqf.o
       340         12          0          0          0        152   dmul.o
       156          4          0          0          0        140   dnaninf.o
        12          0          0          0          0        116   dretinf.o
       108          0          0          0          0        128   drleqf.o
        10          0          0          0          0        116   fpinit.o
         0          0          0          0          0          0   usenofp.o
        20          0          0          0          0        124   fabs.o

    ----------------------------------------------------------------------
      3086        196          0          0         96       2916   Library Totals
        12          0          0          0          0          0   (incl. Padding)

    ----------------------------------------------------------------------

      Code (inc. data)   RO Data    RW Data    ZI Data      Debug   Library Name

       592         16          0          0         96        764   c_w.l
      2462        180          0          0          0       2028   fz_wm.l
        20          0          0          0          0        124   m_wm.l

    ----------------------------------------------------------------------
      3086        196          0          0         96       2916   Library Totals

    ----------------------------------------------------------------------

==============================================================================


      Code (inc. data)   RO Data    RW Data    ZI Data      Debug   

     18306       1446        458        228       3116     841319   Grand Totals
     18306       1446        458        228       3116     841319   ELF Image Totals
     18306       1446        458        228          0          0   ROM Totals

==============================================================================

    Total RO  Size (Code + RO Data)                18764 (  18.32kB)
    Total RW  Size (RW Data + ZI Data)              3344 (   3.27kB)
    Total ROM Size (Code + RO Data + RW Data)      18992 (  18.55kB)

==============================================================================

