Component: ARM Compiler 5.06 update 5 (build 528) Tool: armlink [4d35e2]

==============================================================================

Section Cross References

    startup_stm32f407xx.o(STACK) refers (Special) to heapauxi.o(.text) for __use_two_region_memory
    startup_stm32f407xx.o(HEAP) refers (Special) to heapauxi.o(.text) for __use_two_region_memory
    startup_stm32f407xx.o(RESET) refers (Special) to heapauxi.o(.text) for __use_two_region_memory
    startup_stm32f407xx.o(RESET) refers to startup_stm32f407xx.o(STACK) for __initial_sp
    startup_stm32f407xx.o(RESET) refers to startup_stm32f407xx.o(.text) for Reset_Handler
    startup_stm32f407xx.o(RESET) refers to stm32f4xx_it.o(i.NMI_Handler) for NMI_Handler
    startup_stm32f407xx.o(RESET) refers to stm32f4xx_it.o(i.HardFault_Handler) for HardFault_Handler
    startup_stm32f407xx.o(RESET) refers to stm32f4xx_it.o(i.MemManage_Handler) for MemManage_Handler
    startup_stm32f407xx.o(RESET) refers to stm32f4xx_it.o(i.BusFault_Handler) for BusFault_Handler
    startup_stm32f407xx.o(RESET) refers to stm32f4xx_it.o(i.UsageFault_Handler) for UsageFault_Handler
    startup_stm32f407xx.o(RESET) refers to stm32f4xx_it.o(i.SVC_Handler) for SVC_Handler
    startup_stm32f407xx.o(RESET) refers to stm32f4xx_it.o(i.DebugMon_Handler) for DebugMon_Handler
    startup_stm32f407xx.o(RESET) refers to stm32f4xx_it.o(i.PendSV_Handler) for PendSV_Handler
    startup_stm32f407xx.o(RESET) refers to stm32f4xx_it.o(i.SysTick_Handler) for SysTick_Handler
    startup_stm32f407xx.o(RESET) refers to stm32f4xx_it.o(i.DMA1_Stream0_IRQHandler) for DMA1_Stream0_IRQHandler
    startup_stm32f407xx.o(RESET) refers to stm32f4xx_it.o(i.DMA1_Stream1_IRQHandler) for DMA1_Stream1_IRQHandler
    startup_stm32f407xx.o(RESET) refers to stm32f4xx_it.o(i.DMA1_Stream3_IRQHandler) for DMA1_Stream3_IRQHandler
    startup_stm32f407xx.o(RESET) refers to stm32f4xx_it.o(i.DMA1_Stream6_IRQHandler) for DMA1_Stream6_IRQHandler
    startup_stm32f407xx.o(RESET) refers to stm32f4xx_it.o(i.CAN1_TX_IRQHandler) for CAN1_TX_IRQHandler
    startup_stm32f407xx.o(RESET) refers to stm32f4xx_it.o(i.CAN1_RX0_IRQHandler) for CAN1_RX0_IRQHandler
    startup_stm32f407xx.o(RESET) refers to stm32f4xx_it.o(i.TIM1_UP_TIM10_IRQHandler) for TIM1_UP_TIM10_IRQHandler
    startup_stm32f407xx.o(RESET) refers to stm32f4xx_it.o(i.I2C1_EV_IRQHandler) for I2C1_EV_IRQHandler
    startup_stm32f407xx.o(RESET) refers to stm32f4xx_it.o(i.I2C1_ER_IRQHandler) for I2C1_ER_IRQHandler
    startup_stm32f407xx.o(RESET) refers to stm32f4xx_it.o(i.USART3_IRQHandler) for USART3_IRQHandler
    startup_stm32f407xx.o(RESET) refers to stm32f4xx_it.o(i.CAN2_TX_IRQHandler) for CAN2_TX_IRQHandler
    startup_stm32f407xx.o(RESET) refers to stm32f4xx_it.o(i.CAN2_RX0_IRQHandler) for CAN2_RX0_IRQHandler
    startup_stm32f407xx.o(.text) refers (Special) to heapauxi.o(.text) for __use_two_region_memory
    startup_stm32f407xx.o(.text) refers to system_stm32f4xx.o(i.SystemInit) for SystemInit
    startup_stm32f407xx.o(.text) refers to __main.o(!!!main) for __main
    startup_stm32f407xx.o(.text) refers to startup_stm32f407xx.o(HEAP) for Heap_Mem
    startup_stm32f407xx.o(.text) refers to startup_stm32f407xx.o(STACK) for Stack_Mem
    main.o(i.HAL_TIM_PeriodElapsedCallback) refers to pid_model.o(i.PID_MODEL_step) for PID_MODEL_step
    main.o(i.HAL_TIM_PeriodElapsedCallback) refers to bsp_can.o(i.motor_state_update_can2) for motor_state_update_can2
    main.o(i.HAL_TIM_PeriodElapsedCallback) refers to tim.o(.bss) for htim10
    main.o(i.HAL_TIM_PeriodElapsedCallback) refers to main.o(.bss) for .bss
    main.o(i.HAL_TIM_PeriodElapsedCallback) refers to pid_model.o(.bss) for rtU
    main.o(i.HAL_TIM_PeriodElapsedCallback) refers to bsp_can.o(.bss) for motor_data_can2
    main.o(i.HAL_UART_ErrorCallback) refers to stm32f4xx_hal_uart.o(i.HAL_UART_Receive_DMA) for HAL_UART_Receive_DMA
    main.o(i.HAL_UART_ErrorCallback) refers to main.o(.bss) for .bss
    main.o(i.HAL_UART_ErrorCallback) refers to usart.o(.bss) for huart3
    main.o(i.HAL_UART_ErrorCallback) refers to main.o(.data) for .data
    main.o(i.HAL_UART_RxCpltCallback) refers to calculate.o(i.CAL_MESSAGE) for CAL_MESSAGE
    main.o(i.HAL_UART_RxCpltCallback) refers to stm32f4xx_hal_uart.o(i.HAL_UART_Receive_DMA) for HAL_UART_Receive_DMA
    main.o(i.HAL_UART_RxCpltCallback) refers to main.o(.bss) for .bss
    main.o(i.HAL_UART_RxCpltCallback) refers to main.o(.data) for .data
    main.o(i.HAL_UART_RxCpltCallback) refers to usart.o(.bss) for huart3
    main.o(i.SystemClock_Config) refers to rt_memclr_w.o(.text) for __aeabi_memclr4
    main.o(i.SystemClock_Config) refers to stm32f4xx_hal_rcc.o(i.HAL_RCC_OscConfig) for HAL_RCC_OscConfig
    main.o(i.SystemClock_Config) refers to stm32f4xx_hal_rcc.o(i.HAL_RCC_ClockConfig) for HAL_RCC_ClockConfig
    main.o(i.main) refers to stm32f4xx_hal.o(i.HAL_Init) for HAL_Init
    main.o(i.main) refers to main.o(i.SystemClock_Config) for SystemClock_Config
[...]
    i.HAL_CAN_TxMailbox2CompleteCallback     0x08000ea2   Section        0  stm32f4xx_hal_can.o(i.HAL_CAN_TxMailbox2CompleteCallback)
    i.HAL_CAN_WakeUpFromRxMsgCallback        0x08000ea4   Section        0  stm32f4xx_hal_can.o(i.HAL_CAN_WakeUpFromRxMsgCallback)
    i.HAL_DMA_Abort                          0x08000ea6   Section        0  stm32f4xx_hal_dma.o(i.HAL_DMA_Abort)
    i.HAL_DMA_Abort_IT                       0x08000f38   Section        0  stm32f4xx_hal_dma.o(i.HAL_DMA_Abort_IT)
    i.HAL_DMA_GetError                       0x08000f5c   Section        0  stm32f4xx_hal_dma.o(i.HAL_DMA_GetError)
    i.HAL_DMA_GetState                       0x08000f60   Section        0  stm32f4xx_hal_dma.o(i.HAL_DMA_GetState)
    i.HAL_DMA_IRQHandler                     0x08000f68   Section        0  stm32f4xx_hal_dma.o(i.HAL_DMA_IRQHandler)
    i.HAL_DMA_Init                           0x08001108   Section        0  stm32f4xx_hal_dma.o(i.HAL_DMA_Init)
    i.HAL_DMA_Start_IT                       0x080011dc   Section        0  stm32f4xx_hal_dma.o(i.HAL_DMA_Start_IT)
    i.HAL_Delay                              0x0800124c   Section        0  stm32f4xx_hal.o(i.HAL_Delay)
    i.HAL_GPIO_Init                          0x08001270   Section        0  stm32f4xx_hal_gpio.o(i.HAL_GPIO_Init)
    i.HAL_GetTick                            0x08001460   Section        0  stm32f4xx_hal.o(i.HAL_GetTick)
    i.HAL_I2C_AbortCpltCallback              0x0800146c   Section        0  stm32f4xx_hal_i2c.o(i.HAL_I2C_AbortCpltCallback)
    i.HAL_I2C_AddrCallback                   0x0800146e   Section        0  stm32f4xx_hal_i2c.o(i.HAL_I2C_AddrCallback)
    i.HAL_I2C_ER_IRQHandler                  0x08001470   Section        0  stm32f4xx_hal_i2c.o(i.HAL_I2C_ER_IRQHandler)
    i.HAL_I2C_EV_IRQHandler                  0x0800152a   Section        0  stm32f4xx_hal_i2c.o(i.HAL_I2C_EV_IRQHandler)
    i.HAL_I2C_ErrorCallback                  0x0800175a   Section        0  stm32f4xx_hal_i2c.o(i.HAL_I2C_ErrorCallback)
    i.HAL_I2C_GetError                       0x0800175c   Section        0  stm32f4xx_hal_i2c.o(i.HAL_I2C_GetError)
    i.HAL_I2C_GetState                       0x08001760   Section        0  stm32f4xx_hal_i2c.o(i.HAL_I2C_GetState)
    i.HAL_I2C_Init                           0x08001768   Section        0  stm32f4xx_hal_i2c.o(i.HAL_I2C_Init)
    i.HAL_I2C_ListenCpltCallback             0x080018f0   Section        0  stm32f4xx_hal_i2c.o(i.HAL_I2C_ListenCpltCallback)
    i.HAL_I2C_MasterRxCpltCallback           0x080018f2   Section        0  stm32f4xx_hal_i2c.o(i.HAL_I2C_MasterRxCpltCallback)
    i.HAL_I2C_MasterTxCpltCallback           0x080018f4   Section        0  stm32f4xx_hal_i2c.o(i.HAL_I2C_MasterTxCpltCallback)
    i.HAL_I2C_Master_Transmit_DMA            0x080018f8   Section        0  stm32f4xx_hal_i2c.o(i.HAL_I2C_Master_Transmit_DMA)
    i.HAL_I2C_MemRxCpltCallback              0x08001a58   Section        0  stm32f4xx_hal_i2c.o(i.HAL_I2C_MemRxCpltCallback)
    i.HAL_I2C_MemTxCpltCallback              0x08001a5a   Section        0  stm32f4xx_hal_i2c.o(i.HAL_I2C_MemTxCpltCallback)
    i.HAL_I2C_MspInit                        0x08001a5c   Section        0  i2c.o(i.HAL_I2C_MspInit)
    i.HAL_I2C_SlaveRxCpltCallback            0x08001b50   Section        0  stm32f4xx_hal_i2c.o(i.HAL_I2C_SlaveRxCpltCallback)
    i.HAL_I2C_SlaveTxCpltCallback            0x08001b52   Section        0  stm32f4xx_hal_i2c.o(i.HAL_I2C_SlaveTxCpltCallback)
    i.HAL_IncTick                            0x08001b54   Section        0  stm32f4xx_hal.o(i.HAL_IncTick)
    i.HAL_Init                               0x08001b64   Section        0  stm32f4xx_hal.o(i.HAL_Init)
    i.HAL_InitTick                           0x08001b98   Section        0  stm32f4xx_hal.o(i.HAL_InitTick)
    i.HAL_MspInit                            0x08001bd8   Section        0  stm32f4xx_hal_msp.o(i.HAL_MspInit)
    i.HAL_NVIC_EnableIRQ                     0x08001c08   Section        0  stm32f4xx_hal_cortex.o(i.HAL_NVIC_EnableIRQ)
    i.HAL_NVIC_SetPriority                   0x08001c24   Section        0  stm32f4xx_hal_cortex.o(i.HAL_NVIC_SetPriority)
    i.HAL_NVIC_SetPriorityGrouping           0x08001c64   Section        0  stm32f4xx_hal_cortex.o(i.HAL_NVIC_SetPriorityGrouping)
    i.HAL_RCC_ClockConfig                    0x08001c88   Section        0  stm32f4xx_hal_rcc.o(i.HAL_RCC_ClockConfig)
    i.HAL_RCC_GetPCLK1Freq                   0x08001dbc   Section        0  stm32f4xx_hal_rcc.o(i.HAL_RCC_GetPCLK1Freq)
    i.HAL_RCC_GetPCLK2Freq                   0x08001ddc   Section        0  stm32f4xx_hal_rcc.o(i.HAL_RCC_GetPCLK2Freq)
    i.HAL_RCC_GetSysClockFreq                0x08001dfc   Section        0  stm32f4xx_hal_rcc.o(i.HAL_RCC_GetSysClockFreq)
    i.HAL_RCC_OscConfig                      0x08001e60   Section        0  stm32f4xx_hal_rcc.o(i.HAL_RCC_OscConfig)
    i.HAL_SYSTICK_Config                     0x080021cc   Section        0  stm32f4xx_hal_cortex.o(i.HAL_SYSTICK_Config)
    i.HAL_TIMEx_BreakCallback                0x080021f4   Section        0  stm32f4xx_hal_tim_ex.o(i.HAL_TIMEx_BreakCallback)
    i.HAL_TIMEx_CommutCallback               0x080021f6   Section        0  stm32f4xx_hal_tim_ex.o(i.HAL_TIMEx_CommutCallback)
    i.HAL_TIMEx_MasterConfigSynchronization  0x080021f8   Section        0  stm32f4xx_hal_tim_ex.o(i.HAL_TIMEx_MasterConfigSynchronization)
    i.HAL_TIM_Base_Init                      0x08002288   Section        0  stm32f4xx_hal_tim.o(i.HAL_TIM_Base_Init)
    i.HAL_TIM_Base_MspInit                   0x080022e4   Section        0  tim.o(i.HAL_TIM_Base_MspInit)
    i.HAL_TIM_Base_Start_IT                  0x08002320   Section        0  stm32f4xx_hal_tim.o(i.HAL_TIM_Base_Start_IT)
    i.HAL_TIM_IC_CaptureCallback             0x080023a0   Section        0  stm32f4xx_hal_tim.o(i.HAL_TIM_IC_CaptureCallback)
    i.HAL_TIM_IRQHandler                     0x080023a2   Section        0  stm32f4xx_hal_tim.o(i.HAL_TIM_IRQHandler)
    i.HAL_TIM_MspPostInit                    0x08002508   Section        0  tim.o(i.HAL_TIM_MspPostInit)
    i.HAL_TIM_OC_DelayElapsedCallback        0x08002558   Section        0  stm32f4xx_hal_tim.o(i.HAL_TIM_OC_DelayElapsedCallback)
    i.HAL_TIM_PWM_ConfigChannel              0x0800255a   Section        0  stm32f4xx_hal_tim.o(i.HAL_TIM_PWM_ConfigChannel)
    i.HAL_TIM_PWM_Init                       0x08002626   Section        0  stm32f4xx_hal_tim.o(i.HAL_TIM_PWM_Init)
    i.HAL_TIM_PWM_MspInit                    0x08002680   Section        0  tim.o(i.HAL_TIM_PWM_MspInit)
    i.HAL_TIM_PWM_PulseFinishedCallback      0x080026a8   Section        0  stm32f4xx_hal_tim.o(i.HAL_TIM_PWM_PulseFinishedCallback)
    i.HAL_TIM_PWM_Start                      0x080026ac   Section        0  stm32f4xx_hal_tim.o(i.HAL_TIM_PWM_Start)
    i.HAL_TIM_PeriodElapsedCallback          0x08002774   Section        0  main.o(i.HAL_TIM_PeriodElapsedCallback)
    i.HAL_TIM_TriggerCallback                0x080028c0   Section        0  stm32f4xx_hal_tim.o(i.HAL_TIM_TriggerCallback)
    i.HAL_UARTEx_RxEventCallback             0x080028c2   Section        0  stm32f4xx_hal_uart.o(i.HAL_UARTEx_RxEventCallback)
    i.HAL_UART_ErrorCallback                 0x080028c4   Section        0  main.o(i.HAL_UART_ErrorCallback)
    i.HAL_UART_IRQHandler                    0x080028f0   Section        0  stm32f4xx_hal_uart.o(i.HAL_UART_IRQHandler)
    i.HAL_UART_Init                          0x08002b58   Section        0  stm32f4xx_hal_uart.o(i.HAL_UART_Init)
    i.HAL_UART_MspInit                       0x08002bbc   Section        0  usart.o(i.HAL_UART_MspInit)
    i.HAL_UART_Receive_DMA                   0x08002ca4   Section        0  stm32f4xx_hal_uart.o(i.HAL_UART_Receive_DMA)
    i.HAL_UART_RxCpltCallback                0x08002cd0   Section        0  main.o(i.HAL_UART_RxCpltCallback)
    i.HAL_UART_RxHalfCpltCallback            0x08002d38   Section        0  stm32f4xx_hal_uart.o(i.HAL_UART_RxHalfCpltCallback)
    i.HAL_UART_TxCpltCallback                0x08002d3a   Section        0  stm32f4xx_hal_uart.o(i.HAL_UART_TxCpltCallback)
    i.HardFault_Handler                      0x08002d3c   Section        0  stm32f4xx_it.o(i.HardFault_Handler)
    i.I2C1_ER_IRQHandler                     0x08002d40   Section        0  stm32f4xx_it.o(i.I2C1_ER_IRQHandler)
    i.I2C1_EV_IRQHandler                     0x08002d4c   Section        0  stm32f4xx_it.o(i.I2C1_EV_IRQHandler)
    i.I2C_DMAAbort                           0x08002d58   Section        0  stm32f4xx_hal_i2c.o(i.I2C_DMAAbort)
    I2C_DMAAbort                             0x08002d59   Thumb Code   182  stm32f4xx_hal_i2c.o(i.I2C_DMAAbort)
    i.I2C_DMAError                           0x08002e14   Section        0  stm32f4xx_hal_i2c.o(i.I2C_DMAError)
    I2C_DMAError                             0x08002e15   Thumb Code    64  stm32f4xx_hal_i2c.o(i.I2C_DMAError)
    i.I2C_DMAXferCplt                        0x08002e54   Section        0  stm32f4xx_hal_i2c.o(i.I2C_DMAXferCplt)
    I2C_DMAXferCplt                          0x08002e55   Thumb Code   266  stm32f4xx_hal_i2c.o(i.I2C_DMAXferCplt)
    i.I2C_ITError                            0x08002f60   Section        0  stm32f4xx_hal_i2c.o(i.I2C_ITError)
    I2C_ITError                              0x08002f61   Thumb Code   336  stm32f4xx_hal_i2c.o(i.I2C_ITError)
    i.I2C_MasterReceive_BTF                  0x080030b8   Section        0  stm32f4xx_hal_i2c.o(i.I2C_MasterReceive_BTF)
    I2C_MasterReceive_BTF                    0x080030b9   Thumb Code   210  stm32f4xx_hal_i2c.o(i.I2C_MasterReceive_BTF)
    i.I2C_MasterReceive_RXNE                 0x0800318c   Section        0  stm32f4xx_hal_i2c.o(i.I2C_MasterReceive_RXNE)
    I2C_MasterReceive_RXNE                   0x0800318d   Thumb Code   228  stm32f4xx_hal_i2c.o(i.I2C_MasterReceive_RXNE)
    i.I2C_MasterTransmit_BTF                 0x08003274   Section        0  stm32f4xx_hal_i2c.o(i.I2C_MasterTransmit_BTF)
    I2C_MasterTransmit_BTF                   0x08003275   Thumb Code   130  stm32f4xx_hal_i2c.o(i.I2C_MasterTransmit_BTF)
    i.I2C_MasterTransmit_TXE                 0x080032f8   Section        0  stm32f4xx_hal_i2c.o(i.I2C_MasterTransmit_TXE)
    I2C_MasterTransmit_TXE                   0x080032f9   Thumb Code   182  stm32f4xx_hal_i2c.o(i.I2C_MasterTransmit_TXE)
    i.I2C_Master_ADDR                        0x080033b0   Section        0  stm32f4xx_hal_i2c.o(i.I2C_Master_ADDR)
    I2C_Master_ADDR                          0x080033b1   Thumb Code   276  stm32f4xx_hal_i2c.o(i.I2C_Master_ADDR)
    i.I2C_Master_SB                          0x080034c8   Section        0  stm32f4xx_hal_i2c.o(i.I2C_Master_SB)
    I2C_Master_SB                            0x080034c9   Thumb Code   140  stm32f4xx_hal_i2c.o(i.I2C_Master_SB)
    i.I2C_MemoryTransmit_TXE_BTF             0x08003554   Section        0  stm32f4xx_hal_i2c.o(i.I2C_MemoryTransmit_TXE_BTF)
    I2C_MemoryTransmit_TXE_BTF               0x08003555   Thumb Code   160  stm32f4xx_hal_i2c.o(i.I2C_MemoryTransmit_TXE_BTF)
    i.I2C_Slave_ADDR                         0x080035f4   Section        0  stm32f4xx_hal_i2c.o(i.I2C_Slave_ADDR)
    I2C_Slave_ADDR                           0x080035f5   Thumb Code    70  stm32f4xx_hal_i2c.o(i.I2C_Slave_ADDR)
    i.I2C_Slave_AF                           0x0800363c   Section        0  stm32f4xx_hal_i2c.o(i.I2C_Slave_AF)
    I2C_Slave_AF                             0x0800363d   Thumb Code   126  stm32f4xx_hal_i2c.o(i.I2C_Slave_AF)
    i.I2C_Slave_STOPF                        0x080036c0   Section        0  stm32f4xx_hal_i2c.o(i.I2C_Slave_STOPF)
    I2C_Slave_STOPF                          0x080036c1   Thumb Code   338  stm32f4xx_hal_i2c.o(i.I2C_Slave_STOPF)
    i.MX_CAN1_Init                           0x0800381c   Section        0  can.o(i.MX_CAN1_Init)
    i.MX_CAN2_Init                           0x08003860   Section        0  can.o(i.MX_CAN2_Init)
    i.MX_DMA_Init                            0x080038a4   Section        0  dma.o(i.MX_DMA_Init)
    i.MX_GPIO_Init                           0x08003900   Section        0  gpio.o(i.MX_GPIO_Init)
    i.MX_I2C1_Init                           0x0800394c   Section        0  i2c.o(i.MX_I2C1_Init)
    i.MX_TIM10_Init                          0x08003990   Section        0  tim.o(i.MX_TIM10_Init)
    i.MX_TIM3_Init                           0x080039c4   Section        0  tim.o(i.MX_TIM3_Init)
    i.MX_USART3_UART_Init                    0x08003a38   Section        0  usart.o(i.MX_USART3_UART_Init)
    i.MemManage_Handler                      0x08003a70   Section        0  stm32f4xx_it.o(i.MemManage_Handler)
    i.NMI_Handler                            0x08003a72   Section        0  stm32f4xx_it.o(i.NMI_Handler)
    i.PID_MODEL_initialize                   0x08003a74   Section        0  pid_model.o(i.PID_MODEL_initialize)
    i.PID_MODEL_step                         0x08003abc   Section        0  pid_model.o(i.PID_MODEL_step)
    i.PendSV_Handler                         0x080052bc   Section        0  stm32f4xx_it.o(i.PendSV_Handler)
    i.SVC_Handler                            0x080052be   Section        0  stm32f4xx_it.o(i.SVC_Handler)
    i.SysTick_Handler                        0x080052c0   Section        0  stm32f4xx_it.o(i.SysTick_Handler)
    i.SystemClock_Config                     0x080052c4   Section        0  main.o(i.SystemClock_Config)
    i.SystemInit                             0x08005358   Section        0  system_stm32f4xx.o(i.SystemInit)
    i.TIM1_UP_TIM10_IRQHandler               0x08005368   Section        0  stm32f4xx_it.o(i.TIM1_UP_TIM10_IRQHandler)
    i.TIM_Base_SetConfig                     0x08005374   Section        0  stm32f4xx_hal_tim.o(i.TIM_Base_SetConfig)
    i.TIM_CCxChannelCmd                      0x0800543c   Section        0  stm32f4xx_hal_tim.o(i.TIM_CCxChannelCmd)
    i.TIM_OC1_SetConfig                      0x08005458   Section        0  stm32f4xx_hal_tim.o(i.TIM_OC1_SetConfig)
    TIM_OC1_SetConfig                        0x08005459   Thumb Code    88  stm32f4xx_hal_tim.o(i.TIM_OC1_SetConfig)
    i.TIM_OC2_SetConfig                      0x080054b8   Section        0  stm32f4xx_hal_tim.o(i.TIM_OC2_SetConfig)
    i.TIM_OC3_SetConfig                      0x08005524   Section        0  stm32f4xx_hal_tim.o(i.TIM_OC3_SetConfig)
    TIM_OC3_SetConfig                        0x08005525   Thumb Code    96  stm32f4xx_hal_tim.o(i.TIM_OC3_SetConfig)
    i.TIM_OC4_SetConfig                      0x0800558c   Section        0  stm32f4xx_hal_tim.o(i.TIM_OC4_SetConfig)
    TIM_OC4_SetConfig                        0x0800558d   Thumb Code    70  stm32f4xx_hal_tim.o(i.TIM_OC4_SetConfig)
    i.UART_DMAAbortOnError                   0x080055dc   Section        0  stm32f4xx_hal_uart.o(i.UART_DMAAbortOnError)
    UART_DMAAbortOnError                     0x080055dd   Thumb Code    16  stm32f4xx_hal_uart.o(i.UART_DMAAbortOnError)
    i.UART_DMAError                          0x080055ec   Section        0  stm32f4xx_hal_uart.o(i.UART_DMAError)
    UART_DMAError                            0x080055ed   Thumb Code    74  stm32f4xx_hal_uart.o(i.UART_DMAError)
    i.UART_DMAReceiveCplt                    0x08005636   Section        0  stm32f4xx_hal_uart.o(i.UART_DMAReceiveCplt)
    UART_DMAReceiveCplt                      0x08005637   Thumb Code   130  stm32f4xx_hal_uart.o(i.UART_DMAReceiveCplt)
    i.UART_DMARxHalfCplt                     0x080056b8   Section        0  stm32f4xx_hal_uart.o(i.UART_DMARxHalfCplt)
    UART_DMARxHalfCplt                       0x080056b9   Thumb Code    26  stm32f4xx_hal_uart.o(i.UART_DMARxHalfCplt)
    i.UART_EndRxTransfer                     0x080056d2   Section        0  stm32f4xx_hal_uart.o(i.UART_EndRxTransfer)
    UART_EndRxTransfer                       0x080056d3   Thumb Code    78  stm32f4xx_hal_uart.o(i.UART_EndRxTransfer)
    i.UART_EndTxTransfer                     0x08005720   Section        0  stm32f4xx_hal_uart.o(i.UART_EndTxTransfer)
    UART_EndTxTransfer                       0x08005721   Thumb Code    28  stm32f4xx_hal_uart.o(i.UART_EndTxTransfer)
    i.UART_Receive_IT                        0x0800573c   Section        0  stm32f4xx_hal_uart.o(i.UART_Receive_IT)
    UART_Receive_IT                          0x0800573d   Thumb Code   192  stm32f4xx_hal_uart.o(i.UART_Receive_IT)
    i.UART_SetConfig                         0x080057fc   Section        0  stm32f4xx_hal_uart.o(i.UART_SetConfig)
    UART_SetConfig                           0x080057fd   Thumb Code   258  stm32f4xx_hal_uart.o(i.UART_SetConfig)
    i.UART_Start_Receive_DMA                 0x08005908   Section        0  stm32f4xx_hal_uart.o(i.UART_Start_Receive_DMA)
    i.USART3_IRQHandler                      0x0800599c   Section        0  stm32f4xx_it.o(i.USART3_IRQHandler)
    i.UsageFault_Handler                     0x080059a8   Section        0  stm32f4xx_it.o(i.UsageFault_Handler)
    i.__NVIC_SetPriority                     0x080059aa   Section        0  stm32f4xx_hal_cortex.o(i.__NVIC_SetPriority)
    __NVIC_SetPriority                       0x080059ab   Thumb Code    32  stm32f4xx_hal_cortex.o(i.__NVIC_SetPriority)
    i.can_filter_init                        0x080059cc   Section        0  bsp_can.o(i.can_filter_init)
    i.circle_cc                              0x08005a20   Section        0  bsp_can.o(i.circle_cc)
    i.main                                   0x08005a48   Section        0  main.o(i.main)
    i.motor_state_update_can2                0x08005bb4   Section        0  bsp_can.o(i.motor_state_update_can2)
    x$fpl$fpinit                             0x08005be0   Section       10  fpinit.o(x$fpl$fpinit)
    $v0                                      0x08005be0   Number         0  fpinit.o(x$fpl$fpinit)
    .constdata                               0x08005bea   Section        8  stm32f4xx_hal_dma.o(.constdata)
    flagBitshiftOffset                       0x08005bea   Data           8  stm32f4xx_hal_dma.o(.constdata)
    .constdata                               0x08005bf2   Section       16  system_stm32f4xx.o(.constdata)
    .constdata                               0x08005c02   Section        8  system_stm32f4xx.o(.constdata)
    .data                                    0x20000000   Section        3  main.o(.data)
    .data                                    0x20000004   Section        2  main.o(.data)
    .data                                    0x20000006   Section        2  main.o(.data)
    .data                                    0x20000008   Section        2  main.o(.data)
    .data                                    0x2000000a   Section        2  main.o(.data)
    .data                                    0x2000000c   Section        2  main.o(.data)
    .data                                    0x2000000e   Section        2  main.o(.data)
    .data                                    0x20000010   Section        1  main.o(.data)
    .data                                    0x20000011   Section        1  main.o(.data)
    .data                                    0x20000012   Section        1  main.o(.data)
    .data                                    0x20000014   Section        4  can.o(.data)
    HAL_RCC_CAN1_CLK_ENABLED                 0x20000014   Data           4  can.o(.data)
    .data                                    0x20000018   Section       12  stm32f4xx_hal.o(.data)
    .data                                    0x20000024   Section        4  system_stm32f4xx.o(.data)
    .data                                    0x20000028   Section       34  bsp_can.o(.data)
    i                                        0x20000028   Data           1  bsp_can.o(.data)
    i                                        0x20000029   Data           1  bsp_can.o(.data)
    chassis_can_send_data                    0x2000002a   Data           8  bsp_can.o(.data)
    chassis_can_send_data2                   0x20000032   Data           8  bsp_can.o(.data)
    chassis_can_send_data1                   0x2000003a   Data           8  bsp_can.o(.data)
    chassis_can_send_data3                   0x20000042   Data           8  bsp_can.o(.data)
    .data                                    0x2000004c   Section      616  pid_model_data.o(.data)
    .bss                                     0x200002b4   Section      114  main.o(.bss)
    .bss                                     0x20000328   Section       80  can.o(.bss)
    .bss                                     0x20000378   Section      276  i2c.o(.bss)
    .bss                                     0x2000048c   Section      144  tim.o(.bss)
    .bss                                     0x2000051c   Section      260  usart.o(.bss)
    .bss                                     0x20000620   Section      416  bsp_can.o(.bss)
    motor_chassis_can1                       0x20000620   Data         128  bsp_can.o(.bss)
    motor_chassis_can2                       0x200006a0   Data         128  bsp_can.o(.bss)
    chassis_tx_message                       0x20000760   Data          24  bsp_can.o(.bss)
    chassis_tx_message2                      0x20000778   Data          24  bsp_can.o(.bss)
    chassis_tx_message1                      0x20000790   Data          24  bsp_can.o(.bss)
    chassis_tx_message3                      0x200007a8   Data          24  bsp_can.o(.bss)
    .bss                                     0x200007c0   Section      924  pid_model.o(.bss)
    .bss                                     0x20000b5c   Section       96  libspace.o(.bss)
    HEAP                                     0x20000bc0   Section      512  startup_stm32f407xx.o(HEAP)
    Heap_Mem                                 0x20000bc0   Data         512  startup_stm32f407xx.o(HEAP)
    STACK                                    0x20000dc0   Section     1024  startup_stm32f407xx.o(STACK)
    Stack_Mem                                0x20000dc0   Data        1024  startup_stm32f407xx.o(STACK)
    __initial_sp                             0x200011c0   Data           0  startup_stm32f407xx.o(STACK)

    Global Symbols

    Symbol Name                              Value     Ov Type        Size  Object(Section)

    BuildAttributes$$THM_ISAv4$E$P$D$K$B$S$7EM$VFPi3$EXTD16$VFPS$VFMA$PE$A:L22UL41UL21$X:L11$S22US41US21$IEEE1$IW$USESV6$~STKCKD$USESV7$~SHL$OSPACE$ROPI$EBA8$UX$STANDARDLIB$REQ8$PRES8$EABIv2 0x00000000   Number         0  anon$$obj.o ABSOLUTE
    __ARM_use_no_argv                        0x00000000   Number         0  main.o ABSOLUTE
    __ARM_exceptions_init                     - Undefined Weak Reference
    __alloca_initialize                       - Undefined Weak Reference
    __arm_preinit_                            - Undefined Weak Reference
    __cpp_initialize__aeabi_                  - Undefined Weak Reference
    __cxa_finalize                            - Undefined Weak Reference
    __rt_locale                               - Undefined Weak Reference
    __sigvec_lookup                           - Undefined Weak Reference
    _atexit_init                              - Undefined Weak Reference
    _call_atexit_fns                          - Undefined Weak Reference
    _clock_init                               - Undefined Weak Reference
    _fp_trap_init                             - Undefined Weak Reference
    _fp_trap_shutdown                         - Undefined Weak Reference
    _get_lc_collate                           - Undefined Weak Reference
    _get_lc_ctype                             - Undefined Weak Reference
    _get_lc_monetary                          - Undefined Weak Reference
    _get_lc_numeric                           - Undefined Weak Reference
    _get_lc_time                              - Undefined Weak Reference
    _getenv_init                              - Undefined Weak Reference
    _handle_redirection                       - Undefined Weak Reference
    _init_alloc                               - Undefined Weak Reference
    _init_user_alloc                          - Undefined Weak Reference
    _initio                                   - Undefined Weak Reference
    _rand_init                                - Undefined Weak Reference
    _signal_finish                            - Undefined Weak Reference
    _signal_init                              - Undefined Weak Reference
    _terminate_alloc                          - Undefined Weak Reference
    _terminate_user_alloc                     - Undefined Weak Reference
    _terminateio                              - Undefined Weak Reference
    __Vectors_Size                           0x00000188   Number         0  startup_stm32f407xx.o ABSOLUTE
    __Vectors                                0x08000000   Data           4  startup_stm32f407xx.o(RESET)
    __Vectors_End                            0x08000188   Data           0  startup_stm32f407xx.o(RESET)
    __main                                   0x08000189   Thumb Code     8  __main.o(!!!main)
    __scatterload                            0x08000191   Thumb Code     0  __scatter.o(!!!scatter)
    __scatterload_rt2                        0x08000191   Thumb Code    44  __scatter.o(!!!scatter)
    __scatterload_rt2_thumb_only             0x08000191   Thumb Code     0  __scatter.o(!!!scatter)
    __scatterload_null                       0x0800019f   Thumb Code     0  __scatter.o(!!!scatter)
    __decompress                             0x080001c5   Thumb Code    90  __dczerorl2.o(!!dczerorl2)
    __decompress1                            0x080001c5   Thumb Code     0  __dczerorl2.o(!!dczerorl2)
    __scatterload_zeroinit                   0x08000221   Thumb Code    28  __scatter_zi.o(!!handler_zi)
    __rt_lib_init                            0x0800023d   Thumb Code     0  libinit.o(.ARM.Collect$$libinit$$00000000)
    __rt_lib_init_fp_1                       0x0800023f   Thumb Code     0  libinit2.o(.ARM.Collect$$libinit$$00000001)
    __rt_lib_init_alloca_1                   0x08000243   Thumb Code     0  libinit2.o(.ARM.Collect$$libinit$$0000002E)
    __rt_lib_init_argv_1                     0x08000243   Thumb Code     0  libinit2.o(.ARM.Collect$$libinit$$0000002C)
    __rt_lib_init_atexit_1                   0x08000243   Thumb Code     0  libinit2.o(.ARM.Collect$$libinit$$0000001B)
    __rt_lib_init_clock_1                    0x08000243   Thumb Code     0  libinit2.o(.ARM.Collect$$libinit$$00000021)
    __rt_lib_init_cpp_1                      0x08000243   Thumb Code     0  libinit2.o(.ARM.Collect$$libinit$$00000032)
    __rt_lib_init_exceptions_1               0x08000243   Thumb Code     0  libinit2.o(.ARM.Collect$$libinit$$00000030)
    __rt_lib_init_fp_trap_1                  0x08000243   Thumb Code     0  libinit2.o(.ARM.Collect$$libinit$$0000001F)
    __rt_lib_init_getenv_1                   0x08000243   Thumb Code     0  libinit2.o(.ARM.Collect$$libinit$$00000023)
    __rt_lib_init_heap_1                     0x08000243   Thumb Code     0  libinit2.o(.ARM.Collect$$libinit$$0000000A)
    __rt_lib_init_lc_collate_1               0x08000243   Thumb Code     0  libinit2.o(.ARM.Collect$$libinit$$00000011)
    __rt_lib_init_lc_ctype_1                 0x08000243   Thumb Code     0  libinit2.o(.ARM.Collect$$libinit$$00000013)
    __rt_lib_init_lc_monetary_1              0x08000243   Thumb Code     0  libinit2.o(.ARM.Collect$$libinit$$00000015)
    __rt_lib_init_lc_numeric_1               0x08000243   Thumb Code     0  libinit2.o(.ARM.Collect$$libinit$$00000017)
    __rt_lib_init_lc_time_1                  0x08000243   Thumb Code     0  libinit2.o(.ARM.Collect$$libinit$$00000019)
    __rt_lib_init_preinit_1                  0x08000243   Thumb Code     0  libinit2.o(.ARM.Collect$$libinit$$00000004)
    __rt_lib_init_rand_1                     0x08000243   Thumb Code     0  libinit2.o(.ARM.Collect$$libinit$$0000000E)
    __rt_lib_init_return                     0x08000243   Thumb Code     0  libinit2.o(.ARM.Collect$$libinit$$00000033)
    __rt_lib_init_signal_1                   0x08000243   Thumb Code     0  libinit2.o(.ARM.Collect$$libinit$$0000001D)
    __rt_lib_init_stdio_1                    0x08000243   Thumb Code     0  libinit2.o(.ARM.Collect$$libinit$$00000025)
    __rt_lib_init_user_alloc_1               0x08000243   Thumb Code     0  libinit2.o(.ARM.Collect$$libinit$$0000000C)
    __rt_lib_shutdown                        0x08000245   Thumb Code     0  libshutdown.o(.ARM.Collect$$libshutdown$$00000000)
    __rt_lib_shutdown_cpp_1                  0x08000247   Thumb Code     0  libshutdown2.o(.ARM.Collect$$libshutdown$$00000002)
    __rt_lib_shutdown_fp_trap_1              0x08000247   Thumb Code     0  libshutdown2.o(.ARM.Collect$$libshutdown$$00000007)
    __rt_lib_shutdown_heap_1                 0x08000247   Thumb Code     0  libshutdown2.o(.ARM.Collect$$libshutdown$$0000000F)
    __rt_lib_shutdown_return                 0x08000247   Thumb Code     0  libshutdown2.o(.ARM.Collect$$libshutdown$$00000010)
    __rt_lib_shutdown_signal_1               0x08000247   Thumb Code     0  libshutdown2.o(.ARM.Collect$$libshutdown$$0000000A)
    __rt_lib_shutdown_stdio_1                0x08000247   Thumb Code     0  libshutdown2.o(.ARM.Collect$$libshutdown$$00000004)
    __rt_lib_shutdown_user_alloc_1           0x08000247   Thumb Code     0  libshutdown2.o(.ARM.Collect$$libshutdown$$0000000C)
    __rt_entry                               0x08000249   Thumb Code     0  __rtentry.o(.ARM.Collect$$rtentry$$00000000)
    __rt_entry_presh_1                       0x08000249   Thumb Code     0  __rtentry2.o(.ARM.Collect$$rtentry$$00000002)
    __rt_entry_sh                            0x08000249   Thumb Code     0  __rtentry4.o(.ARM.Collect$$rtentry$$00000004)
    __rt_entry_li                            0x0800024f   Thumb Code     0  __rtentry2.o(.ARM.Collect$$rtentry$$0000000A)
    __rt_entry_postsh_1                      0x0800024f   Thumb Code     0  __rtentry2.o(.ARM.Collect$$rtentry$$00000009)
    __rt_entry_main                          0x08000253   Thumb Code     0  __rtentry2.o(.ARM.Collect$$rtentry$$0000000D)
    __rt_entry_postli_1                      0x08000253   Thumb Code     0  __rtentry2.o(.ARM.Collect$$rtentry$$0000000C)
    __rt_exit                                0x0800025b   Thumb Code     0  rtexit.o(.ARM.Collect$$rtexit$$00000000)
    __rt_exit_ls                             0x0800025d   Thumb Code     0  rtexit2.o(.ARM.Collect$$rtexit$$00000003)
    __rt_exit_prels_1                        0x0800025d   Thumb Code     0  rtexit2.o(.ARM.Collect$$rtexit$$00000002)
    __rt_exit_exit                           0x08000261   Thumb Code     0  rtexit2.o(.ARM.Collect$$rtexit$$00000004)
    Reset_Handler                            0x08000269   Thumb Code     8  startup_stm32f407xx.o(.text)
    ADC_IRQHandler                           0x08000283   Thumb Code     0  startup_stm32f407xx.o(.text)
    CAN1_RX1_IRQHandler                      0x08000283   Thumb Code     0  startup_stm32f407xx.o(.text)
    CAN1_SCE_IRQHandler                      0x08000283   Thumb Code     0  startup_stm32f407xx.o(.text)
    CAN2_RX1_IRQHandler                      0x08000283   Thumb Code     0  startup_stm32f407xx.o(.text)
    CAN2_SCE_IRQHandler                      0x08000283   Thumb Code     0  startup_stm32f407xx.o(.text)
    DCMI_IRQHandler                          0x08000283   Thumb Code     0  startup_stm32f407xx.o(.text)
    DMA1_Stream2_IRQHandler                  0x08000283   Thumb Code     0  startup_stm32f407xx.o(.text)
    DMA1_Stream4_IRQHandler                  0x08000283   Thumb Code     0  startup_stm32f407xx.o(.text)
    DMA1_Stream5_IRQHandler                  0x08000283   Thumb Code     0  startup_stm32f407xx.o(.text)
    DMA1_Stream7_IRQHandler                  0x08000283   Thumb Code     0  startup_stm32f407xx.o(.text)
    DMA2_Stream0_IRQHandler                  0x08000283   Thumb Code     0  startup_stm32f407xx.o(.text)
    DMA2_Stream1_IRQHandler                  0x08000283   Thumb Code     0  startup_stm32f407xx.o(.text)
    DMA2_Stream2_IRQHandler                  0x08000283   Thumb Code     0  startup_stm32f407xx.o(.text)
    DMA2_Stream3_IRQHandler                  0x08000283   Thumb Code     0  startup_stm32f407xx.o(.text)
    DMA2_Stream4_IRQHandler                  0x08000283   Thumb Code     0  startup_stm32f407xx.o(.text)
    DMA2_Stream5_IRQHandler                  0x08000283   Thumb Code     0  startup_stm32f407xx.o(.text)
    DMA2_Stream6_IRQHandler                  0x08000283   Thumb Code     0  startup_stm32f407xx.o(.text)
    DMA2_Stream7_IRQHandler                  0x08000283   Thumb Code     0  startup_stm32f407xx.o(.text)
    ETH_IRQHandler                           0x08000283   Thumb Code     0  startup_stm32f407xx.o(.text)
    ETH_WKUP_IRQHandler                      0x08000283   Thumb Code     0  startup_stm32f407xx.o(.text)
    EXTI0_IRQHandler                         0x08000283   Thumb Code     0  startup_stm32f407xx.o(.text)
    EXTI15_10_IRQHandler                     0x08000283   Thumb Code     0  startup_stm32f407xx.o(.text)
    EXTI1_IRQHandler                         0x08000283   Thumb Code     0  startup_stm32f407xx.o(.text)
    EXTI2_IRQHandler                         0x08000283   Thumb Code     0  startup_stm32f407xx.o(.text)
    EXTI3_IRQHandler                         0x08000283   Thumb Code     0  startup_stm32f407xx.o(.text)
    EXTI4_IRQHandler                         0x08000283   Thumb Code     0  startup_stm32f407xx.o(.text)
    EXTI9_5_IRQHandler                       0x08000283   Thumb Code     0  startup_stm32f407xx.o(.text)
    FLASH_IRQHandler                         0x08000283   Thumb Code     0  startup_stm32f407xx.o(.text)
    FMC_IRQHandler                           0x08000283   Thumb Code     0  startup_stm32f407xx.o(.text)
    FPU_IRQHandler                           0x08000283   Thumb Code     0  startup_stm32f407xx.o(.text)
    HASH_RNG_IRQHandler                      0x08000283   Thumb Code     0  startup_stm32f407xx.o(.text)
    I2C2_ER_IRQHandler                       0x08000283   Thumb Code     0  startup_stm32f407xx.o(.text)
    I2C2_EV_IRQHandler                       0x08000283   Thumb Code     0  startup_stm32f407xx.o(.text)
    I2C3_ER_IRQHandler                       0x08000283   Thumb Code     0  startup_stm32f407xx.o(.text)
    I2C3_EV_IRQHandler                       0x08000283   Thumb Code     0  startup_stm32f407xx.o(.text)
    OTG_FS_IRQHandler                        0x08000283   Thumb Code     0  startup_stm32f407xx.o(.text)
    OTG_FS_WKUP_IRQHandler                   0x08000283   Thumb Code     0  startup_stm32f407xx.o(.text)
    OTG_HS_EP1_IN_IRQHandler                 0x08000283   Thumb Code     0  startup_stm32f407xx.o(.text)
    OTG_HS_EP1_OUT_IRQHandler                0x08000283   Thumb Code     0  startup_stm32f407xx.o(.text)
    OTG_HS_IRQHandler                        0x08000283   Thumb Code     0  startup_stm32f407xx.o(.text)
    OTG_HS_WKUP_IRQHandler                   0x08000283   Thumb Code     0  startup_stm32f407xx.o(.text)
    PVD_IRQHandler                           0x08000283   Thumb Code     0  startup_stm32f407xx.o(.text)
    RCC_IRQHandler                           0x08000283   Thumb Code     0  startup_stm32f407xx.o(.text)
    RTC_Alarm_IRQHandler                     0x08000283   Thumb Code     0  startup_stm32f407xx.o(.text)
    RTC_WKUP_IRQHandler                      0x08000283   Thumb Code     0  startup_stm32f407xx.o(.text)
    SDIO_IRQHandler                          0x08000283   Thumb Code     0  startup_stm32f407xx.o(.text)
    SPI1_IRQHandler                          0x08000283   Thumb Code     0  startup_stm32f407xx.o(.text)
    SPI2_IRQHandler                          0x08000283   Thumb Code     0  startup_stm32f407xx.o(.text)
    SPI3_IRQHandler                          0x08000283   Thumb Code     0  startup_stm32f407xx.o(.text)
    TAMP_STAMP_IRQHandler                    0x08000283   Thumb Code     0  startup_stm32f407xx.o(.text)
    TIM1_BRK_TIM9_IRQHandler                 0x08000283   Thumb Code     0  startup_stm32f407xx.o(.text)
    TIM1_CC_IRQHandler                       0x08000283   Thumb Code     0  startup_stm32f407xx.o(.text)
    TIM1_TRG_COM_TIM11_IRQHandler            0x08000283   Thumb Code     0  startup_stm32f407xx.o(.text)
    TIM2_IRQHandler                          0x08000283   Thumb Code     0  startup_stm32f407xx.o(.text)
    TIM3_IRQHandler                          0x08000283   Thumb Code     0  startup_stm32f407xx.o(.text)
    TIM4_IRQHandler                          0x08000283   Thumb Code     0  startup_stm32f407xx.o(.text)
    TIM5_IRQHandler                          0x08000283   Thumb Code     0  startup_stm32f407xx.o(.text)
    TIM6_DAC_IRQHandler                      0x08000283   Thumb Code     0  startup_stm32f407xx.o(.text)
    TIM7_IRQHandler                          0x08000283   Thumb Code     0  startup_stm32f407xx.o(.text)
    TIM8_BRK_TIM12_IRQHandler                0x08000283   Thumb Code     0  startup_stm32f407xx.o(.text)
    TIM8_CC_IRQHandler                       0x08000283   Thumb Code     0  startup_stm32f407xx.o(.text)
    TIM8_TRG_COM_TIM14_IRQHandler            0x08000283   Thumb Code     0  startup_stm32f407xx.o(.text)
    TIM8_UP_TIM13_IRQHandler                 0x08000283   Thumb Code     0  startup_stm32f407xx.o(.text)
    UART4_IRQHandler                         0x08000283   Thumb Code     0  startup_stm32f407xx.o(.text)
    UART5_IRQHandler                         0x08000283   Thumb Code     0  startup_stm32f407xx.o(.text)
    USART1_IRQHandler                        0x08000283   Thumb Code     0  startup_stm32f407xx.o(.text)
    USART2_IRQHandler                        0x08000283   Thumb Code     0  startup_stm32f407xx.o(.text)
    USART6_IRQHandler                        0x08000283   Thumb Code     0  startup_stm32f407xx.o(.text)
    WWDG_IRQHandler                          0x08000283   Thumb Code     0  startup_stm32f407xx.o(.text)
    __user_initial_stackheap                 0x08000285   Thumb Code     0  startup_stm32f407xx.o(.text)
    __aeabi_uldivmod                         0x080002a9   Thumb Code     0  lludivv7m.o(.text)
    _ll_udiv                                 0x080002a9   Thumb Code   238  lludivv7m.o(.text)
    __aeabi_memclr4                          0x08000397   Thumb Code     0  rt_memclr_w.o(.text)
    __aeabi_memclr8                          0x08000397   Thumb Code     0  rt_memclr_w.o(.text)
    __rt_memclr_w                            0x08000397   Thumb Code    78  rt_memclr_w.o(.text)
    _memset_w                                0x0800039b   Thumb Code     0  rt_memclr_w.o(.text)
    __use_two_region_memory                  0x080003e5   Thumb Code     2  heapauxi.o(.text)
    __rt_heap_escrow$2region                 0x080003e7   Thumb Code     2  heapauxi.o(.text)
    __rt_heap_expand$2region                 0x080003e9   Thumb Code     2  heapauxi.o(.text)
    __user_setup_stackheap                   0x080003eb   Thumb Code    74  sys_stackheap_outer.o(.text)
    exit                                     0x08000435   Thumb Code    18  exit.o(.text)
    __user_libspace                          0x08000449   Thumb Code     8  libspace.o(.text)
    __user_perproc_libspace                  0x08000449   Thumb Code     0  libspace.o(.text)
    __user_perthread_libspace                0x08000449   Thumb Code     0  libspace.o(.text)
    _sys_exit                                0x08000451   Thumb Code     8  sys_exit.o(.text)
    __I$use$semihosting                      0x0800045d   Thumb Code     0  use_no_semi.o(.text)
    __use_no_semihosting_swi                 0x0800045d   Thumb Code     2  use_no_semi.o(.text)
    BusFault_Handler                         0x0800045f   Thumb Code     2  stm32f4xx_it.o(i.BusFault_Handler)
    __semihosting_library_function           0x0800045f   Thumb Code     0  indicate_semi.o(.text)
    CAL_MESSAGE                              0x08000461   Thumb Code   228  calculate.o(i.CAL_MESSAGE)
    CAN1_RX0_IRQHandler                      0x08000579   Thumb Code     6  stm32f4xx_it.o(i.CAN1_RX0_IRQHandler)
    CAN1_TX_IRQHandler                       0x08000585   Thumb Code     6  stm32f4xx_it.o(i.CAN1_TX_IRQHandler)
    CAN2_RX0_IRQHandler                      0x08000591   Thumb Code     6  stm32f4xx_it.o(i.CAN2_RX0_IRQHandler)
    CAN2_TX_IRQHandler                       0x0800059d   Thumb Code     6  stm32f4xx_it.o(i.CAN2_TX_IRQHandler)
    CalculateParity                          0x080005a9   Thumb Code    22  calculate.o(i.CalculateParity)
    DMA1_Stream0_IRQHandler                  0x08000645   Thumb Code     6  stm32f4xx_it.o(i.DMA1_Stream0_IRQHandler)
    DMA1_Stream1_IRQHandler                  0x08000651   Thumb Code     6  stm32f4xx_it.o(i.DMA1_Stream1_IRQHandler)
    DMA1_Stream3_IRQHandler                  0x0800065d   Thumb Code     6  stm32f4xx_it.o(i.DMA1_Stream3_IRQHandler)
    DMA1_Stream6_IRQHandler                  0x08000669   Thumb Code     6  stm32f4xx_it.o(i.DMA1_Stream6_IRQHandler)
    DebugMon_Handler                         0x08000719   Thumb Code     2  stm32f4xx_it.o(i.DebugMon_Handler)
    Error_Handler                            0x0800071b   Thumb Code     4  main.o(i.Error_Handler)
    HAL_CAN_ActivateNotification             0x0800071f   Thumb Code    36  stm32f4xx_hal_can.o(i.HAL_CAN_ActivateNotification)
    HAL_CAN_ConfigFilter                     0x08000745   Thumb Code   262  stm32f4xx_hal_can.o(i.HAL_CAN_ConfigFilter)
    HAL_CAN_ErrorCallback                    0x08000851   Thumb Code     2  stm32f4xx_hal_can.o(i.HAL_CAN_ErrorCallback)
    HAL_CAN_GetRxMessage                     0x08000853   Thumb Code   232  stm32f4xx_hal_can.o(i.HAL_CAN_GetRxMessage)
    HAL_CAN_IRQHandler                       0x0800093b   Thumb Code   508  stm32f4xx_hal_can.o(i.HAL_CAN_IRQHandler)
    HAL_CAN_Init                             0x08000b37   Thumb Code   282  stm32f4xx_hal_can.o(i.HAL_CAN_Init)
    HAL_CAN_MspInit                          0x08000c51   Thumb Code   258  can.o(i.HAL_CAN_MspInit)
    HAL_CAN_RxFifo0FullCallback              0x08000d6d   Thumb Code     2  stm32f4xx_hal_can.o(i.HAL_CAN_RxFifo0FullCallback)
    HAL_CAN_RxFifo0MsgPendingCallback        0x08000d71   Thumb Code   182  bsp_can.o(i.HAL_CAN_RxFifo0MsgPendingCallback)
    HAL_CAN_RxFifo1FullCallback              0x08000e39   Thumb Code     2  stm32f4xx_hal_can.o(i.HAL_CAN_RxFifo1FullCallback)
    HAL_CAN_RxFifo1MsgPendingCallback        0x08000e3b   Thumb Code     2  stm32f4xx_hal_can.o(i.HAL_CAN_RxFifo1MsgPendingCallback)
    HAL_CAN_SleepCallback                    0x08000e3d   Thumb Code     2  stm32f4xx_hal_can.o(i.HAL_CAN_SleepCallback)
    HAL_CAN_Start                            0x08000e41   Thumb Code    88  stm32f4xx_hal_can.o(i.HAL_CAN_Start)
    HAL_CAN_TxMailbox0AbortCallback          0x08000e99   Thumb Code     2  stm32f4xx_hal_can.o(i.HAL_CAN_TxMailbox0AbortCallback)
    HAL_CAN_TxMailbox0CompleteCallback       0x08000e9b   Thumb Code     2  stm32f4xx_hal_can.o(i.HAL_CAN_TxMailbox0CompleteCallback)
    HAL_CAN_TxMailbox1AbortCallback          0x08000e9d   Thumb Code     2  stm32f4xx_hal_can.o(i.HAL_CAN_TxMailbox1AbortCallback)
    HAL_CAN_TxMailbox1CompleteCallback       0x08000e9f   Thumb Code     2  stm32f4xx_hal_can.o(i.HAL_CAN_TxMailbox1CompleteCallback)
    HAL_CAN_TxMailbox2AbortCallback          0x08000ea1   Thumb Code     2  stm32f4xx_hal_can.o(i.HAL_CAN_TxMailbox2AbortCallback)
    HAL_CAN_TxMailbox2CompleteCallback       0x08000ea3   Thumb Code     2  stm32f4xx_hal_can.o(i.HAL_CAN_TxMailbox2CompleteCallback)
    HAL_CAN_WakeUpFromRxMsgCallback          0x08000ea5   Thumb Code     2  stm32f4xx_hal_can.o(i.HAL_CAN_WakeUpFromRxMsgCallback)
    HAL_DMA_Abort                            0x08000ea7   Thumb Code   146  stm32f4xx_hal_dma.o(i.HAL_DMA_Abort)
    HAL_DMA_Abort_IT                         0x08000f39   Thumb Code    36  stm32f4xx_hal_dma.o(i.HAL_DMA_Abort_IT)
    HAL_DMA_GetError                         0x08000f5d   Thumb Code     4  stm32f4xx_hal_dma.o(i.HAL_DMA_GetError)
    HAL_DMA_GetState                         0x08000f61   Thumb Code     6  stm32f4xx_hal_dma.o(i.HAL_DMA_GetState)
    HAL_DMA_IRQHandler                       0x08000f69   Thumb Code   412  stm32f4xx_hal_dma.o(i.HAL_DMA_IRQHandler)
    HAL_DMA_Init                             0x08001109   Thumb Code   206  stm32f4xx_hal_dma.o(i.HAL_DMA_Init)
    HAL_DMA_Start_IT                         0x080011dd   Thumb Code   110  stm32f4xx_hal_dma.o(i.HAL_DMA_Start_IT)
    HAL_Delay                                0x0800124d   Thumb Code    32  stm32f4xx_hal.o(i.HAL_Delay)
    HAL_GPIO_Init                            0x08001271   Thumb Code   450  stm32f4xx_hal_gpio.o(i.HAL_GPIO_Init)
    HAL_GetTick                              0x08001461   Thumb Code     6  stm32f4xx_hal.o(i.HAL_GetTick)
    HAL_I2C_AbortCpltCallback                0x0800146d   Thumb Code     2  stm32f4xx_hal_i2c.o(i.HAL_I2C_AbortCpltCallback)
    HAL_I2C_AddrCallback                     0x0800146f   Thumb Code     2  stm32f4xx_hal_i2c.o(i.HAL_I2C_AddrCallback)
    HAL_I2C_ER_IRQHandler                    0x08001471   Thumb Code   186  stm32f4xx_hal_i2c.o(i.HAL_I2C_ER_IRQHandler)
    HAL_I2C_EV_IRQHandler                    0x0800152b   Thumb Code   560  stm32f4xx_hal_i2c.o(i.HAL_I2C_EV_IRQHandler)
    HAL_I2C_ErrorCallback                    0x0800175b   Thumb Code     2  stm32f4xx_hal_i2c.o(i.HAL_I2C_ErrorCallback)
    HAL_I2C_GetError                         0x0800175d   Thumb Code     4  stm32f4xx_hal_i2c.o(i.HAL_I2C_GetError)
    HAL_I2C_GetState                         0x08001761   Thumb Code     6  stm32f4xx_hal_i2c.o(i.HAL_I2C_GetState)
    HAL_I2C_Init                             0x08001769   Thumb Code   376  stm32f4xx_hal_i2c.o(i.HAL_I2C_Init)
    HAL_I2C_ListenCpltCallback               0x080018f1   Thumb Code     2  stm32f4xx_hal_i2c.o(i.HAL_I2C_ListenCpltCallback)
    HAL_I2C_MasterRxCpltCallback             0x080018f3   Thumb Code     2  stm32f4xx_hal_i2c.o(i.HAL_I2C_MasterRxCpltCallback)
    HAL_I2C_MasterTxCpltCallback             0x080018f5   Thumb Code     2  stm32f4xx_hal_i2c.o(i.HAL_I2C_MasterTxCpltCallback)
    HAL_I2C_Master_Transmit_DMA              0x080018f9   Thumb Code   336  stm32f4xx_hal_i2c.o(i.HAL_I2C_Master_Transmit_DMA)
    HAL_I2C_MemRxCpltCallback                0x08001a59   Thumb Code     2  stm32f4xx_hal_i2c.o(i.HAL_I2C_MemRxCpltCallback)
    HAL_I2C_MemTxCpltCallback                0x08001a5b   Thumb Code     2  stm32f4xx_hal_i2c.o(i.HAL_I2C_MemTxCpltCallback)
    HAL_I2C_MspInit                          0x08001a5d   Thumb Code   224  i2c.o(i.HAL_I2C_MspInit)
    HAL_I2C_SlaveRxCpltCallback              0x08001b51   Thumb Code     2  stm32f4xx_hal_i2c.o(i.HAL_I2C_SlaveRxCpltCallback)
    HAL_I2C_SlaveTxCpltCallback              0x08001b53   Thumb Code     2  stm32f4xx_hal_i2c.o(i.HAL_I2C_SlaveTxCpltCallback)
    HAL_IncTick                              0x08001b55   Thumb Code    12  stm32f4xx_hal.o(i.HAL_IncTick)
    HAL_Init                                 0x08001b65   Thumb Code    48  stm32f4xx_hal.o(i.HAL_Init)
    HAL_InitTick                             0x08001b99   Thumb Code    54  stm32f4xx_hal.o(i.HAL_InitTick)
    HAL_MspInit                              0x08001bd9   Thumb Code    42  stm32f4xx_hal_msp.o(i.HAL_MspInit)
    HAL_NVIC_EnableIRQ                       0x08001c09   Thumb Code    26  stm32f4xx_hal_cortex.o(i.HAL_NVIC_EnableIRQ)
    HAL_NVIC_SetPriority                     0x08001c25   Thumb Code    60  stm32f4xx_hal_cortex.o(i.HAL_NVIC_SetPriority)
    HAL_NVIC_SetPriorityGrouping             0x08001c65   Thumb Code    26  stm32f4xx_hal_cortex.o(i.HAL_NVIC_SetPriorityGrouping)
    HAL_RCC_ClockConfig                      0x08001c89   Thumb Code   288  stm32f4xx_hal_rcc.o(i.HAL_RCC_ClockConfig)
    HAL_RCC_GetPCLK1Freq                     0x08001dbd   Thumb Code    20  stm32f4xx_hal_rcc.o(i.HAL_RCC_GetPCLK1Freq)
    HAL_RCC_GetPCLK2Freq                     0x08001ddd   Thumb Code    20  stm32f4xx_hal_rcc.o(i.HAL_RCC_GetPCLK2Freq)
    HAL_RCC_GetSysClockFreq                  0x08001dfd   Thumb Code    88  stm32f4xx_hal_rcc.o(i.HAL_RCC_GetSysClockFreq)
    HAL_RCC_OscConfig                        0x08001e61   Thumb Code   856  stm32f4xx_hal_rcc.o(i.HAL_RCC_OscConfig)
    HAL_SYSTICK_Config                       0x080021cd   Thumb Code    40  stm32f4xx_hal_cortex.o(i.HAL_SYSTICK_Config)
    HAL_TIMEx_BreakCallback                  0x080021f5   Thumb Code     2  stm32f4xx_hal_tim_ex.o(i.HAL_TIMEx_BreakCallback)
    HAL_TIMEx_CommutCallback                 0x080021f7   Thumb Code     2  stm32f4xx_hal_tim_ex.o(i.HAL_TIMEx_CommutCallback)
    HAL_TIMEx_MasterConfigSynchronization    0x080021f9   Thumb Code   116  stm32f4xx_hal_tim_ex.o(i.HAL_TIMEx_MasterConfigSynchronization)
    HAL_TIM_Base_Init                        0x08002289   Thumb Code    90  stm32f4xx_hal_tim.o(i.HAL_TIM_Base_Init)
    HAL_TIM_Base_MspInit                     0x080022e5   Thumb Code    50  tim.o(i.HAL_TIM_Base_MspInit)
    HAL_TIM_Base_Start_IT                    0x08002321   Thumb Code   100  stm32f4xx_hal_tim.o(i.HAL_TIM_Base_Start_IT)
    HAL_TIM_IC_CaptureCallback               0x080023a1   Thumb Code     2  stm32f4xx_hal_tim.o(i.HAL_TIM_IC_CaptureCallback)
    HAL_TIM_IRQHandler                       0x080023a3   Thumb Code   358  stm32f4xx_hal_tim.o(i.HAL_TIM_IRQHandler)
    HAL_TIM_MspPostInit                      0x08002509   Thumb Code    66  tim.o(i.HAL_TIM_MspPostInit)
    HAL_TIM_OC_DelayElapsedCallback          0x08002559   Thumb Code     2  stm32f4xx_hal_tim.o(i.HAL_TIM_OC_DelayElapsedCallback)
    HAL_TIM_PWM_ConfigChannel                0x0800255b   Thumb Code   204  stm32f4xx_hal_tim.o(i.HAL_TIM_PWM_ConfigChannel)
    HAL_TIM_PWM_Init                         0x08002627   Thumb Code    90  stm32f4xx_hal_tim.o(i.HAL_TIM_PWM_Init)
    HAL_TIM_PWM_MspInit                      0x08002681   Thumb Code    30  tim.o(i.HAL_TIM_PWM_MspInit)
    HAL_TIM_PWM_PulseFinishedCallback        0x080026a9   Thumb Code     2  stm32f4xx_hal_tim.o(i.HAL_TIM_PWM_PulseFinishedCallback)
    HAL_TIM_PWM_Start                        0x080026ad   Thumb Code   172  stm32f4xx_hal_tim.o(i.HAL_TIM_PWM_Start)
    HAL_TIM_PeriodElapsedCallback            0x08002775   Thumb Code   290  main.o(i.HAL_TIM_PeriodElapsedCallback)
    HAL_TIM_TriggerCallback                  0x080028c1   Thumb Code     2  stm32f4xx_hal_tim.o(i.HAL_TIM_TriggerCallback)
    HAL_UARTEx_RxEventCallback               0x080028c3   Thumb Code     2  stm32f4xx_hal_uart.o(i.HAL_UARTEx_RxEventCallback)
    HAL_UART_ErrorCallback                   0x080028c5   Thumb Code    28  main.o(i.HAL_UART_ErrorCallback)
    HAL_UART_IRQHandler                      0x080028f1   Thumb Code   610  stm32f4xx_hal_uart.o(i.HAL_UART_IRQHandler)
    HAL_UART_Init                            0x08002b59   Thumb Code    98  stm32f4xx_hal_uart.o(i.HAL_UART_Init)
    HAL_UART_MspInit                         0x08002bbd   Thumb Code   210  usart.o(i.HAL_UART_MspInit)
    HAL_UART_Receive_DMA                     0x08002ca5   Thumb Code    42  stm32f4xx_hal_uart.o(i.HAL_UART_Receive_DMA)
    HAL_UART_RxCpltCallback                  0x08002cd1   Thumb Code    88  main.o(i.HAL_UART_RxCpltCallback)
    HAL_UART_RxHalfCpltCallback              0x08002d39   Thumb Code     2  stm32f4xx_hal_uart.o(i.HAL_UART_RxHalfCpltCallback)
    HAL_UART_TxCpltCallback                  0x08002d3b   Thumb Code     2  stm32f4xx_hal_uart.o(i.HAL_UART_TxCpltCallback)
    HardFault_Handler                        0x08002d3d   Thumb Code     2  stm32f4xx_it.o(i.HardFault_Handler)
    I2C1_ER_IRQHandler                       0x08002d41   Thumb Code     6  stm32f4xx_it.o(i.I2C1_ER_IRQHandler)
    I2C1_EV_IRQHandler                       0x08002d4d   Thumb Code     6  stm32f4xx_it.o(i.I2C1_EV_IRQHandler)
    MX_CAN1_Init                             0x0800381d   Thumb Code    60  can.o(i.MX_CAN1_Init)
    MX_CAN2_Init                             0x08003861   Thumb Code    60  can.o(i.MX_CAN2_Init)
    MX_DMA_Init                              0x080038a5   Thumb Code    88  dma.o(i.MX_DMA_Init)
    MX_GPIO_Init                             0x08003901   Thumb Code    70  gpio.o(i.MX_GPIO_Init)
    MX_I2C1_Init                             0x0800394d   Thumb Code    54  i2c.o(i.MX_I2C1_Init)
    MX_TIM10_Init                            0x08003991   Thumb Code    44  tim.o(i.MX_TIM10_Init)
    MX_TIM3_Init                             0x080039c5   Thumb Code   108  tim.o(i.MX_TIM3_Init)
    MX_USART3_UART_Init                      0x08003a39   Thumb Code    48  usart.o(i.MX_USART3_UART_Init)
    MemManage_Handler                        0x08003a71   Thumb Code     2  stm32f4xx_it.o(i.MemManage_Handler)
    NMI_Handler                              0x08003a73   Thumb Code     2  stm32f4xx_it.o(i.NMI_Handler)
    PID_MODEL_initialize                     0x08003a75   Thumb Code    64  pid_model.o(i.PID_MODEL_initialize)
    PID_MODEL_step                           0x08003abd   Thumb Code  6138  pid_model.o(i.PID_MODEL_step)
    PendSV_Handler                           0x080052bd   Thumb Code     2  stm32f4xx_it.o(i.PendSV_Handler)
    SVC_Handler                              0x080052bf   Thumb Code     2  stm32f4xx_it.o(i.SVC_Handler)
    SysTick_Handler                          0x080052c1   Thumb Code     4  stm32f4xx_it.o(i.SysTick_Handler)
    SystemClock_Config                       0x080052c5   Thumb Code   140  main.o(i.SystemClock_Config)
    SystemInit                               0x08005359   Thumb Code    12  system_stm32f4xx.o(i.SystemInit)
    TIM1_UP_TIM10_IRQHandler                 0x08005369   Thumb Code     6  stm32f4xx_it.o(i.TIM1_UP_TIM10_IRQHandler)
    TIM_Base_SetConfig                       0x08005375   Thumb Code   156  stm32f4xx_hal_tim.o(i.TIM_Base_SetConfig)
    TIM_CCxChannelCmd                        0x0800543d   Thumb Code    26  stm32f4xx_hal_tim.o(i.TIM_CCxChannelCmd)
    TIM_OC2_SetConfig                        0x080054b9   Thumb Code    98  stm32f4xx_hal_tim.o(i.TIM_OC2_SetConfig)
    UART_Start_Receive_DMA                   0x08005909   Thumb Code   134  stm32f4xx_hal_uart.o(i.UART_Start_Receive_DMA)
    USART3_IRQHandler                        0x0800599d   Thumb Code     6  stm32f4xx_it.o(i.USART3_IRQHandler)
    UsageFault_Handler                       0x080059a9   Thumb Code     2  stm32f4xx_it.o(i.UsageFault_Handler)
    can_filter_init                          0x080059cd   Thumb Code    74  bsp_can.o(i.can_filter_init)
    circle_cc                                0x08005a21   Thumb Code    38  bsp_can.o(i.circle_cc)
    main                                     0x08005a49   Thumb Code   280  main.o(i.main)
    motor_state_update_can2                  0x08005bb5   Thumb Code    38  bsp_can.o(i.motor_state_update_can2)
    _fp_init                                 0x08005be1   Thumb Code    10  fpinit.o(x$fpl$fpinit)
    __fplib_config_fpu_vfp                   0x08005be9   Thumb Code     0  fpinit.o(x$fpl$fpinit)
    __fplib_config_pureend_doubles           0x08005be9   Thumb Code     0  fpinit.o(x$fpl$fpinit)
    AHBPrescTable                            0x08005bf2   Data          16  system_stm32f4xx.o(.constdata)
    APBPrescTable                            0x08005c02   Data           8  system_stm32f4xx.o(.constdata)
    Region$$Table$$Base                      0x08005c0c   Number         0  anon$$obj.o(Region$$Table)
    Region$$Table$$Limit                     0x08005c2c   Number         0  anon$$obj.o(Region$$Table)
    USART_FLAG                               0x20000000   Data           1  main.o(.data)
    motorExtent                              0x20000001   Data           1  main.o(.data)
    I2C_TRANS_FLAG                           0x20000002   Data           1  main.o(.data)
    lx                                       0x20000004   Data           2  main.o(.data)
    ly                                       0x20000006   Data           2  main.o(.data)
    rx                                       0x20000008   Data           2  main.o(.data)
    ry                                       0x2000000a   Data           2  main.o(.data)
    lp                                       0x2000000c   Data           2  main.o(.data)
    rp                                       0x2000000e   Data           2  main.o(.data)
    B1                                       0x20000010   Data           1  main.o(.data)
    B2                                       0x20000011   Data           1  main.o(.data)
    Cal_Parity                               0x20000012   Data           1  main.o(.data)
    uwTickFreq                               0x20000018   Data           1  stm32f4xx_hal.o(.data)
    uwTickPrio                               0x2000001c   Data           4  stm32f4xx_hal.o(.data)
    uwTick                                   0x20000020   Data           4  stm32f4xx_hal.o(.data)
    SystemCoreClock                          0x20000024   Data           4  system_stm32f4xx.o(.data)
    rtP                                      0x2000004c   Data         616  pid_model_data.o(.data)
    YAW_TGT                                  0x200002b4   Data          32  main.o(.bss)
    ANG_TGT                                  0x200002d4   Data          32  main.o(.bss)
    can_output                               0x200002f4   Data          32  main.o(.bss)
    DataRe                                   0x20000314   Data          18  main.o(.bss)
    hcan1                                    0x20000328   Data          40  can.o(.bss)
    hcan2                                    0x20000350   Data          40  can.o(.bss)
    hi2c1                                    0x20000378   Data          84  i2c.o(.bss)
    hdma_i2c1_rx                             0x200003cc   Data          96  i2c.o(.bss)
    hdma_i2c1_tx                             0x2000042c   Data          96  i2c.o(.bss)
    htim3                                    0x2000048c   Data          72  tim.o(.bss)
    htim10                                   0x200004d4   Data          72  tim.o(.bss)
    huart3                                   0x2000051c   Data          68  usart.o(.bss)
    hdma_usart3_rx                           0x20000560   Data          96  usart.o(.bss)
    hdma_usart3_tx                           0x200005c0   Data          96  usart.o(.bss)
    motor_data_can1                          0x20000720   Data          32  bsp_can.o(.bss)
    motor_data_can2                          0x20000740   Data          32  bsp_can.o(.bss)
    rtDW                                     0x200007c0   Data         420  pid_model.o(.bss)
    rtU                                      0x20000964   Data         336  pid_model.o(.bss)
    rtY                                      0x20000ab4   Data         168  pid_model.o(.bss)
    __libspace_start                         0x20000b5c   Data          96  libspace.o(.bss)
    __temporary_stack_top$libspace           0x20000bbc   Data           0  libspace.o(.bss)



==============================================================================

Memory Map of the image

  Image Entry point : 0x08000189

  Load Region LR_IROM1 (Base: 0x08000000, Size: 0x00005ee0, Max: 0x00100000, ABSOLUTE, COMPRESSED[0x00005c48])

    Execution Region ER_IROM1 (Exec base: 0x08000000, Load base: 0x08000000, Size: 0x00005c2c, Max: 0x00100000, ABSOLUTE)

    Exec Addr    Load Addr    Size         Type   Attr      Idx    E Section Name        Object

    0x08000000   0x08000000   0x00000188   Data   RO            3    RESET               startup_stm32f407xx.o
    0x08000188   0x08000188   0x00000008   Code   RO         4099  * !!!main             c_w.l(__main.o)
    0x08000190   0x08000190   0x00000034   Code   RO         4268    !!!scatter          c_w.l(__scatter.o)
    0x080001c4   0x080001c4   0x0000005a   Code   RO         4266    !!dczerorl2         c_w.l(__dczerorl2.o)
    0x0800021e   0x0800021e   0x00000002   PAD
    0x08000220   0x08000220   0x0000001c   Code   RO         4270    !!handler_zi        c_w.l(__scatter_zi.o)
    0x0800023c   0x0800023c   0x00000002   Code   RO         4136    .ARM.Collect$$libinit$$00000000  c_w.l(libinit.o)
    0x0800023e   0x0800023e   0x00000004   Code   RO         4148    .ARM.Collect$$libinit$$00000001  c_w.l(libinit2.o)
    0x08000242   0x08000242   0x00000000   Code   RO         4151    .ARM.Collect$$libinit$$00000004  c_w.l(libinit2.o)
    0x08000242   0x08000242   0x00000000   Code   RO         4154    .ARM.Collect$$libinit$$0000000A  c_w.l(libinit2.o)
    0x08000242   0x08000242   0x00000000   Code   RO         4156    .ARM.Collect$$libinit$$0000000C  c_w.l(libinit2.o)
    0x08000242   0x08000242   0x00000000   Code   RO         4158    .ARM.Collect$$libinit$$0000000E  c_w.l(libinit2.o)
    0x08000242   0x08000242   0x00000000   Code   RO         4161    .ARM.Collect$$libinit$$00000011  c_w.l(libinit2.o)
    0x08000242   0x08000242   0x00000000   Code   RO         4163    .ARM.Collect$$libinit$$00000013  c_w.l(libinit2.o)
    0x08000242   0x08000242   0x00000000   Code   RO         4165    .ARM.Collect$$libinit$$00000015  c_w.l(libinit2.o)
    0x08000242   0x08000242   0x00000000   Code   RO         4167    .ARM.Collect$$libinit$$00000017  c_w.l(libinit2.o)
    0x08000242   0x08000242   0x00000000   Code   RO         4169    .ARM.Collect$$libinit$$00000019  c_w.l(libinit2.o)
    0x08000242   0x08000242   0x00000000   Code   RO         4171    .ARM.Collect$$libinit$$0000001B  c_w.l(libinit2.o)
    0x08000242   0x08000242   0x00000000   Code   RO         4173    .ARM.Collect$$libinit$$0000001D  c_w.l(libinit2.o)
    0x08000242   0x08000242   0x00000000   Code   RO         4175    .ARM.Collect$$libinit$$0000001F  c_w.l(libinit2.o)
    0x08000242   0x08000242   0x00000000   Code   RO         4177    .ARM.Collect$$libinit$$00000021  c_w.l(libinit2.o)
    0x08000242   0x08000242   0x00000000   Code   RO         4179    .ARM.Collect$$libinit$$00000023  c_w.l(libinit2.o)
    0x08000242   0x08000242   0x00000000   Code   RO         4181    .ARM.Collect$$libinit$$00000025  c_w.l(libinit2.o)
    0x08000242   0x08000242   0x00000000   Code   RO         4185    .ARM.Collect$$libinit$$0000002C  c_w.l(libinit2.o)
    0x08000242   0x08000242   0x00000000   Code   RO         4187    .ARM.Collect$$libinit$$0000002E  c_w.l(libinit2.o)
    0x08000242   0x08000242   0x00000000   Code   RO         4189    .ARM.Collect$$libinit$$00000030  c_w.l(libinit2.o)
    0x08000242   0x08000242   0x00000000   Code   RO         4191    .ARM.Collect$$libinit$$00000032  c_w.l(libinit2.o)
    0x08000242   0x08000242   0x00000002   Code   RO         4192    .ARM.Collect$$libinit$$00000033  c_w.l(libinit2.o)
    0x08000244   0x08000244   0x00000002   Code   RO         4223    .ARM.Collect$$libshutdown$$00000000  c_w.l(libshutdown.o)
    0x08000246   0x08000246   0x00000000   Code   RO         4249    .ARM.Collect$$libshutdown$$00000002  c_w.l(libshutdown2.o)
    0x08000246   0x08000246   0x00000000   Code   RO         4251    .ARM.Collect$$libshutdown$$00000004  c_w.l(libshutdown2.o)
    0x08000246   0x08000246   0x00000000   Code   RO         4254    .ARM.Collect$$libshutdown$$00000007  c_w.l(libshutdown2.o)
    0x08000246   0x08000246   0x00000000   Code   RO         4257    .ARM.Collect$$libshutdown$$0000000A  c_w.l(libshutdown2.o)
    0x08000246   0x08000246   0x00000000   Code   RO         4259    .ARM.Collect$$libshutdown$$0000000C  c_w.l(libshutdown2.o)
    0x08000246   0x08000246   0x00000000   Code   RO         4262    .ARM.Collect$$libshutdown$$0000000F  c_w.l(libshutdown2.o)
    0x08000246   0x08000246   0x00000002   Code   RO         4263    .ARM.Collect$$libshutdown$$00000010  c_w.l(libshutdown2.o)
    0x08000248   0x08000248   0x00000000   Code   RO         4101    .ARM.Collect$$rtentry$$00000000  c_w.l(__rtentry.o)
    0x08000248   0x08000248   0x00000000   Code   RO         4107    .ARM.Collect$$rtentry$$00000002  c_w.l(__rtentry2.o)
    0x08000248   0x08000248   0x00000006   Code   RO         4119    .ARM.Collect$$rtentry$$00000004  c_w.l(__rtentry4.o)
    0x0800024e   0x0800024e   0x00000000   Code   RO         4109    .ARM.Collect$$rtentry$$00000009  c_w.l(__rtentry2.o)
    0x0800024e   0x0800024e   0x00000004   Code   RO         4110    .ARM.Collect$$rtentry$$0000000A  c_w.l(__rtentry2.o)
    0x08000252   0x08000252   0x00000000   Code   RO         4112    .ARM.Collect$$rtentry$$0000000C  c_w.l(__rtentry2.o)
    0x08000252   0x08000252   0x00000008   Code   RO         4113    .ARM.Collect$$rtentry$$0000000D  c_w.l(__rtentry2.o)
    0x0800025a   0x0800025a   0x00000002   Code   RO         4140    .ARM.Collect$$rtexit$$00000000  c_w.l(rtexit.o)
    0x0800025c   0x0800025c   0x00000000   Code   RO         4196    .ARM.Collect$$rtexit$$00000002  c_w.l(rtexit2.o)
    0x0800025c   0x0800025c   0x00000004   Code   RO         4197    .ARM.Collect$$rtexit$$00000003  c_w.l(rtexit2.o)
    0x08000260   0x08000260   0x00000006   Code   RO         4198    .ARM.Collect$$rtexit$$00000004  c_w.l(rtexit2.o)
    0x08000266   0x08000266   0x00000002   PAD
    0x08000268   0x08000268   0x00000040   Code   RO            4    .text               startup_stm32f407xx.o
    0x080002a8   0x080002a8   0x000000ee   Code   RO         4093    .text               c_w.l(lludivv7m.o)
    0x08000396   0x08000396   0x0000004e   Code   RO         4095    .text               c_w.l(rt_memclr_w.o)
    0x080003e4   0x080003e4   0x00000006   Code   RO         4097    .text               c_w.l(heapauxi.o)
    0x080003ea   0x080003ea   0x0000004a   Code   RO         4123    .text               c_w.l(sys_stackheap_outer.o)
    0x08000434   0x08000434   0x00000012   Code   RO         4125    .text               c_w.l(exit.o)
    0x08000446   0x08000446   0x00000002   PAD
    0x08000448   0x08000448   0x00000008   Code   RO         4137    .text               c_w.l(libspace.o)
    0x08000450   0x08000450   0x0000000c   Code   RO         4193    .text               c_w.l(sys_exit.o)
    0x0800045c   0x0800045c   0x00000002   Code   RO         4212    .text               c_w.l(use_no_semi.o)
    0x0800045e   0x0800045e   0x00000000   Code   RO         4214    .text               c_w.l(indicate_semi.o)
    0x0800045e   0x0800045e   0x00000002   Code   RO          488    i.BusFault_Handler  stm32f4xx_it.o
    0x08000460   0x08000460   0x00000118   Code   RO         3844    i.CAL_MESSAGE       calculate.o
    0x08000578   0x08000578   0x0000000c   Code   RO          489    i.CAN1_RX0_IRQHandler  stm32f4xx_it.o
    0x08000584   0x08000584   0x0000000c   Code   RO          490    i.CAN1_TX_IRQHandler  stm32f4xx_it.o
    0x08000590   0x08000590   0x0000000c   Code   RO          491    i.CAN2_RX0_IRQHandler  stm32f4xx_it.o
    0x0800059c   0x0800059c   0x0000000c   Code   RO          492    i.CAN2_TX_IRQHandler  stm32f4xx_it.o
    0x080005a8   0x080005a8   0x00000016   Code   RO         3845    i.CalculateParity   calculate.o
    0x080005be   0x080005be   0x00000002   PAD
    0x080005c0   0x080005c0   0x00000084   Code   RO         3956    i.Chart1            pid_model.o
    0x08000644   0x08000644   0x0000000c   Code   RO          493    i.DMA1_Stream0_IRQHandler  stm32f4xx_it.o
    0x08000650   0x08000650   0x0000000c   Code   RO          494    i.DMA1_Stream1_IRQHandler  stm32f4xx_it.o
    0x0800065c   0x0800065c   0x0000000c   Code   RO          495    i.DMA1_Stream3_IRQHandler  stm32f4xx_it.o
    0x08000668   0x08000668   0x0000000c   Code   RO          496    i.DMA1_Stream6_IRQHandler  stm32f4xx_it.o
    0x08000674   0x08000674   0x00000028   Code   RO         1353    i.DMA_CalcBaseAndBitshift  stm32f4xx_hal_dma.o
    0x0800069c   0x0800069c   0x00000054   Code   RO         1354    i.DMA_CheckFifoParam  stm32f4xx_hal_dma.o
    0x080006f0   0x080006f0   0x00000028   Code   RO         1355    i.DMA_SetConfig     stm32f4xx_hal_dma.o
    0x08000718   0x08000718   0x00000002   Code   RO          497    i.DebugMon_Handler  stm32f4xx_it.o
    0x0800071a   0x0800071a   0x00000004   Code   RO           13    i.Error_Handler     main.o
    0x0800071e   0x0800071e   0x00000024   Code   RO          661    i.HAL_CAN_ActivateNotification  stm32f4xx_hal_can.o
    0x08000742   0x08000742   0x00000002   PAD
    0x08000744   0x08000744   0x0000010c   Code   RO          663    i.HAL_CAN_ConfigFilter  stm32f4xx_hal_can.o
    0x08000850   0x08000850   0x00000002   Code   RO          666    i.HAL_CAN_ErrorCallback  stm32f4xx_hal_can.o
    0x08000852   0x08000852   0x000000e8   Code   RO          669    i.HAL_CAN_GetRxMessage  stm32f4xx_hal_can.o
    0x0800093a   0x0800093a   0x000001fc   Code   RO          673    i.HAL_CAN_IRQHandler  stm32f4xx_hal_can.o
    0x08000b36   0x08000b36   0x0000011a   Code   RO          674    i.HAL_CAN_Init      stm32f4xx_hal_can.o
    0x08000c50   0x08000c50   0x0000011c   Code   RO          266    i.HAL_CAN_MspInit   can.o
    0x08000d6c   0x08000d6c   0x00000002   Code   RO          681    i.HAL_CAN_RxFifo0FullCallback  stm32f4xx_hal_can.o
    0x08000d6e   0x08000d6e   0x00000002   PAD
    0x08000d70   0x08000d70   0x000000c8   Code   RO         3884    i.HAL_CAN_RxFifo0MsgPendingCallback  bsp_can.o
    0x08000e38   0x08000e38   0x00000002   Code   RO          683    i.HAL_CAN_RxFifo1FullCallback  stm32f4xx_hal_can.o
    0x08000e3a   0x08000e3a   0x00000002   Code   RO          684    i.HAL_CAN_RxFifo1MsgPendingCallback  stm32f4xx_hal_can.o
    0x08000e3c   0x08000e3c   0x00000002   Code   RO          685    i.HAL_CAN_SleepCallback  stm32f4xx_hal_can.o
    0x08000e3e   0x08000e3e   0x00000002   PAD
    0x08000e40   0x08000e40   0x00000058   Code   RO          686    i.HAL_CAN_Start     stm32f4xx_hal_can.o
    0x08000e98   0x08000e98   0x00000002   Code   RO          688    i.HAL_CAN_TxMailbox0AbortCallback  stm32f4xx_hal_can.o
    0x08000e9a   0x08000e9a   0x00000002   Code   RO          689    i.HAL_CAN_TxMailbox0CompleteCallback  stm32f4xx_hal_can.o
    0x08000e9c   0x08000e9c   0x00000002   Code   RO          690    i.HAL_CAN_TxMailbox1AbortCallback  stm32f4xx_hal_can.o
    0x08000e9e   0x08000e9e   0x00000002   Code   RO          691    i.HAL_CAN_TxMailbox1CompleteCallback  stm32f4xx_hal_can.o
    0x08000ea0   0x08000ea0   0x00000002   Code   RO          692    i.HAL_CAN_TxMailbox2AbortCallback  stm32f4xx_hal_can.o
    0x08000ea2   0x08000ea2   0x00000002   Code   RO          693    i.HAL_CAN_TxMailbox2CompleteCallback  stm32f4xx_hal_can.o
    0x08000ea4   0x08000ea4   0x00000002   Code   RO          695    i.HAL_CAN_WakeUpFromRxMsgCallback  stm32f4xx_hal_can.o
    0x08000ea6   0x08000ea6   0x00000092   Code   RO         1356    i.HAL_DMA_Abort     stm32f4xx_hal_dma.o
    0x08000f38   0x08000f38   0x00000024   Code   RO         1357    i.HAL_DMA_Abort_IT  stm32f4xx_hal_dma.o
    0x08000f5c   0x08000f5c   0x00000004   Code   RO         1359    i.HAL_DMA_GetError  stm32f4xx_hal_dma.o
    0x08000f60   0x08000f60   0x00000006   Code   RO         1360    i.HAL_DMA_GetState  stm32f4xx_hal_dma.o
    0x08000f66   0x08000f66   0x00000002   PAD
    0x08000f68   0x08000f68   0x000001a0   Code   RO         1361    i.HAL_DMA_IRQHandler  stm32f4xx_hal_dma.o
    0x08001108   0x08001108   0x000000d4   Code   RO         1362    i.HAL_DMA_Init      stm32f4xx_hal_dma.o
    0x080011dc   0x080011dc   0x0000006e   Code   RO         1366    i.HAL_DMA_Start_IT  stm32f4xx_hal_dma.o
    0x0800124a   0x0800124a   0x00000002   PAD
    0x0800124c   0x0800124c   0x00000024   Code   RO         1775    i.HAL_Delay         stm32f4xx_hal.o
    0x08001270   0x08001270   0x000001f0   Code   RO         1249    i.HAL_GPIO_Init     stm32f4xx_hal_gpio.o
    0x08001460   0x08001460   0x0000000c   Code   RO         1781    i.HAL_GetTick       stm32f4xx_hal.o
    0x0800146c   0x0800146c   0x00000002   Code   RO         2026    i.HAL_I2C_AbortCpltCallback  stm32f4xx_hal_i2c.o
    0x0800146e   0x0800146e   0x00000002   Code   RO         2027    i.HAL_I2C_AddrCallback  stm32f4xx_hal_i2c.o
    0x08001470   0x08001470   0x000000ba   Code   RO         2030    i.HAL_I2C_ER_IRQHandler  stm32f4xx_hal_i2c.o
    0x0800152a   0x0800152a   0x00000230   Code   RO         2031    i.HAL_I2C_EV_IRQHandler  stm32f4xx_hal_i2c.o
    0x0800175a   0x0800175a   0x00000002   Code   RO         2033    i.HAL_I2C_ErrorCallback  stm32f4xx_hal_i2c.o
    0x0800175c   0x0800175c   0x00000004   Code   RO         2034    i.HAL_I2C_GetError  stm32f4xx_hal_i2c.o
    0x08001760   0x08001760   0x00000006   Code   RO         2036    i.HAL_I2C_GetState  stm32f4xx_hal_i2c.o
    0x08001766   0x08001766   0x00000002   PAD
    0x08001768   0x08001768   0x00000188   Code   RO         2037    i.HAL_I2C_Init      stm32f4xx_hal_i2c.o
    0x080018f0   0x080018f0   0x00000002   Code   RO         2039    i.HAL_I2C_ListenCpltCallback  stm32f4xx_hal_i2c.o
    0x080018f2   0x080018f2   0x00000002   Code   RO         2040    i.HAL_I2C_MasterRxCpltCallback  stm32f4xx_hal_i2c.o
    0x080018f4   0x080018f4   0x00000002   Code   RO         2041    i.HAL_I2C_MasterTxCpltCallback  stm32f4xx_hal_i2c.o
    0x080018f6   0x080018f6   0x00000002   PAD
    0x080018f8   0x080018f8   0x00000160   Code   RO         2051    i.HAL_I2C_Master_Transmit_DMA  stm32f4xx_hal_i2c.o
    0x08001a58   0x08001a58   0x00000002   Code   RO         2053    i.HAL_I2C_MemRxCpltCallback  stm32f4xx_hal_i2c.o
    0x08001a5a   0x08001a5a   0x00000002   Code   RO         2054    i.HAL_I2C_MemTxCpltCallback  stm32f4xx_hal_i2c.o
    0x08001a5c   0x08001a5c   0x000000f4   Code   RO          339    i.HAL_I2C_MspInit   i2c.o
    0x08001b50   0x08001b50   0x00000002   Code   RO         2063    i.HAL_I2C_SlaveRxCpltCallback  stm32f4xx_hal_i2c.o
    0x08001b52   0x08001b52   0x00000002   Code   RO         2064    i.HAL_I2C_SlaveTxCpltCallback  stm32f4xx_hal_i2c.o
    0x08001b54   0x08001b54   0x00000010   Code   RO         1787    i.HAL_IncTick       stm32f4xx_hal.o
    0x08001b64   0x08001b64   0x00000034   Code   RO         1788    i.HAL_Init          stm32f4xx_hal.o
    0x08001b98   0x08001b98   0x00000040   Code   RO         1789    i.HAL_InitTick      stm32f4xx_hal.o
    0x08001bd8   0x08001bd8   0x00000030   Code   RO          636    i.HAL_MspInit       stm32f4xx_hal_msp.o
    0x08001c08   0x08001c08   0x0000001a   Code   RO         1638    i.HAL_NVIC_EnableIRQ  stm32f4xx_hal_cortex.o
    0x08001c22   0x08001c22   0x00000002   PAD
    0x08001c24   0x08001c24   0x00000040   Code   RO         1644    i.HAL_NVIC_SetPriority  stm32f4xx_hal_cortex.o
    0x08001c64   0x08001c64   0x00000024   Code   RO         1645    i.HAL_NVIC_SetPriorityGrouping  stm32f4xx_hal_cortex.o
    0x08001c88   0x08001c88   0x00000134   Code   RO          895    i.HAL_RCC_ClockConfig  stm32f4xx_hal_rcc.o
    0x08001dbc   0x08001dbc   0x00000020   Code   RO          902    i.HAL_RCC_GetPCLK1Freq  stm32f4xx_hal_rcc.o
    0x08001ddc   0x08001ddc   0x00000020   Code   RO          903    i.HAL_RCC_GetPCLK2Freq  stm32f4xx_hal_rcc.o
    0x08001dfc   0x08001dfc   0x00000064   Code   RO          904    i.HAL_RCC_GetSysClockFreq  stm32f4xx_hal_rcc.o
    0x08001e60   0x08001e60   0x0000036c   Code   RO          907    i.HAL_RCC_OscConfig  stm32f4xx_hal_rcc.o
    0x080021cc   0x080021cc   0x00000028   Code   RO         1649    i.HAL_SYSTICK_Config  stm32f4xx_hal_cortex.o
    0x080021f4   0x080021f4   0x00000002   Code   RO         3182    i.HAL_TIMEx_BreakCallback  stm32f4xx_hal_tim_ex.o
    0x080021f6   0x080021f6   0x00000002   Code   RO         3183    i.HAL_TIMEx_CommutCallback  stm32f4xx_hal_tim_ex.o
    0x080021f8   0x080021f8   0x00000090   Code   RO         3201    i.HAL_TIMEx_MasterConfigSynchronization  stm32f4xx_hal_tim_ex.o
    0x08002288   0x08002288   0x0000005a   Code   RO         2478    i.HAL_TIM_Base_Init  stm32f4xx_hal_tim.o
    0x080022e2   0x080022e2   0x00000002   PAD
    0x080022e4   0x080022e4   0x0000003c   Code   RO          381    i.HAL_TIM_Base_MspInit  tim.o
    0x08002320   0x08002320   0x00000080   Code   RO         2483    i.HAL_TIM_Base_Start_IT  stm32f4xx_hal_tim.o
    0x080023a0   0x080023a0   0x00000002   Code   RO         2512    i.HAL_TIM_IC_CaptureCallback  stm32f4xx_hal_tim.o
    0x080023a2   0x080023a2   0x00000166   Code   RO         2526    i.HAL_TIM_IRQHandler  stm32f4xx_hal_tim.o
    0x08002508   0x08002508   0x00000050   Code   RO          382    i.HAL_TIM_MspPostInit  tim.o
    0x08002558   0x08002558   0x00000002   Code   RO         2529    i.HAL_TIM_OC_DelayElapsedCallback  stm32f4xx_hal_tim.o
    0x0800255a   0x0800255a   0x000000cc   Code   RO         2550    i.HAL_TIM_PWM_ConfigChannel  stm32f4xx_hal_tim.o
    0x08002626   0x08002626   0x0000005a   Code   RO         2553    i.HAL_TIM_PWM_Init  stm32f4xx_hal_tim.o
    0x08002680   0x08002680   0x00000028   Code   RO          384    i.HAL_TIM_PWM_MspInit  tim.o
    0x080026a8   0x080026a8   0x00000002   Code   RO         2556    i.HAL_TIM_PWM_PulseFinishedCallback  stm32f4xx_hal_tim.o
    0x080026aa   0x080026aa   0x00000002   PAD
    0x080026ac   0x080026ac   0x000000c8   Code   RO         2558    i.HAL_TIM_PWM_Start  stm32f4xx_hal_tim.o
    0x08002774   0x08002774   0x0000014c   Code   RO           14    i.HAL_TIM_PeriodElapsedCallback  main.o
    0x080028c0   0x080028c0   0x00000002   Code   RO         2569    i.HAL_TIM_TriggerCallback  stm32f4xx_hal_tim.o
    0x080028c2   0x080028c2   0x00000002   Code   RO         3460    i.HAL_UARTEx_RxEventCallback  stm32f4xx_hal_uart.o
    0x080028c4   0x080028c4   0x0000002c   Code   RO           15    i.HAL_UART_ErrorCallback  main.o
    0x080028f0   0x080028f0   0x00000268   Code   RO         3477    i.HAL_UART_IRQHandler  stm32f4xx_hal_uart.o
    0x08002b58   0x08002b58   0x00000062   Code   RO         3478    i.HAL_UART_Init     stm32f4xx_hal_uart.o
    0x08002bba   0x08002bba   0x00000002   PAD
    0x08002bbc   0x08002bbc   0x000000e8   Code   RO          447    i.HAL_UART_MspInit  usart.o
    0x08002ca4   0x08002ca4   0x0000002a   Code   RO         3482    i.HAL_UART_Receive_DMA  stm32f4xx_hal_uart.o
    0x08002cce   0x08002cce   0x00000002   PAD
    0x08002cd0   0x08002cd0   0x00000068   Code   RO           16    i.HAL_UART_RxCpltCallback  main.o
    0x08002d38   0x08002d38   0x00000002   Code   RO         3485    i.HAL_UART_RxHalfCpltCallback  stm32f4xx_hal_uart.o
    0x08002d3a   0x08002d3a   0x00000002   Code   RO         3489    i.HAL_UART_TxCpltCallback  stm32f4xx_hal_uart.o
    0x08002d3c   0x08002d3c   0x00000002   Code   RO          498    i.HardFault_Handler  stm32f4xx_it.o
    0x08002d3e   0x08002d3e   0x00000002   PAD
    0x08002d40   0x08002d40   0x0000000c   Code   RO          499    i.I2C1_ER_IRQHandler  stm32f4xx_it.o
    0x08002d4c   0x08002d4c   0x0000000c   Code   RO          500    i.I2C1_EV_IRQHandler  stm32f4xx_it.o
    0x08002d58   0x08002d58   0x000000bc   Code   RO         2075    i.I2C_DMAAbort      stm32f4xx_hal_i2c.o
    0x08002e14   0x08002e14   0x00000040   Code   RO         2076    i.I2C_DMAError      stm32f4xx_hal_i2c.o
    0x08002e54   0x08002e54   0x0000010a   Code   RO         2077    i.I2C_DMAXferCplt   stm32f4xx_hal_i2c.o
    0x08002f5e   0x08002f5e   0x00000002   PAD
    0x08002f60   0x08002f60   0x00000158   Code   RO         2078    i.I2C_ITError       stm32f4xx_hal_i2c.o
    0x080030b8   0x080030b8   0x000000d2   Code   RO         2080    i.I2C_MasterReceive_BTF  stm32f4xx_hal_i2c.o
    0x0800318a   0x0800318a   0x00000002   PAD
    0x0800318c   0x0800318c   0x000000e8   Code   RO         2081    i.I2C_MasterReceive_RXNE  stm32f4xx_hal_i2c.o
    0x08003274   0x08003274   0x00000082   Code   RO         2084    i.I2C_MasterTransmit_BTF  stm32f4xx_hal_i2c.o
    0x080032f6   0x080032f6   0x00000002   PAD
    0x080032f8   0x080032f8   0x000000b6   Code   RO         2085    i.I2C_MasterTransmit_TXE  stm32f4xx_hal_i2c.o
    0x080033ae   0x080033ae   0x00000002   PAD
    0x080033b0   0x080033b0   0x00000118   Code   RO         2086    i.I2C_Master_ADDR   stm32f4xx_hal_i2c.o
    0x080034c8   0x080034c8   0x0000008c   Code   RO         2087    i.I2C_Master_SB     stm32f4xx_hal_i2c.o
    0x08003554   0x08003554   0x000000a0   Code   RO         2088    i.I2C_MemoryTransmit_TXE_BTF  stm32f4xx_hal_i2c.o
    0x080035f4   0x080035f4   0x00000046   Code   RO         2091    i.I2C_Slave_ADDR    stm32f4xx_hal_i2c.o
    0x0800363a   0x0800363a   0x00000002   PAD
    0x0800363c   0x0800363c   0x00000084   Code   RO         2092    i.I2C_Slave_AF      stm32f4xx_hal_i2c.o
    0x080036c0   0x080036c0   0x0000015c   Code   RO         2093    i.I2C_Slave_STOPF   stm32f4xx_hal_i2c.o
    0x0800381c   0x0800381c   0x00000044   Code   RO          267    i.MX_CAN1_Init      can.o
    0x08003860   0x08003860   0x00000044   Code   RO          268    i.MX_CAN2_Init      can.o
    0x080038a4   0x080038a4   0x0000005c   Code   RO          314    i.MX_DMA_Init       dma.o
    0x08003900   0x08003900   0x0000004c   Code   RO          241    i.MX_GPIO_Init      gpio.o
    0x0800394c   0x0800394c   0x00000044   Code   RO          340    i.MX_I2C1_Init      i2c.o
    0x08003990   0x08003990   0x00000034   Code   RO          385    i.MX_TIM10_Init     tim.o
    0x080039c4   0x080039c4   0x00000074   Code   RO          386    i.MX_TIM3_Init      tim.o
    0x08003a38   0x08003a38   0x00000038   Code   RO          448    i.MX_USART3_UART_Init  usart.o
    0x08003a70   0x08003a70   0x00000002   Code   RO          501    i.MemManage_Handler  stm32f4xx_it.o
    0x08003a72   0x08003a72   0x00000002   Code   RO          502    i.NMI_Handler       stm32f4xx_it.o
    0x08003a74   0x08003a74   0x00000048   Code   RO         3957    i.PID_MODEL_initialize  pid_model.o
    0x08003abc   0x08003abc   0x00001800   Code   RO         3958    i.PID_MODEL_step    pid_model.o
    0x080052bc   0x080052bc   0x00000002   Code   RO          503    i.PendSV_Handler    stm32f4xx_it.o
    0x080052be   0x080052be   0x00000002   Code   RO          504    i.SVC_Handler       stm32f4xx_it.o
    0x080052c0   0x080052c0   0x00000004   Code   RO          505    i.SysTick_Handler   stm32f4xx_it.o
    0x080052c4   0x080052c4   0x00000094   Code   RO           17    i.SystemClock_Config  main.o
    0x08005358   0x08005358   0x00000010   Code   RO         3807    i.SystemInit        system_stm32f4xx.o
    0x08005368   0x08005368   0x0000000c   Code   RO          506    i.TIM1_UP_TIM10_IRQHandler  stm32f4xx_it.o
    0x08005374   0x08005374   0x000000c8   Code   RO         2571    i.TIM_Base_SetConfig  stm32f4xx_hal_tim.o
    0x0800543c   0x0800543c   0x0000001a   Code   RO         2572    i.TIM_CCxChannelCmd  stm32f4xx_hal_tim.o
    0x08005456   0x08005456   0x00000002   PAD
    0x08005458   0x08005458   0x00000060   Code   RO         2584    i.TIM_OC1_SetConfig  stm32f4xx_hal_tim.o
    0x080054b8   0x080054b8   0x0000006c   Code   RO         2585    i.TIM_OC2_SetConfig  stm32f4xx_hal_tim.o
    0x08005524   0x08005524   0x00000068   Code   RO         2586    i.TIM_OC3_SetConfig  stm32f4xx_hal_tim.o
    0x0800558c   0x0800558c   0x00000050   Code   RO         2587    i.TIM_OC4_SetConfig  stm32f4xx_hal_tim.o
    0x080055dc   0x080055dc   0x00000010   Code   RO         3491    i.UART_DMAAbortOnError  stm32f4xx_hal_uart.o
    0x080055ec   0x080055ec   0x0000004a   Code   RO         3492    i.UART_DMAError     stm32f4xx_hal_uart.o
    0x08005636   0x08005636   0x00000082   Code   RO         3493    i.UART_DMAReceiveCplt  stm32f4xx_hal_uart.o
    0x080056b8   0x080056b8   0x0000001a   Code   RO         3495    i.UART_DMARxHalfCplt  stm32f4xx_hal_uart.o
    0x080056d2   0x080056d2   0x0000004e   Code   RO         3501    i.UART_EndRxTransfer  stm32f4xx_hal_uart.o
    0x08005720   0x08005720   0x0000001c   Code   RO         3502    i.UART_EndTxTransfer  stm32f4xx_hal_uart.o
    0x0800573c   0x0800573c   0x000000c0   Code   RO         3503    i.UART_Receive_IT   stm32f4xx_hal_uart.o
    0x080057fc   0x080057fc   0x0000010c   Code   RO         3504    i.UART_SetConfig    stm32f4xx_hal_uart.o
    0x08005908   0x08005908   0x00000094   Code   RO         3505    i.UART_Start_Receive_DMA  stm32f4xx_hal_uart.o
    0x0800599c   0x0800599c   0x0000000c   Code   RO          507    i.USART3_IRQHandler  stm32f4xx_it.o
    0x080059a8   0x080059a8   0x00000002   Code   RO          508    i.UsageFault_Handler  stm32f4xx_it.o
    0x080059aa   0x080059aa   0x00000020   Code   RO         1651    i.__NVIC_SetPriority  stm32f4xx_hal_cortex.o
    0x080059ca   0x080059ca   0x00000002   PAD
    0x080059cc   0x080059cc   0x00000054   Code   RO         3885    i.can_filter_init   bsp_can.o
    0x08005a20   0x08005a20   0x00000026   Code   RO         3886    i.circle_cc         bsp_can.o
    0x08005a46   0x08005a46   0x00000002   PAD
    0x08005a48   0x08005a48   0x0000016c   Code   RO           18    i.main              main.o
    0x08005bb4   0x08005bb4   0x0000002c   Code   RO         3890    i.motor_state_update_can2  bsp_can.o
    0x08005be0   0x08005be0   0x0000000a   Code   RO         4208    x$fpl$fpinit        fz_wm.l(fpinit.o)
    0x08005bea   0x08005bea   0x00000008   Data   RO         1368    .constdata          stm32f4xx_hal_dma.o
    0x08005bf2   0x08005bf2   0x00000010   Data   RO         3808    .constdata          system_stm32f4xx.o
    0x08005c02   0x08005c02   0x00000008   Data   RO         3809    .constdata          system_stm32f4xx.o
    0x08005c0a   0x08005c0a   0x00000002   PAD
    0x08005c0c   0x08005c0c   0x00000020   Data   RO         4264    Region$$Table       anon$$obj.o


    Execution Region RW_IRAM1 (Exec base: 0x20000000, Load base: 0x08005c2c, Size: 0x000011c0, Max: 0x0001c000, ABSOLUTE, COMPRESSED[0x0000001c])

    Exec Addr    Load Addr    Size         Type   Attr      Idx    E Section Name        Object

    0x20000000   COMPRESSED   0x00000003   Data   RW           24    .data               main.o
    0x20000003   COMPRESSED   0x00000001   PAD
    0x20000004   COMPRESSED   0x00000002   Data   RW           27    .data               main.o
    0x20000006   COMPRESSED   0x00000002   Data   RW           28    .data               main.o
    0x20000008   COMPRESSED   0x00000002   Data   RW           29    .data               main.o
    0x2000000a   COMPRESSED   0x00000002   Data   RW           30    .data               main.o
    0x2000000c   COMPRESSED   0x00000002   Data   RW           31    .data               main.o
    0x2000000e   COMPRESSED   0x00000002   Data   RW           32    .data               main.o
    0x20000010   COMPRESSED   0x00000001   Data   RW           33    .data               main.o
    0x20000011   COMPRESSED   0x00000001   Data   RW           34    .data               main.o
    0x20000012   COMPRESSED   0x00000001   Data   RW           35    .data               main.o
    0x20000013   COMPRESSED   0x00000001   PAD
    0x20000014   COMPRESSED   0x00000004   Data   RW          270    .data               can.o
    0x20000018   COMPRESSED   0x0000000c   Data   RW         1795    .data               stm32f4xx_hal.o
    0x20000024   COMPRESSED   0x00000004   Data   RW         3810    .data               system_stm32f4xx.o
    0x20000028   COMPRESSED   0x00000022   Data   RW         3892    .data               bsp_can.o
    0x2000004a   COMPRESSED   0x00000002   PAD
    0x2000004c   COMPRESSED   0x00000268   Data   RW         3991    .data               pid_model_data.o
    0x200002b4        -       0x00000072   Zero   RW           19    .bss                main.o
    0x20000326   COMPRESSED   0x00000002   PAD
    0x20000328        -       0x00000050   Zero   RW          269    .bss                can.o
    0x20000378        -       0x00000114   Zero   RW          341    .bss                i2c.o
    0x2000048c        -       0x00000090   Zero   RW          387    .bss                tim.o
    0x2000051c        -       0x00000104   Zero   RW          449    .bss                usart.o
    0x20000620        -       0x000001a0   Zero   RW         3891    .bss                bsp_can.o
    0x200007c0        -       0x0000039c   Zero   RW         3959    .bss                pid_model.o
    0x20000b5c        -       0x00000060   Zero   RW         4138    .bss                c_w.l(libspace.o)
    0x20000bbc   COMPRESSED   0x00000004   PAD
    0x20000bc0        -       0x00000200   Zero   RW            2    HEAP                startup_stm32f407xx.o
    0x20000dc0        -       0x00000400   Zero   RW            1    STACK               startup_stm32f407xx.o


    Execution Region RW_IRAM2 (Exec base: 0x2001c000, Load base: 0x08005c48, Size: 0x00000000, Max: 0x00004000, ABSOLUTE)

    **** No section assigned to this execution region ****


==============================================================================

Image component sizes


      Code (inc. data)   RO Data    RW Data    ZI Data      Debug   Object Name

       366         34          0         34        416       5380   bsp_can.o
       302         52          0          0          0       1936   calculate.o
       420         42          0          4         80       2670   can.o
        92          4          0          0          0        866   dma.o
        76          6          0          0          0        939   gpio.o
       312         34          0          0        276       2011   i2c.o
       996        166          0         18        114     716632   main.o
      6348         84          0          0        924      18937   pid_model.o
         0          0          0        616          0      10913   pid_model_data.o
        64         26        392          0       1536        876   startup_stm32f407xx.o
       180         28          0         12          0       9677   stm32f4xx_hal.o
      1438          6          0          0          0      13776   stm32f4xx_hal_can.o
       198         14          0          0          0      34151   stm32f4xx_hal_cortex.o
      1094         16          8          0          0       8896   stm32f4xx_hal_dma.o
       496         46          0          0          0       1604   stm32f4xx_hal_gpio.o
      4266         70          0          0          0      27789   stm32f4xx_hal_i2c.o
        48          6          0          0          0        922   stm32f4xx_hal_msp.o
      1348         76          0          0          0       5444   stm32f4xx_hal_rcc.o
      1692        136          0          0          0      13592   stm32f4xx_hal_tim.o
       148         28          0          0          0       2593   stm32f4xx_hal_tim_ex.o
      1722         30          0          0          0      12507   stm32f4xx_hal_uart.o
       164         72          0          0          0      10581   stm32f4xx_it.o
        16          4         24          4          0       1231   system_stm32f4xx.o
       348         50          0          0        144       3697   tim.o
       288         30          0          0        260       2040   usart.o

    ----------------------------------------------------------------------
     22466       1060        458        692       3752     909660   Object Totals
         0          0         32          0          0          0   (incl. Generated)
        44          0          2          4          2          0   (incl. Padding)

    ----------------------------------------------------------------------

      Code (inc. data)   RO Data    RW Data    ZI Data      Debug   Library Member Name

        90          0          0          0          0          0   __dczerorl2.o
         8          0          0          0          0         68   __main.o
         0          0          0          0          0          0   __rtentry.o
        12          0          0          0          0          0   __rtentry2.o
         6          0          0          0          0          0   __rtentry4.o
        52          8          0          0          0          0   __scatter.o
        28          0          0          0          0          0   __scatter_zi.o
        18          0          0          0          0         80   exit.o
         6          0          0          0          0        152   heapauxi.o
         0          0          0          0          0          0   indicate_semi.o
         2          0          0          0          0          0   libinit.o
         6          0          0          0          0          0   libinit2.o
         2          0          0          0          0          0   libshutdown.o
         2          0          0          0          0          0   libshutdown2.o
         8          4          0          0         96         68   libspace.o
       238          0          0          0          0        100   lludivv7m.o
        78          0          0          0          0         80   rt_memclr_w.o
         2          0          0          0          0          0   rtexit.o
        10          0          0          0          0          0   rtexit2.o
        12          4          0          0          0         68   sys_exit.o
        74          0          0          0          0         80   sys_stackheap_outer.o
         2          0          0          0          0         68   use_no_semi.o
        10          0          0          0          0        116   fpinit.o

    ----------------------------------------------------------------------
       672         16          0          0        100        880   Library Totals
         6          0          0          0          4          0   (incl. Padding)

    ----------------------------------------------------------------------

      Code (inc. data)   RO Data    RW Data    ZI Data      Debug   Library Name

       656         16          0          0         96        764   c_w.l
        10          0          0          0          0        116   fz_wm.l

    ----------------------------------------------------------------------
       672         16          0          0        100        880   Library Totals

    ----------------------------------------------------------------------

==============================================================================


      Code (inc. data)   RO Data    RW Data    ZI Data      Debug   

     23138       1076        458        692       3852     895180   Grand Totals
     23138       1076        458         28       3852     895180   ELF Image Totals (compressed)
     23138       1076        458         28          0          0   ROM Totals

==============================================================================

    Total RO  Size (Code + RO Data)                23596 (  23.04kB)
    Total RW  Size (RW Data + ZI Data)              4544 (   4.44kB)
    Total ROM Size (Code + RO Data + RW Data)      23624 (  23.07kB)

==============================================================================

